******************************************************************************
            TI ARM Clang Linker PC v4.0.4                      
******************************************************************************
>> Linked Fri Aug 28 20:58:42 2026

OUTPUT FILE NAME:   <empty_LP_MSPM0G3507_nortos_ticlang.out>
ENTRY POINT SYMBOL: "_c_int00_noargs"  address: 00001011


MEMORY CONFIGURATION

         name            origin    length      used     unused   attr    fill
----------------------  --------  ---------  --------  --------  ----  --------
  FLASH                 00000000   00020000  00001a40  0001e5c0  R  X
  SRAM                  20200000   00008000  000002ce  00007d32  RW X
  BCR_CONFIG            41c00000   000000ff  00000000  000000ff  R   
  BSL_CONFIG            41c00100   00000080  00000000  00000080  R   


SEGMENT ALLOCATION MAP

run origin  load origin   length   init length attrs members
----------  ----------- ---------- ----------- ----- -------
00000000    00000000    00001a40   00001a40    r-x
  00000000    00000000    000000c0   000000c0    r-- .intvecs
  000000c0    000000c0    00001110   00001110    r-x .text
  000011d0    000011d0    00000840   00000840    r-- .rodata
  00001a10    00001a10    00000030   00000030    r-- .cinit
20200000    20200000    000000d1   00000000    rw-
  20200000    20200000    000000c5   00000000    rw- .bss
  202000c8    202000c8    00000009   00000000    rw- .data
20207e00    20207e00    00000200   00000000    rw-
  20207e00    20207e00    00000200   00000000    rw- .stack


SECTION ALLOCATION MAP

 output                                  attributes/
section   page    origin      length       input sections
--------  ----  ----------  ----------   ----------------
.intvecs   0    00000000    000000c0     
                  00000000    000000c0     startup_mspm0g350x_ticlang.o (.intvecs)

.text      0    000000c0    00001110     
                  000000c0    000002c0     oled_hardware_i2c.o (.text.OLED_Init)
                  00000380    0000014a     oled_hardware_i2c.o (.text.OLED_ShowSignedNum)
                  000004ca    00000002     startup_mspm0g350x_ticlang.o (.text.Default_Handler)
                  000004cc    00000134     oled_hardware_i2c.o (.text.OLED_WR_Byte)
                  00000600    00000104     driverlib.a : dl_timer.o (.text.DL_Timer_initFourCCPWMMode)
                  00000704    000000e4     ti_msp_dl_config.o (.text.SYSCFG_DL_GPIO_init)
                  000007e8    000000dc     oled_hardware_i2c.o (.text.OLED_ShowChar)
                  000008c4    0000009a     libc.a : memcpy16.S.obj (.text:memcpy)
                  0000095e    00000002     libclang_rt.builtins.a : aeabi_div0.c.obj (.text.__aeabi_idiv0)
                  00000960    0000008c     ti_msp_dl_config.o (.text.SYSCFG_DL_PWM_0_init)
                  000009ec    00000084     main.o (.text.main)
                  00000a70    0000007c     libc.a : copy_decompress_lzss.c.obj (.text:decompress:lzss)
                  00000aec    0000007a     oled_hardware_i2c.o (.text.OLED_ShowString)
                  00000b66    00000002     --HOLE-- [fill = 0]
                  00000b68    00000070     interrupt.o (.text.GROUP1_IRQHandler)
                  00000bd8    00000070     ti_msp_dl_config.o (.text.SYSCFG_DL_UART_0_init)
                  00000c48    00000062     libc.a : memset16.S.obj (.text:memset)
                  00000caa    0000005e     driverlib.a : dl_i2c.o (.text.DL_I2C_fillControllerTXFIFO)
                  00000d08    00000054     ti_msp_dl_config.o (.text.SYSCFG_DL_I2C_MPU6050_init)
                  00000d5c    00000054     ti_msp_dl_config.o (.text.SYSCFG_DL_I2C_OLED_init)
                  00000db0    00000054     ti_msp_dl_config.o (.text.SYSCFG_DL_SYSCTL_init)
                  00000e04    00000054     ti_msp_dl_config.o (.text.SYSCFG_DL_initPower)
                  00000e58    00000048     driverlib.a : dl_uart.o (.text.DL_UART_init)
                  00000ea0    00000040     libclang_rt.builtins.a : aeabi_uidivmod.S.obj (.text.__aeabi_uidivmod)
                  00000ee0    0000003c     libc.a : autoinit.c.obj (.text:__TI_auto_init_nobinit_nopinit)
                  00000f1c    00000038     clock.o (.text.SysTick_Init)
                  00000f54    00000034     clock.o (.text.mspm0_delay_ms)
                  00000f88    00000030     Encoder.o (.text.Encoder_L_Update)
                  00000fb8    0000002c     Encoder.o (.text.Encoder_R_Update)
                  00000fe4    0000002c     ti_msp_dl_config.o (.text.SYSCFG_DL_init)
                  00001010    00000028     libc.a : boot_cortex_m.c.obj (.text:_c_int00_noargs)
                  00001038    00000026     driverlib.a : dl_i2c.o (.text.DL_I2C_setClockConfig)
                  0000105e    00000002     --HOLE-- [fill = 0]
                  00001060    00000024     main.o (.text.UART0_IRQHandler)
                  00001084    00000020     Encoder.o (.text.Encoder_Init)
                  000010a4    0000001c     driverlib.a : dl_timer.o (.text.DL_Timer_setCaptCompUpdateMethod)
                  000010c0    0000001c                 : dl_timer.o (.text.DL_Timer_setClockConfig)
                  000010dc    00000018                 : dl_timer.o (.text.DL_Timer_setCaptureCompareOutCtl)
                  000010f4    00000018     interrupt.o (.text.Interrupt_Init)
                  0000110c    00000018     clock.o (.text.mspm0_get_clock_ms)
                  00001124    00000016     libc.a : copy_zero_init.c.obj (.text:decompress:ZI:__TI_zero_init_nomemset)
                  0000113a    00000012     driverlib.a : dl_uart.o (.text.DL_UART_setClockConfig)
                  0000114c    00000012     libc.a : copy_decompress_none.c.obj (.text:decompress:none)
                  0000115e    00000002     --HOLE-- [fill = 0]
                  00001160    00000010     driverlib.a : dl_timer.o (.text.DL_Timer_setCaptureCompareValue)
                  00001170    00000010     interrupt.o (.text.SysTick_Handler)
                  00001180    0000000e     libclang_rt.builtins.a : aeabi_memset.S.obj (.text.__aeabi_memset)
                  0000118e    00000002     --HOLE-- [fill = 0]
                  00001190    0000000c     Encoder.o (.text.Encoder_Read_L)
                  0000119c    0000000c     Encoder.o (.text.Encoder_Read_R)
                  000011a8    0000000a     driverlib.a : dl_common.o (.text.DL_Common_delayCycles)
                  000011b2    00000002     --HOLE-- [fill = 0]
                  000011b4    00000008     libclang_rt.builtins.a : aeabi_memcpy.S.obj (.text.__aeabi_memcpy)
                  000011bc    00000006     libc.a : exit.c.obj (.text:abort)
                  000011c2    00000004     libsysbm.a : hostexit.c.obj (.text.HOSTexit)
                  000011c6    00000004     startup_mspm0g350x_ticlang.o (.text.Reset_Handler)
                  000011ca    00000004     libc.a : pre_init.c.obj (.text._system_pre_init)
                  000011ce    00000002     --HOLE-- [fill = 0]

.cinit     0    00001a10    00000030     
                  00001a10    0000000c     (__TI_handler_table)
                  00001a1c    00000008     (.cinit..bss.load) [load image, compression = zero_init]
                  00001a24    00000007     (.cinit..data.load) [load image, compression = lzss]
                  00001a2b    00000001     --HOLE-- [fill = 0]
                  00001a2c    00000010     (__TI_cinit_table)
                  00001a3c    00000004     --HOLE-- [fill = 0]

.rodata    0    000011d0    00000840     
                  000011d0    000005f0     oled_hardware_i2c.o (.rodata.asc2_1608)
                  000017c0    00000228     oled_hardware_i2c.o (.rodata.asc2_0806)
                  000019e8    0000000a     ti_msp_dl_config.o (.rodata.gUART_0Config)
                  000019f2    00000002     ti_msp_dl_config.o (.rodata.gI2C_MPU6050ClockConfig)
                  000019f4    00000008     ti_msp_dl_config.o (.rodata.gPWM_0Config)
                  000019fc    00000003     ti_msp_dl_config.o (.rodata.gPWM_0ClockConfig)
                  000019ff    00000003     main.o (.rodata.str1.15159059442110792349.1)
                  00001a02    00000003     main.o (.rodata.str1.8154729771448623357.1)
                  00001a05    00000002     ti_msp_dl_config.o (.rodata.gI2C_OLEDClockConfig)
                  00001a07    00000002     ti_msp_dl_config.o (.rodata.gUART_0ClockConfig)
                  00001a09    00000007     --HOLE-- [fill = 0]

.init_array 
*          0    00000000    00000000     UNINITIALIZED

.binit     0    00000000    00000000     

.bss       0    20200000    000000c5     UNINITIALIZED
                  20200000    000000bc     (.common:gPWM_0Backup)
                  202000bc    00000004     (.common:start_time)
                  202000c0    00000004     (.common:tick_ms)
                  202000c4    00000001     (.common:gEchoData)

.data      0    202000c8    00000009     UNINITIALIZED
                  202000c8    00000004     Encoder.o (.data.Encoder_L_Count)
                  202000cc    00000004     Encoder.o (.data.Encoder_R_Count)
                  202000d0    00000001     interrupt.o (.data.enable_group1_irq)

.stack     0    20207e00    00000200     UNINITIALIZED
                  20207e00    00000004     libc.a : boot_cortex_m.c.obj (.stack)
                  20207e04    000001fc     --HOLE--

__llvm_prf_cnts 
*          0    20200000    00000000     UNINITIALIZED

__llvm_prf_bits 
*          0    20200000    00000000     UNINITIALIZED

MODULE SUMMARY

       Module                         code   ro data   rw data
       ------                         ----   -------   -------
    .\
       ti_msp_dl_config.o             860    27        188    
       startup_mspm0g350x_ticlang.o   6      192       0      
       main.o                         168    6         1      
    +--+------------------------------+------+---------+---------+
       Total:                         1034   225       189    
                                                              
    .\Drivers\MSPM0\
       interrupt.o                    152    0         1      
       clock.o                        132    0         8      
    +--+------------------------------+------+---------+---------+
       Total:                         284    0         9      
                                                              
    .\Drivers\OLED_Hardware_I2C\
       oled_hardware_i2c.o            1684   2072      0      
    +--+------------------------------+------+---------+---------+
       Total:                         1684   2072      0      
                                                              
    .\USER\
       Encoder.o                      148    0         8      
    +--+------------------------------+------+---------+---------+
       Total:                         148    0         8      
                                                              
    C:/ti/mspm0_sdk_2_05_01_00/source/ti/driverlib/lib/ticlang/m0p/mspm0g1x0x_g3x0x/driverlib.a
       dl_timer.o                     356    0         0      
       dl_i2c.o                       132    0         0      
       dl_uart.o                      90     0         0      
       dl_common.o                    10     0         0      
    +--+------------------------------+------+---------+---------+
       Total:                         588    0         0      
                                                              
    C:\ti\ccs2020\ccs\tools\compiler\ti-cgt-armllvm_4.0.4.LTS\lib\armv6m-ti-none-eabi/c/libc.a
       memcpy16.S.obj                 154    0         0      
       copy_decompress_lzss.c.obj     124    0         0      
       memset16.S.obj                 98     0         0      
       autoinit.c.obj                 60     0         0      
       boot_cortex_m.c.obj            40     0         0      
       copy_zero_init.c.obj           22     0         0      
       copy_decompress_none.c.obj     18     0         0      
       exit.c.obj                     6      0         0      
       pre_init.c.obj                 4      0         0      
    +--+------------------------------+------+---------+---------+
       Total:                         526    0         0      
                                                              
    C:\ti\ccs2020\ccs\tools\compiler\ti-cgt-armllvm_4.0.4.LTS\lib\armv6m-ti-none-eabi/c/libsysbm.a
       hostexit.c.obj                 4      0         0      
    +--+------------------------------+------+---------+---------+
       Total:                         4      0         0      
                                                              
    C:\ti\ccs2020\ccs\tools\compiler\ti-cgt-armllvm_4.0.4.LTS\lib\armv6m-ti-none-eabi/libclang_rt.builtins.a
       aeabi_uidivmod.S.obj           64     0         0      
       aeabi_memset.S.obj             14     0         0      
       aeabi_memcpy.S.obj             8      0         0      
       aeabi_div0.c.obj               2      0         0      
    +--+------------------------------+------+---------+---------+
       Total:                         88     0         0      
                                                              
       Stack:                         0      0         512    
       Linker Generated:              0      43        0      
    +--+------------------------------+------+---------+---------+
       Grand Total:                   4356   2340      718    


LINKER GENERATED COPY TABLES

__TI_cinit_table @ 00001a2c records: 2, size/record: 8, table size: 16
	.bss: load addr=00001a1c, load size=00000008 bytes, run addr=20200000, run size=000000c5 bytes, compression=zero_init
	.data: load addr=00001a24, load size=00000007 bytes, run addr=202000c8, run size=00000009 bytes, compression=lzss


LINKER GENERATED HANDLER TABLE

__TI_handler_table @ 00001a10 records: 3, size/record: 4, table size: 12
	index: 0, handler: __TI_decompress_lzss
	index: 1, handler: __TI_decompress_none
	index: 2, handler: __TI_zero_init


GLOBAL SYMBOLS: SORTED ALPHABETICALLY BY Name 

address   name                            
-------   ----                            
000004cb  ADC0_IRQHandler                 
000004cb  ADC1_IRQHandler                 
000004cb  AES_IRQHandler                  
000011c2  C$$EXIT                         
000004cb  CANFD0_IRQHandler               
000004cb  DAC0_IRQHandler                 
000011a9  DL_Common_delayCycles           
00000cab  DL_I2C_fillControllerTXFIFO     
00001039  DL_I2C_setClockConfig           
00000601  DL_Timer_initFourCCPWMMode      
000010a5  DL_Timer_setCaptCompUpdateMethod
000010dd  DL_Timer_setCaptureCompareOutCtl
00001161  DL_Timer_setCaptureCompareValue 
000010c1  DL_Timer_setClockConfig         
00000e59  DL_UART_init                    
0000113b  DL_UART_setClockConfig          
000004cb  DMA_IRQHandler                  
000004cb  Default_Handler                 
00001085  Encoder_Init                    
202000c8  Encoder_L_Count                 
00000f89  Encoder_L_Update                
202000cc  Encoder_R_Count                 
00000fb9  Encoder_R_Update                
00001191  Encoder_Read_L                  
0000119d  Encoder_Read_R                  
000004cb  GROUP0_IRQHandler               
00000b69  GROUP1_IRQHandler               
000011c3  HOSTexit                        
000004cb  HardFault_Handler               
000004cb  I2C0_IRQHandler                 
000004cb  I2C1_IRQHandler                 
000010f5  Interrupt_Init                  
000004cb  NMI_Handler                     
000000c1  OLED_Init                       
000007e9  OLED_ShowChar                   
00000381  OLED_ShowSignedNum              
00000aed  OLED_ShowString                 
000004cd  OLED_WR_Byte                    
000004cb  PendSV_Handler                  
000004cb  RTC_IRQHandler                  
000011c7  Reset_Handler                   
000004cb  SPI0_IRQHandler                 
000004cb  SPI1_IRQHandler                 
000004cb  SVC_Handler                     
00000705  SYSCFG_DL_GPIO_init             
00000d09  SYSCFG_DL_I2C_MPU6050_init      
00000d5d  SYSCFG_DL_I2C_OLED_init         
00000961  SYSCFG_DL_PWM_0_init            
00000db1  SYSCFG_DL_SYSCTL_init           
00000bd9  SYSCFG_DL_UART_0_init           
00000fe5  SYSCFG_DL_init                  
00000e05  SYSCFG_DL_initPower             
00001171  SysTick_Handler                 
00000f1d  SysTick_Init                    
000004cb  TIMA0_IRQHandler                
000004cb  TIMA1_IRQHandler                
000004cb  TIMG0_IRQHandler                
000004cb  TIMG12_IRQHandler               
000004cb  TIMG6_IRQHandler                
000004cb  TIMG7_IRQHandler                
000004cb  TIMG8_IRQHandler                
00001061  UART0_IRQHandler                
000004cb  UART1_IRQHandler                
000004cb  UART2_IRQHandler                
000004cb  UART3_IRQHandler                
20208000  __STACK_END                     
00000200  __STACK_SIZE                    
00000000  __TI_ATRegion0_region_sz        
00000000  __TI_ATRegion0_src_addr         
00000000  __TI_ATRegion0_trg_addr         
00000000  __TI_ATRegion1_region_sz        
00000000  __TI_ATRegion1_src_addr         
00000000  __TI_ATRegion1_trg_addr         
00000000  __TI_ATRegion2_region_sz        
00000000  __TI_ATRegion2_src_addr         
00000000  __TI_ATRegion2_trg_addr         
00001a2c  __TI_CINIT_Base                 
00001a3c  __TI_CINIT_Limit                
00001a3c  __TI_CINIT_Warm                 
00001a10  __TI_Handler_Table_Base         
00001a1c  __TI_Handler_Table_Limit        
00000ee1  __TI_auto_init_nobinit_nopinit  
00000a71  __TI_decompress_lzss            
0000114d  __TI_decompress_none            
ffffffff  __TI_pprof_out_hndl             
ffffffff  __TI_prof_data_size             
ffffffff  __TI_prof_data_start            
00000000  __TI_static_base__              
00001125  __TI_zero_init_nomemset         
0000095f  __aeabi_idiv0                   
000011b5  __aeabi_memcpy                  
000011b5  __aeabi_memcpy4                 
000011b5  __aeabi_memcpy8                 
00001181  __aeabi_memset                  
00001181  __aeabi_memset4                 
00001181  __aeabi_memset8                 
00000ea1  __aeabi_uidiv                   
00000ea1  __aeabi_uidivmod                
ffffffff  __binit__                       
UNDEFED   __mpu_init                      
20207e00  __stack                         
20200000  __start___llvm_prf_bits         
20200000  __start___llvm_prf_cnts         
20200000  __stop___llvm_prf_bits          
20200000  __stop___llvm_prf_cnts          
00001011  _c_int00_noargs                 
UNDEFED   _system_post_cinit              
000011cb  _system_pre_init                
000011bd  abort                           
000017c0  asc2_0806                       
000011d0  asc2_1608                       
ffffffff  binit                           
202000d0  enable_group1_irq               
202000c4  gEchoData                       
20200000  gPWM_0Backup                    
00000000  interruptVectors                
000009ed  main                            
000008c5  memcpy                          
00000c49  memset                          
00000f55  mspm0_delay_ms                  
0000110d  mspm0_get_clock_ms              
202000bc  start_time                      
202000c0  tick_ms                         


GLOBAL SYMBOLS: SORTED BY Symbol Address 

address   name                            
-------   ----                            
00000000  __TI_ATRegion0_region_sz        
00000000  __TI_ATRegion0_src_addr         
00000000  __TI_ATRegion0_trg_addr         
00000000  __TI_ATRegion1_region_sz        
00000000  __TI_ATRegion1_src_addr         
00000000  __TI_ATRegion1_trg_addr         
00000000  __TI_ATRegion2_region_sz        
00000000  __TI_ATRegion2_src_addr         
00000000  __TI_ATRegion2_trg_addr         
00000000  __TI_static_base__              
00000000  interruptVectors                
000000c1  OLED_Init                       
00000200  __STACK_SIZE                    
00000381  OLED_ShowSignedNum              
000004cb  ADC0_IRQHandler                 
000004cb  ADC1_IRQHandler                 
000004cb  AES_IRQHandler                  
000004cb  CANFD0_IRQHandler               
000004cb  DAC0_IRQHandler                 
000004cb  DMA_IRQHandler                  
000004cb  Default_Handler                 
000004cb  GROUP0_IRQHandler               
000004cb  HardFault_Handler               
000004cb  I2C0_IRQHandler                 
000004cb  I2C1_IRQHandler                 
000004cb  NMI_Handler                     
000004cb  PendSV_Handler                  
000004cb  RTC_IRQHandler                  
000004cb  SPI0_IRQHandler                 
000004cb  SPI1_IRQHandler                 
000004cb  SVC_Handler                     
000004cb  TIMA0_IRQHandler                
000004cb  TIMA1_IRQHandler                
000004cb  TIMG0_IRQHandler                
000004cb  TIMG12_IRQHandler               
000004cb  TIMG6_IRQHandler                
000004cb  TIMG7_IRQHandler                
000004cb  TIMG8_IRQHandler                
000004cb  UART1_IRQHandler                
000004cb  UART2_IRQHandler                
000004cb  UART3_IRQHandler                
000004cd  OLED_WR_Byte                    
00000601  DL_Timer_initFourCCPWMMode      
00000705  SYSCFG_DL_GPIO_init             
000007e9  OLED_ShowChar                   
000008c5  memcpy                          
0000095f  __aeabi_idiv0                   
00000961  SYSCFG_DL_PWM_0_init            
000009ed  main                            
00000a71  __TI_decompress_lzss            
00000aed  OLED_ShowString                 
00000b69  GROUP1_IRQHandler               
00000bd9  SYSCFG_DL_UART_0_init           
00000c49  memset                          
00000cab  DL_I2C_fillControllerTXFIFO     
00000d09  SYSCFG_DL_I2C_MPU6050_init      
00000d5d  SYSCFG_DL_I2C_OLED_init         
00000db1  SYSCFG_DL_SYSCTL_init           
00000e05  SYSCFG_DL_initPower             
00000e59  DL_UART_init                    
00000ea1  __aeabi_uidiv                   
00000ea1  __aeabi_uidivmod                
00000ee1  __TI_auto_init_nobinit_nopinit  
00000f1d  SysTick_Init                    
00000f55  mspm0_delay_ms                  
00000f89  Encoder_L_Update                
00000fb9  Encoder_R_Update                
00000fe5  SYSCFG_DL_init                  
00001011  _c_int00_noargs                 
00001039  DL_I2C_setClockConfig           
00001061  UART0_IRQHandler                
00001085  Encoder_Init                    
000010a5  DL_Timer_setCaptCompUpdateMethod
000010c1  DL_Timer_setClockConfig         
000010dd  DL_Timer_setCaptureCompareOutCtl
000010f5  Interrupt_Init                  
0000110d  mspm0_get_clock_ms              
00001125  __TI_zero_init_nomemset         
0000113b  DL_UART_setClockConfig          
0000114d  __TI_decompress_none            
00001161  DL_Timer_setCaptureCompareValue 
00001171  SysTick_Handler                 
00001181  __aeabi_memset                  
00001181  __aeabi_memset4                 
00001181  __aeabi_memset8                 
00001191  Encoder_Read_L                  
0000119d  Encoder_Read_R                  
000011a9  DL_Common_delayCycles           
000011b5  __aeabi_memcpy                  
000011b5  __aeabi_memcpy4                 
000011b5  __aeabi_memcpy8                 
000011bd  abort                           
000011c2  C$$EXIT                         
000011c3  HOSTexit                        
000011c7  Reset_Handler                   
000011cb  _system_pre_init                
000011d0  asc2_1608                       
000017c0  asc2_0806                       
00001a10  __TI_Handler_Table_Base         
00001a1c  __TI_Handler_Table_Limit        
00001a2c  __TI_CINIT_Base                 
00001a3c  __TI_CINIT_Limit                
00001a3c  __TI_CINIT_Warm                 
20200000  __start___llvm_prf_bits         
20200000  __start___llvm_prf_cnts         
20200000  __stop___llvm_prf_bits          
20200000  __stop___llvm_prf_cnts          
20200000  gPWM_0Backup                    
202000bc  start_time                      
202000c0  tick_ms                         
202000c4  gEchoData                       
202000c8  Encoder_L_Count                 
202000cc  Encoder_R_Count                 
202000d0  enable_group1_irq               
20207e00  __stack                         
20208000  __STACK_END                     
ffffffff  __TI_pprof_out_hndl             
ffffffff  __TI_prof_data_size             
ffffffff  __TI_prof_data_start            
ffffffff  __binit__                       
ffffffff  binit                           
UNDEFED   __mpu_init                      
UNDEFED   _system_post_cinit              

[123 symbols]
