******************************************************************************
            TI ARM Clang Linker PC v4.0.4                      
******************************************************************************
>> Linked Wed Aug 12 22:15:22 2026

OUTPUT FILE NAME:   <empty_LP_MSPM0G3507_nortos_ticlang.out>
ENTRY POINT SYMBOL: "_c_int00_noargs"  address: 000009e1


MEMORY CONFIGURATION

         name            origin    length      used     unused   attr    fill
----------------------  --------  ---------  --------  --------  ----  --------
  FLASH                 00000000   00020000  00001368  0001ec98  R  X
  SRAM                  20200000   00008000  00000209  00007df7  RW X
  BCR_CONFIG            41c00000   000000ff  00000000  000000ff  R   
  BSL_CONFIG            41c00100   00000080  00000000  00000080  R   


SEGMENT ALLOCATION MAP

run origin  load origin   length   init length attrs members
----------  ----------- ---------- ----------- ----- -------
00000000    00000000    00001368   00001368    r-x
  00000000    00000000    000000c0   000000c0    r-- .intvecs
  000000c0    000000c0    00000a48   00000a48    r-x .text
  00000b08    00000b08    00000830   00000830    r-- .rodata
  00001338    00001338    00000030   00000030    r-- .cinit
20200000    20200000    00000009   00000000    rw-
  20200000    20200000    00000008   00000000    rw- .bss
  20200008    20200008    00000001   00000000    rw- .data
20207e00    20207e00    00000200   00000000    rw-
  20207e00    20207e00    00000200   00000000    rw- .stack


SECTION ALLOCATION MAP

 output                                  attributes/
section   page    origin      length       input sections
--------  ----  ----------  ----------   ----------------
.intvecs   0    00000000    000000c0     
                  00000000    000000c0     startup_mspm0g350x_ticlang.o (.intvecs)

.text      0    000000c0    00000a48     
                  000000c0    000002c0     oled_hardware_i2c.o (.text.OLED_Init)
                  00000380    00000134     oled_hardware_i2c.o (.text.OLED_WR_Byte)
                  000004b4    000000dc     oled_hardware_i2c.o (.text.OLED_ShowChar)
                  00000590    0000009a     libc.a : memcpy16.S.obj (.text:memcpy)
                  0000062a    00000002     startup_mspm0g350x_ticlang.o (.text.Default_Handler)
                  0000062c    0000007c     libc.a : copy_decompress_lzss.c.obj (.text:decompress:lzss)
                  000006a8    0000007a     oled_hardware_i2c.o (.text.OLED_ShowString)
                  00000722    0000005e     driverlib.a : dl_i2c.o (.text.DL_I2C_fillControllerTXFIFO)
                  00000780    00000054     ti_msp_dl_config.o (.text.SYSCFG_DL_I2C_MPU6050_init)
                  000007d4    00000054     ti_msp_dl_config.o (.text.SYSCFG_DL_I2C_OLED_init)
                  00000828    00000050     ti_msp_dl_config.o (.text.SYSCFG_DL_GPIO_init)
                  00000878    00000040     ti_msp_dl_config.o (.text.SYSCFG_DL_SYSCTL_init)
                  000008b8    00000040     ti_msp_dl_config.o (.text.SYSCFG_DL_initPower)
                  000008f8    00000040     libclang_rt.builtins.a : aeabi_uidivmod.S.obj (.text.__aeabi_uidivmod)
                  00000938    0000003c     libc.a : autoinit.c.obj (.text:__TI_auto_init_nobinit_nopinit)
                  00000974    00000038     clock.o (.text.SysTick_Init)
                  000009ac    00000034     clock.o (.text.mspm0_delay_ms)
                  000009e0    00000028     libc.a : boot_cortex_m.c.obj (.text:_c_int00_noargs)
                  00000a08    00000026     driverlib.a : dl_i2c.o (.text.DL_I2C_setClockConfig)
                  00000a2e    00000002     libclang_rt.builtins.a : aeabi_div0.c.obj (.text.__aeabi_idiv0)
                  00000a30    00000024     main.o (.text.main)
                  00000a54    00000018     interrupt.o (.text.Interrupt_Init)
                  00000a6c    00000018     ti_msp_dl_config.o (.text.SYSCFG_DL_init)
                  00000a84    00000018     clock.o (.text.mspm0_get_clock_ms)
                  00000a9c    00000016     libc.a : copy_zero_init.c.obj (.text:decompress:ZI:__TI_zero_init_nomemset)
                  00000ab2    00000012            : copy_decompress_none.c.obj (.text:decompress:none)
                  00000ac4    00000010     interrupt.o (.text.SysTick_Handler)
                  00000ad4    0000000c     interrupt.o (.text.GROUP1_IRQHandler)
                  00000ae0    0000000a     driverlib.a : dl_common.o (.text.DL_Common_delayCycles)
                  00000aea    00000002     --HOLE-- [fill = 0]
                  00000aec    00000008     libclang_rt.builtins.a : aeabi_memcpy.S.obj (.text.__aeabi_memcpy)
                  00000af4    00000006     libc.a : exit.c.obj (.text:abort)
                  00000afa    00000004     libsysbm.a : hostexit.c.obj (.text.HOSTexit)
                  00000afe    00000004     startup_mspm0g350x_ticlang.o (.text.Reset_Handler)
                  00000b02    00000004     libc.a : pre_init.c.obj (.text._system_pre_init)
                  00000b06    00000002     --HOLE-- [fill = 0]

.cinit     0    00001338    00000030     
                  00001338    0000000c     (__TI_handler_table)
                  00001344    00000008     (.cinit..bss.load) [load image, compression = zero_init]
                  0000134c    00000005     (.cinit..data.load) [load image, compression = lzss]
                  00001351    00000003     --HOLE-- [fill = 0]
                  00001354    00000010     (__TI_cinit_table)
                  00001364    00000004     --HOLE-- [fill = 0]

.rodata    0    00000b08    00000830     
                  00000b08    000005f0     oled_hardware_i2c.o (.rodata.asc2_1608)
                  000010f8    00000228     oled_hardware_i2c.o (.rodata.asc2_0806)
                  00001320    0000000d     main.o (.rodata.str1.15159059442110792349.1)
                  0000132d    00000002     ti_msp_dl_config.o (.rodata.gI2C_MPU6050ClockConfig)
                  0000132f    00000002     ti_msp_dl_config.o (.rodata.gI2C_OLEDClockConfig)
                  00001331    00000007     --HOLE-- [fill = 0]

.init_array 
*          0    00000000    00000000     UNINITIALIZED

.binit     0    00000000    00000000     

.bss       0    20200000    00000008     UNINITIALIZED
                  20200000    00000004     (.common:start_time)
                  20200004    00000004     (.common:tick_ms)

.data      0    20200008    00000001     UNINITIALIZED
                  20200008    00000001     interrupt.o (.data.enable_group1_irq)

.stack     0    20207e00    00000200     UNINITIALIZED
                  20207e00    00000004     libc.a : boot_cortex_m.c.obj (.stack)
                  20207e04    000001fc     --HOLE--

__llvm_prf_cnts 
*          0    20200000    00000000     UNINITIALIZED

__llvm_prf_bits 
*          0    20200000    00000000     UNINITIALIZED

MODULE SUMMARY

       Module                         code   ro data   rw data
       ------                         ----   -------   -------
    .\
       ti_msp_dl_config.o             400    4         0      
       startup_mspm0g350x_ticlang.o   6      192       0      
       main.o                         36     13        0      
    +--+------------------------------+------+---------+---------+
       Total:                         442    209       0      
                                                              
    .\Drivers\MSPM0\
       clock.o                        132    0         8      
       interrupt.o                    52     0         1      
    +--+------------------------------+------+---------+---------+
       Total:                         184    0         9      
                                                              
    .\Drivers\OLED_Hardware_I2C\
       oled_hardware_i2c.o            1354   2072      0      
    +--+------------------------------+------+---------+---------+
       Total:                         1354   2072      0      
                                                              
    C:/ti/mspm0_sdk_2_05_01_00/source/ti/driverlib/lib/ticlang/m0p/mspm0g1x0x_g3x0x/driverlib.a
       dl_i2c.o                       132    0         0      
       dl_common.o                    10     0         0      
    +--+------------------------------+------+---------+---------+
       Total:                         142    0         0      
                                                              
    C:\ti\ccs2020\ccs\tools\compiler\ti-cgt-armllvm_4.0.4.LTS\lib\armv6m-ti-none-eabi/c/libc.a
       memcpy16.S.obj                 154    0         0      
       copy_decompress_lzss.c.obj     124    0         0      
       autoinit.c.obj                 60     0         0      
       boot_cortex_m.c.obj            40     0         0      
       copy_zero_init.c.obj           22     0         0      
       copy_decompress_none.c.obj     18     0         0      
       exit.c.obj                     6      0         0      
       pre_init.c.obj                 4      0         0      
    +--+------------------------------+------+---------+---------+
       Total:                         428    0         0      
                                                              
    C:\ti\ccs2020\ccs\tools\compiler\ti-cgt-armllvm_4.0.4.LTS\lib\armv6m-ti-none-eabi/c/libsysbm.a
       hostexit.c.obj                 4      0         0      
    +--+------------------------------+------+---------+---------+
       Total:                         4      0         0      
                                                              
    C:\ti\ccs2020\ccs\tools\compiler\ti-cgt-armllvm_4.0.4.LTS\lib\armv6m-ti-none-eabi/libclang_rt.builtins.a
       aeabi_uidivmod.S.obj           64     0         0      
       aeabi_memcpy.S.obj             8      0         0      
       aeabi_div0.c.obj               2      0         0      
    +--+------------------------------+------+---------+---------+
       Total:                         74     0         0      
                                                              
       Stack:                         0      0         512    
       Linker Generated:              0      41        0      
    +--+------------------------------+------+---------+---------+
       Grand Total:                   2628   2322      521    


LINKER GENERATED COPY TABLES

__TI_cinit_table @ 00001354 records: 2, size/record: 8, table size: 16
	.bss: load addr=00001344, load size=00000008 bytes, run addr=20200000, run size=00000008 bytes, compression=zero_init
	.data: load addr=0000134c, load size=00000005 bytes, run addr=20200008, run size=00000001 bytes, compression=lzss


LINKER GENERATED HANDLER TABLE

__TI_handler_table @ 00001338 records: 3, size/record: 4, table size: 12
	index: 0, handler: __TI_decompress_lzss
	index: 1, handler: __TI_decompress_none
	index: 2, handler: __TI_zero_init


GLOBAL SYMBOLS: SORTED ALPHABETICALLY BY Name 

address   name                          
-------   ----                          
0000062b  ADC0_IRQHandler               
0000062b  ADC1_IRQHandler               
0000062b  AES_IRQHandler                
00000afa  C$$EXIT                       
0000062b  CANFD0_IRQHandler             
0000062b  DAC0_IRQHandler               
00000ae1  DL_Common_delayCycles         
00000723  DL_I2C_fillControllerTXFIFO   
00000a09  DL_I2C_setClockConfig         
0000062b  DMA_IRQHandler                
0000062b  Default_Handler               
0000062b  GROUP0_IRQHandler             
00000ad5  GROUP1_IRQHandler             
00000afb  HOSTexit                      
0000062b  HardFault_Handler             
0000062b  I2C0_IRQHandler               
0000062b  I2C1_IRQHandler               
00000a55  Interrupt_Init                
0000062b  NMI_Handler                   
000000c1  OLED_Init                     
000004b5  OLED_ShowChar                 
000006a9  OLED_ShowString               
00000381  OLED_WR_Byte                  
0000062b  PendSV_Handler                
0000062b  RTC_IRQHandler                
00000aff  Reset_Handler                 
0000062b  SPI0_IRQHandler               
0000062b  SPI1_IRQHandler               
0000062b  SVC_Handler                   
00000829  SYSCFG_DL_GPIO_init           
00000781  SYSCFG_DL_I2C_MPU6050_init    
000007d5  SYSCFG_DL_I2C_OLED_init       
00000879  SYSCFG_DL_SYSCTL_init         
00000a6d  SYSCFG_DL_init                
000008b9  SYSCFG_DL_initPower           
00000ac5  SysTick_Handler               
00000975  SysTick_Init                  
0000062b  TIMA0_IRQHandler              
0000062b  TIMA1_IRQHandler              
0000062b  TIMG0_IRQHandler              
0000062b  TIMG12_IRQHandler             
0000062b  TIMG6_IRQHandler              
0000062b  TIMG7_IRQHandler              
0000062b  TIMG8_IRQHandler              
0000062b  UART0_IRQHandler              
0000062b  UART1_IRQHandler              
0000062b  UART2_IRQHandler              
0000062b  UART3_IRQHandler              
20208000  __STACK_END                   
00000200  __STACK_SIZE                  
00000000  __TI_ATRegion0_region_sz      
00000000  __TI_ATRegion0_src_addr       
00000000  __TI_ATRegion0_trg_addr       
00000000  __TI_ATRegion1_region_sz      
00000000  __TI_ATRegion1_src_addr       
00000000  __TI_ATRegion1_trg_addr       
00000000  __TI_ATRegion2_region_sz      
00000000  __TI_ATRegion2_src_addr       
00000000  __TI_ATRegion2_trg_addr       
00001354  __TI_CINIT_Base               
00001364  __TI_CINIT_Limit              
00001364  __TI_CINIT_Warm               
00001338  __TI_Handler_Table_Base       
00001344  __TI_Handler_Table_Limit      
00000939  __TI_auto_init_nobinit_nopinit
0000062d  __TI_decompress_lzss          
00000ab3  __TI_decompress_none          
ffffffff  __TI_pprof_out_hndl           
ffffffff  __TI_prof_data_size           
ffffffff  __TI_prof_data_start          
00000000  __TI_static_base__            
00000a9d  __TI_zero_init_nomemset       
00000a2f  __aeabi_idiv0                 
00000aed  __aeabi_memcpy                
00000aed  __aeabi_memcpy4               
00000aed  __aeabi_memcpy8               
000008f9  __aeabi_uidiv                 
000008f9  __aeabi_uidivmod              
ffffffff  __binit__                     
UNDEFED   __mpu_init                    
20207e00  __stack                       
20200000  __start___llvm_prf_bits       
20200000  __start___llvm_prf_cnts       
20200000  __stop___llvm_prf_bits        
20200000  __stop___llvm_prf_cnts        
000009e1  _c_int00_noargs               
UNDEFED   _system_post_cinit            
00000b03  _system_pre_init              
00000af5  abort                         
000010f8  asc2_0806                     
00000b08  asc2_1608                     
ffffffff  binit                         
20200008  enable_group1_irq             
00000000  interruptVectors              
00000a31  main                          
00000591  memcpy                        
000009ad  mspm0_delay_ms                
00000a85  mspm0_get_clock_ms            
20200000  start_time                    
20200004  tick_ms                       


GLOBAL SYMBOLS: SORTED BY Symbol Address 

address   name                          
-------   ----                          
00000000  __TI_ATRegion0_region_sz      
00000000  __TI_ATRegion0_src_addr       
00000000  __TI_ATRegion0_trg_addr       
00000000  __TI_ATRegion1_region_sz      
00000000  __TI_ATRegion1_src_addr       
00000000  __TI_ATRegion1_trg_addr       
00000000  __TI_ATRegion2_region_sz      
00000000  __TI_ATRegion2_src_addr       
00000000  __TI_ATRegion2_trg_addr       
00000000  __TI_static_base__            
00000000  interruptVectors              
000000c1  OLED_Init                     
00000200  __STACK_SIZE                  
00000381  OLED_WR_Byte                  
000004b5  OLED_ShowChar                 
00000591  memcpy                        
0000062b  ADC0_IRQHandler               
0000062b  ADC1_IRQHandler               
0000062b  AES_IRQHandler                
0000062b  CANFD0_IRQHandler             
0000062b  DAC0_IRQHandler               
0000062b  DMA_IRQHandler                
0000062b  Default_Handler               
0000062b  GROUP0_IRQHandler             
0000062b  HardFault_Handler             
0000062b  I2C0_IRQHandler               
0000062b  I2C1_IRQHandler               
0000062b  NMI_Handler                   
0000062b  PendSV_Handler                
0000062b  RTC_IRQHandler                
0000062b  SPI0_IRQHandler               
0000062b  SPI1_IRQHandler               
0000062b  SVC_Handler                   
0000062b  TIMA0_IRQHandler              
0000062b  TIMA1_IRQHandler              
0000062b  TIMG0_IRQHandler              
0000062b  TIMG12_IRQHandler             
0000062b  TIMG6_IRQHandler              
0000062b  TIMG7_IRQHandler              
0000062b  TIMG8_IRQHandler              
0000062b  UART0_IRQHandler              
0000062b  UART1_IRQHandler              
0000062b  UART2_IRQHandler              
0000062b  UART3_IRQHandler              
0000062d  __TI_decompress_lzss          
000006a9  OLED_ShowString               
00000723  DL_I2C_fillControllerTXFIFO   
00000781  SYSCFG_DL_I2C_MPU6050_init    
000007d5  SYSCFG_DL_I2C_OLED_init       
00000829  SYSCFG_DL_GPIO_init           
00000879  SYSCFG_DL_SYSCTL_init         
000008b9  SYSCFG_DL_initPower           
000008f9  __aeabi_uidiv                 
000008f9  __aeabi_uidivmod              
00000939  __TI_auto_init_nobinit_nopinit
00000975  SysTick_Init                  
000009ad  mspm0_delay_ms                
000009e1  _c_int00_noargs               
00000a09  DL_I2C_setClockConfig         
00000a2f  __aeabi_idiv0                 
00000a31  main                          
00000a55  Interrupt_Init                
00000a6d  SYSCFG_DL_init                
00000a85  mspm0_get_clock_ms            
00000a9d  __TI_zero_init_nomemset       
00000ab3  __TI_decompress_none          
00000ac5  SysTick_Handler               
00000ad5  GROUP1_IRQHandler             
00000ae1  DL_Common_delayCycles         
00000aed  __aeabi_memcpy                
00000aed  __aeabi_memcpy4               
00000aed  __aeabi_memcpy8               
00000af5  abort                         
00000afa  C$$EXIT                       
00000afb  HOSTexit                      
00000aff  Reset_Handler                 
00000b03  _system_pre_init              
00000b08  asc2_1608                     
000010f8  asc2_0806                     
00001338  __TI_Handler_Table_Base       
00001344  __TI_Handler_Table_Limit      
00001354  __TI_CINIT_Base               
00001364  __TI_CINIT_Limit              
00001364  __TI_CINIT_Warm               
20200000  __start___llvm_prf_bits       
20200000  __start___llvm_prf_cnts       
20200000  __stop___llvm_prf_bits        
20200000  __stop___llvm_prf_cnts        
20200000  start_time                    
20200004  tick_ms                       
20200008  enable_group1_irq             
20207e00  __stack                       
20208000  __STACK_END                   
ffffffff  __TI_pprof_out_hndl           
ffffffff  __TI_prof_data_size           
ffffffff  __TI_prof_data_start          
ffffffff  __binit__                     
ffffffff  binit                         
UNDEFED   __mpu_init                    
UNDEFED   _system_post_cinit            

[100 symbols]
