<?xml version="1.0" encoding="ISO-8859-1" ?>
<link_info>
   <banner>TI ARM Clang Linker PC v4.0.4.LTS</banner>
   <copyright>Copyright (c) 1996-2018 Texas Instruments Incorporated</copyright>
   <command_line>C:\ti\ccs2020\ccs\tools\compiler\ti-cgt-armllvm_4.0.4.LTS\bin\tiarmlnk -IC:\ti\ccs2020\ccs\tools\compiler\ti-cgt-armllvm_4.0.4.LTS\lib -o empty_LP_MSPM0G3507_nortos_ticlang.out -mempty_LP_MSPM0G3507_nortos_ticlang.map -iC:/ti/mspm0_sdk_2_05_01_00/source -iC:/Users/liuyuxuan/workspace_ccstheia/empty_LP_MSPM0G3507_nortos_ticlang -iC:/Users/liuyuxuan/workspace_ccstheia/empty_LP_MSPM0G3507_nortos_ticlang/Debug/syscfg -iC:/ti/ccs2020/ccs/tools/compiler/ti-cgt-armllvm_4.0.4.LTS/lib --diag_wrap=off --display_error_number --warn_sections --xml_link_info=empty_LP_MSPM0G3507_nortos_ticlang_linkInfo.xml --rom_model ./main.o ./ti_msp_dl_config.o ./startup_mspm0g350x_ticlang.o ./Drivers/MSPM0/clock.o ./Drivers/MSPM0/interrupt.o ./Drivers/OLED_Hardware_I2C/oled_hardware_i2c.o ./Drivers/WIT/wit.o ./USER/Encoder.o ./USER/MOTOR.o ./USER/Serial.o -l./device_linker.cmd -ldevice.cmd.genlibs -llibc.a --start-group -llibc++.a -llibc++abi.a -llibc.a -llibsys.a -llibsysbm.a -llibclang_rt.builtins.a -llibclang_rt.profile.a --end-group --cg_opt_level=2</command_line>
   <link_time>0x6a9c1276</link_time>
   <link_errors>0x0</link_errors>
   <output_file>C:\Users\liuyuxuan\workspace_ccstheia\empty_LP_MSPM0G3507_nortos_ticlang\Debug\empty_LP_MSPM0G3507_nortos_ticlang.out</output_file>
   <entry_point>
      <name>_c_int00_noargs</name>
      <address>0x10f9</address>
   </entry_point>
   <input_file_list>
      <input_file id="fl-1">
         <path>C:\Users\liuyuxuan\workspace_ccstheia\empty_LP_MSPM0G3507_nortos_ticlang\Debug\.\</path>
         <kind>object</kind>
         <file>main.o</file>
         <name>main.o</name>
      </input_file>
      <input_file id="fl-2">
         <path>C:\Users\liuyuxuan\workspace_ccstheia\empty_LP_MSPM0G3507_nortos_ticlang\Debug\.\</path>
         <kind>object</kind>
         <file>ti_msp_dl_config.o</file>
         <name>ti_msp_dl_config.o</name>
      </input_file>
      <input_file id="fl-3">
         <path>C:\Users\liuyuxuan\workspace_ccstheia\empty_LP_MSPM0G3507_nortos_ticlang\Debug\.\</path>
         <kind>object</kind>
         <file>startup_mspm0g350x_ticlang.o</file>
         <name>startup_mspm0g350x_ticlang.o</name>
      </input_file>
      <input_file id="fl-4">
         <path>C:\Users\liuyuxuan\workspace_ccstheia\empty_LP_MSPM0G3507_nortos_ticlang\Debug\.\Drivers\MSPM0\</path>
         <kind>object</kind>
         <file>clock.o</file>
         <name>clock.o</name>
      </input_file>
      <input_file id="fl-5">
         <path>C:\Users\liuyuxuan\workspace_ccstheia\empty_LP_MSPM0G3507_nortos_ticlang\Debug\.\Drivers\MSPM0\</path>
         <kind>object</kind>
         <file>interrupt.o</file>
         <name>interrupt.o</name>
      </input_file>
      <input_file id="fl-6">
         <path>C:\Users\liuyuxuan\workspace_ccstheia\empty_LP_MSPM0G3507_nortos_ticlang\Debug\.\Drivers\OLED_Hardware_I2C\</path>
         <kind>object</kind>
         <file>oled_hardware_i2c.o</file>
         <name>oled_hardware_i2c.o</name>
      </input_file>
      <input_file id="fl-7">
         <path>C:\Users\liuyuxuan\workspace_ccstheia\empty_LP_MSPM0G3507_nortos_ticlang\Debug\.\Drivers\WIT\</path>
         <kind>object</kind>
         <file>wit.o</file>
         <name>wit.o</name>
      </input_file>
      <input_file id="fl-8">
         <path>C:\Users\liuyuxuan\workspace_ccstheia\empty_LP_MSPM0G3507_nortos_ticlang\Debug\.\USER\</path>
         <kind>object</kind>
         <file>Encoder.o</file>
         <name>Encoder.o</name>
      </input_file>
      <input_file id="fl-9">
         <path>C:\Users\liuyuxuan\workspace_ccstheia\empty_LP_MSPM0G3507_nortos_ticlang\Debug\.\USER\</path>
         <kind>object</kind>
         <file>MOTOR.o</file>
         <name>MOTOR.o</name>
      </input_file>
      <input_file id="fl-a">
         <path>C:\Users\liuyuxuan\workspace_ccstheia\empty_LP_MSPM0G3507_nortos_ticlang\Debug\.\USER\</path>
         <kind>object</kind>
         <file>Serial.o</file>
         <name>Serial.o</name>
      </input_file>
      <input_file id="fl-17">
         <path>C:\Users\liuyuxuan\workspace_ccstheia\empty_LP_MSPM0G3507_nortos_ticlang\Debug\</path>
         <kind>object</kind>
         <file>&lt;internal&gt;</file>
         <name>&lt;internal&gt;</name>
      </input_file>
      <input_file id="fl-18">
         <path>C:\ti\mspm0_sdk_2_05_01_00\source\ti\driverlib\lib\ticlang\m0p\mspm0g1x0x_g3x0x\</path>
         <kind>archive</kind>
         <file>driverlib.a</file>
         <name>dl_common.o</name>
      </input_file>
      <input_file id="fl-19">
         <path>C:\ti\mspm0_sdk_2_05_01_00\source\ti\driverlib\lib\ticlang\m0p\mspm0g1x0x_g3x0x\</path>
         <kind>archive</kind>
         <file>driverlib.a</file>
         <name>dl_dma.o</name>
      </input_file>
      <input_file id="fl-1a">
         <path>C:\ti\mspm0_sdk_2_05_01_00\source\ti\driverlib\lib\ticlang\m0p\mspm0g1x0x_g3x0x\</path>
         <kind>archive</kind>
         <file>driverlib.a</file>
         <name>dl_i2c.o</name>
      </input_file>
      <input_file id="fl-1b">
         <path>C:\ti\mspm0_sdk_2_05_01_00\source\ti\driverlib\lib\ticlang\m0p\mspm0g1x0x_g3x0x\</path>
         <kind>archive</kind>
         <file>driverlib.a</file>
         <name>dl_timer.o</name>
      </input_file>
      <input_file id="fl-1c">
         <path>C:\ti\mspm0_sdk_2_05_01_00\source\ti\driverlib\lib\ticlang\m0p\mspm0g1x0x_g3x0x\</path>
         <kind>archive</kind>
         <file>driverlib.a</file>
         <name>dl_uart.o</name>
      </input_file>
      <input_file id="fl-33">
         <path>C:\ti\ccs2020\ccs\tools\compiler\ti-cgt-armllvm_4.0.4.LTS\lib\armv6m-ti-none-eabi\c\</path>
         <kind>archive</kind>
         <file>libc.a</file>
         <name>boot_cortex_m.c.obj</name>
      </input_file>
      <input_file id="fl-34">
         <path>C:\ti\ccs2020\ccs\tools\compiler\ti-cgt-armllvm_4.0.4.LTS\lib\armv6m-ti-none-eabi\c\</path>
         <kind>archive</kind>
         <file>libc.a</file>
         <name>mathacl_init.c.obj</name>
      </input_file>
      <input_file id="fl-35">
         <path>C:\ti\ccs2020\ccs\tools\compiler\ti-cgt-armllvm_4.0.4.LTS\lib\armv6m-ti-none-eabi\c\</path>
         <kind>archive</kind>
         <file>libc.a</file>
         <name>autoinit.c.obj</name>
      </input_file>
      <input_file id="fl-36">
         <path>C:\ti\ccs2020\ccs\tools\compiler\ti-cgt-armllvm_4.0.4.LTS\lib\armv6m-ti-none-eabi\c\</path>
         <kind>archive</kind>
         <file>libc.a</file>
         <name>pre_init.c.obj</name>
      </input_file>
      <input_file id="fl-37">
         <path>C:\ti\ccs2020\ccs\tools\compiler\ti-cgt-armllvm_4.0.4.LTS\lib\armv6m-ti-none-eabi\c\</path>
         <kind>archive</kind>
         <file>libc.a</file>
         <name>cpy_tbl.c.obj</name>
      </input_file>
      <input_file id="fl-38">
         <path>C:\ti\ccs2020\ccs\tools\compiler\ti-cgt-armllvm_4.0.4.LTS\lib\armv6m-ti-none-eabi\c\</path>
         <kind>archive</kind>
         <file>libc.a</file>
         <name>copy_zero_init.c.obj</name>
      </input_file>
      <input_file id="fl-39">
         <path>C:\ti\ccs2020\ccs\tools\compiler\ti-cgt-armllvm_4.0.4.LTS\lib\armv6m-ti-none-eabi\c\</path>
         <kind>archive</kind>
         <file>libc.a</file>
         <name>copy_decompress_none.c.obj</name>
      </input_file>
      <input_file id="fl-3a">
         <path>C:\ti\ccs2020\ccs\tools\compiler\ti-cgt-armllvm_4.0.4.LTS\lib\armv6m-ti-none-eabi\c\</path>
         <kind>archive</kind>
         <file>libc.a</file>
         <name>copy_decompress_lzss.c.obj</name>
      </input_file>
      <input_file id="fl-3b">
         <path>C:\ti\ccs2020\ccs\tools\compiler\ti-cgt-armllvm_4.0.4.LTS\lib\armv6m-ti-none-eabi\c\</path>
         <kind>archive</kind>
         <file>libc.a</file>
         <name>exit.c.obj</name>
      </input_file>
      <input_file id="fl-3c">
         <path>C:\ti\ccs2020\ccs\tools\compiler\ti-cgt-armllvm_4.0.4.LTS\lib\armv6m-ti-none-eabi\c\</path>
         <kind>archive</kind>
         <file>libc.a</file>
         <name>_lock.c.obj</name>
      </input_file>
      <input_file id="fl-3d">
         <path>C:\ti\ccs2020\ccs\tools\compiler\ti-cgt-armllvm_4.0.4.LTS\lib\armv6m-ti-none-eabi\c\</path>
         <kind>archive</kind>
         <file>libc.a</file>
         <name>args_main.c.obj</name>
      </input_file>
      <input_file id="fl-dd">
         <path>C:\ti\ccs2020\ccs\tools\compiler\ti-cgt-armllvm_4.0.4.LTS\lib\armv6m-ti-none-eabi\c\</path>
         <kind>archive</kind>
         <file>libsysbm.a</file>
         <name>hostexit.c.obj</name>
      </input_file>
      <input_file id="fl-de">
         <path>C:\ti\ccs2020\ccs\tools\compiler\ti-cgt-armllvm_4.0.4.LTS\lib\armv6m-ti-none-eabi\</path>
         <kind>archive</kind>
         <file>libclang_rt.builtins.a</file>
         <name>addsf3.S.obj</name>
      </input_file>
      <input_file id="fl-df">
         <path>C:\ti\ccs2020\ccs\tools\compiler\ti-cgt-armllvm_4.0.4.LTS\lib\armv6m-ti-none-eabi\</path>
         <kind>archive</kind>
         <file>libclang_rt.builtins.a</file>
         <name>muldf3.S.obj</name>
      </input_file>
      <input_file id="fl-e0">
         <path>C:\ti\ccs2020\ccs\tools\compiler\ti-cgt-armllvm_4.0.4.LTS\lib\armv6m-ti-none-eabi\</path>
         <kind>archive</kind>
         <file>libclang_rt.builtins.a</file>
         <name>muldsi3.S.obj</name>
      </input_file>
      <input_file id="fl-e1">
         <path>C:\ti\ccs2020\ccs\tools\compiler\ti-cgt-armllvm_4.0.4.LTS\lib\armv6m-ti-none-eabi\</path>
         <kind>archive</kind>
         <file>libclang_rt.builtins.a</file>
         <name>mulsf3.S.obj</name>
      </input_file>
      <input_file id="fl-e2">
         <path>C:\ti\ccs2020\ccs\tools\compiler\ti-cgt-armllvm_4.0.4.LTS\lib\armv6m-ti-none-eabi\</path>
         <kind>archive</kind>
         <file>libclang_rt.builtins.a</file>
         <name>divdf3.S.obj</name>
      </input_file>
      <input_file id="fl-e3">
         <path>C:\ti\ccs2020\ccs\tools\compiler\ti-cgt-armllvm_4.0.4.LTS\lib\armv6m-ti-none-eabi\</path>
         <kind>archive</kind>
         <file>libclang_rt.builtins.a</file>
         <name>fixdfsi.S.obj</name>
      </input_file>
      <input_file id="fl-e4">
         <path>C:\ti\ccs2020\ccs\tools\compiler\ti-cgt-armllvm_4.0.4.LTS\lib\armv6m-ti-none-eabi\</path>
         <kind>archive</kind>
         <file>libclang_rt.builtins.a</file>
         <name>fixunssfsi.S.obj</name>
      </input_file>
      <input_file id="fl-e5">
         <path>C:\ti\ccs2020\ccs\tools\compiler\ti-cgt-armllvm_4.0.4.LTS\lib\armv6m-ti-none-eabi\</path>
         <kind>archive</kind>
         <file>libclang_rt.builtins.a</file>
         <name>floatsidf.S.obj</name>
      </input_file>
      <input_file id="fl-e6">
         <path>C:\ti\ccs2020\ccs\tools\compiler\ti-cgt-armllvm_4.0.4.LTS\lib\armv6m-ti-none-eabi\</path>
         <kind>archive</kind>
         <file>libclang_rt.builtins.a</file>
         <name>floatunsisf.S.obj</name>
      </input_file>
      <input_file id="fl-e7">
         <path>C:\ti\ccs2020\ccs\tools\compiler\ti-cgt-armllvm_4.0.4.LTS\lib\armv6m-ti-none-eabi\</path>
         <kind>archive</kind>
         <file>libclang_rt.builtins.a</file>
         <name>truncdfsf2.S.obj</name>
      </input_file>
      <input_file id="fl-e8">
         <path>C:\ti\ccs2020\ccs\tools\compiler\ti-cgt-armllvm_4.0.4.LTS\lib\armv6m-ti-none-eabi\</path>
         <kind>archive</kind>
         <file>libclang_rt.builtins.a</file>
         <name>aeabi_fcmp.S.obj</name>
      </input_file>
      <input_file id="fl-e9">
         <path>C:\ti\ccs2020\ccs\tools\compiler\ti-cgt-armllvm_4.0.4.LTS\lib\armv6m-ti-none-eabi\</path>
         <kind>archive</kind>
         <file>libclang_rt.builtins.a</file>
         <name>aeabi_memcpy.S.obj</name>
      </input_file>
      <input_file id="fl-ea">
         <path>C:\ti\ccs2020\ccs\tools\compiler\ti-cgt-armllvm_4.0.4.LTS\lib\armv6m-ti-none-eabi\</path>
         <kind>archive</kind>
         <file>libclang_rt.builtins.a</file>
         <name>aeabi_memset.S.obj</name>
      </input_file>
      <input_file id="fl-eb">
         <path>C:\ti\ccs2020\ccs\tools\compiler\ti-cgt-armllvm_4.0.4.LTS\lib\armv6m-ti-none-eabi\</path>
         <kind>archive</kind>
         <file>libclang_rt.builtins.a</file>
         <name>aeabi_uidivmod.S.obj</name>
      </input_file>
      <input_file id="fl-ec">
         <path>C:\ti\ccs2020\ccs\tools\compiler\ti-cgt-armllvm_4.0.4.LTS\lib\armv6m-ti-none-eabi\</path>
         <kind>archive</kind>
         <file>libclang_rt.builtins.a</file>
         <name>comparesf2.S.obj</name>
      </input_file>
      <input_file id="fl-ed">
         <path>C:\ti\ccs2020\ccs\tools\compiler\ti-cgt-armllvm_4.0.4.LTS\lib\armv6m-ti-none-eabi\</path>
         <kind>archive</kind>
         <file>libclang_rt.builtins.a</file>
         <name>fixsfsi.S.obj</name>
      </input_file>
      <input_file id="fl-ee">
         <path>C:\ti\ccs2020\ccs\tools\compiler\ti-cgt-armllvm_4.0.4.LTS\lib\armv6m-ti-none-eabi\</path>
         <kind>archive</kind>
         <file>libclang_rt.builtins.a</file>
         <name>aeabi_div0.c.obj</name>
      </input_file>
      <input_file id="fl-ef">
         <path>C:\ti\ccs2020\ccs\tools\compiler\ti-cgt-armllvm_4.0.4.LTS\lib\armv6m-ti-none-eabi\c\</path>
         <kind>archive</kind>
         <file>libc.a</file>
         <name>memcpy16.S.obj</name>
      </input_file>
      <input_file id="fl-f0">
         <path>C:\ti\ccs2020\ccs\tools\compiler\ti-cgt-armllvm_4.0.4.LTS\lib\armv6m-ti-none-eabi\c\</path>
         <kind>archive</kind>
         <file>libc.a</file>
         <name>memset16.S.obj</name>
      </input_file>
   </input_file_list>
   <object_component_list>
      <object_component id="oc-18">
         <name>.intvecs</name>
         <load_address>0x0</load_address>
         <readonly>true</readonly>
         <run_address>0x0</run_address>
         <size>0xc0</size>
         <alignment>0x4</alignment>
         <input_file_ref idref="fl-3"/>
      </object_component>
      <object_component id="oc-3a">
         <name>.text.UART2_IRQHandler</name>
         <load_address>0xc0</load_address>
         <readonly>true</readonly>
         <executable>true</executable>
         <run_address>0xc0</run_address>
         <size>0x25c</size>
         <alignment>0x4</alignment>
         <input_file_ref idref="fl-5"/>
      </object_component>
      <object_component id="oc-79">
         <name>.text.__divdf3</name>
         <load_address>0x31c</load_address>
         <readonly>true</readonly>
         <executable>true</executable>
         <run_address>0x31c</run_address>
         <size>0x10c</size>
         <alignment>0x4</alignment>
         <input_file_ref idref="fl-e2"/>
      </object_component>
      <object_component id="oc-13f">
         <name>.text.DL_Timer_initFourCCPWMMode</name>
         <load_address>0x428</load_address>
         <readonly>true</readonly>
         <executable>true</executable>
         <run_address>0x428</run_address>
         <size>0x104</size>
         <alignment>0x4</alignment>
         <input_file_ref idref="fl-1b"/>
      </object_component>
      <object_component id="oc-114">
         <name>.text.SYSCFG_DL_GPIO_init</name>
         <load_address>0x52c</load_address>
         <readonly>true</readonly>
         <executable>true</executable>
         <run_address>0x52c</run_address>
         <size>0xe8</size>
         <alignment>0x4</alignment>
         <input_file_ref idref="fl-2"/>
      </object_component>
      <object_component id="oc-85">
         <name>.text.__muldf3</name>
         <load_address>0x614</load_address>
         <readonly>true</readonly>
         <executable>true</executable>
         <run_address>0x614</run_address>
         <size>0xe4</size>
         <alignment>0x4</alignment>
         <input_file_ref idref="fl-df"/>
      </object_component>
      <object_component id="oc-d5">
         <name>.text:memcpy</name>
         <load_address>0x6f8</load_address>
         <readonly>true</readonly>
         <executable>true</executable>
         <run_address>0x6f8</run_address>
         <size>0x9a</size>
         <alignment>0x1</alignment>
         <input_file_ref idref="fl-ef"/>
      </object_component>
      <object_component id="oc-33">
         <name>.text.Default_Handler</name>
         <load_address>0x792</load_address>
         <readonly>true</readonly>
         <executable>true</executable>
         <run_address>0x792</run_address>
         <size>0x2</size>
         <alignment>0x2</alignment>
         <input_file_ref idref="fl-3"/>
      </object_component>
      <object_component id="oc-11b">
         <name>.text.SYSCFG_DL_UART_WIT_init</name>
         <load_address>0x794</load_address>
         <readonly>true</readonly>
         <executable>true</executable>
         <run_address>0x794</run_address>
         <size>0x94</size>
         <alignment>0x4</alignment>
         <input_file_ref idref="fl-2"/>
      </object_component>
      <object_component id="oc-117">
         <name>.text.SYSCFG_DL_PWM_0_init</name>
         <load_address>0x828</load_address>
         <readonly>true</readonly>
         <executable>true</executable>
         <run_address>0x828</run_address>
         <size>0x8c</size>
         <alignment>0x4</alignment>
         <input_file_ref idref="fl-2"/>
      </object_component>
      <object_component id="oc-68">
         <name>.text.Encoder_L_Update</name>
         <load_address>0x8b4</load_address>
         <readonly>true</readonly>
         <executable>true</executable>
         <run_address>0x8b4</run_address>
         <size>0x88</size>
         <alignment>0x4</alignment>
         <input_file_ref idref="fl-8"/>
      </object_component>
      <object_component id="oc-6e">
         <name>.text.Encoder_R_Update</name>
         <load_address>0x93c</load_address>
         <readonly>true</readonly>
         <executable>true</executable>
         <run_address>0x93c</run_address>
         <size>0x80</size>
         <alignment>0x4</alignment>
         <input_file_ref idref="fl-8"/>
      </object_component>
      <object_component id="oc-1c">
         <name>.text:decompress:lzss</name>
         <load_address>0x9bc</load_address>
         <readonly>true</readonly>
         <executable>true</executable>
         <run_address>0x9bc</run_address>
         <size>0x7c</size>
         <alignment>0x4</alignment>
         <input_file_ref idref="fl-3a"/>
      </object_component>
      <object_component id="oc-11c">
         <name>.text.SYSCFG_DL_DMA_init</name>
         <load_address>0xa38</load_address>
         <readonly>true</readonly>
         <executable>true</executable>
         <run_address>0xa38</run_address>
         <size>0x8</size>
         <alignment>0x2</alignment>
         <input_file_ref idref="fl-2"/>
      </object_component>
      <object_component id="oc-81">
         <name>.text.__truncdfsf2</name>
         <load_address>0xa40</load_address>
         <readonly>true</readonly>
         <executable>true</executable>
         <run_address>0xa40</run_address>
         <size>0x74</size>
         <alignment>0x10</alignment>
         <input_file_ref idref="fl-e7"/>
      </object_component>
      <object_component id="oc-39">
         <name>.text.GROUP1_IRQHandler</name>
         <load_address>0xab4</load_address>
         <readonly>true</readonly>
         <executable>true</executable>
         <run_address>0xab4</run_address>
         <size>0x70</size>
         <alignment>0x4</alignment>
         <input_file_ref idref="fl-5"/>
      </object_component>
      <object_component id="oc-11a">
         <name>.text.SYSCFG_DL_UART_0_init</name>
         <load_address>0xb24</load_address>
         <readonly>true</readonly>
         <executable>true</executable>
         <run_address>0xb24</run_address>
         <size>0x70</size>
         <alignment>0x4</alignment>
         <input_file_ref idref="fl-2"/>
      </object_component>
      <object_component id="oc-a0">
         <name>.text.main</name>
         <load_address>0xb94</load_address>
         <readonly>true</readonly>
         <executable>true</executable>
         <run_address>0xb94</run_address>
         <size>0x68</size>
         <alignment>0x4</alignment>
         <input_file_ref idref="fl-1"/>
      </object_component>
      <object_component id="oc-113">
         <name>.text.SYSCFG_DL_initPower</name>
         <load_address>0xbfc</load_address>
         <readonly>true</readonly>
         <executable>true</executable>
         <run_address>0xbfc</run_address>
         <size>0x60</size>
         <alignment>0x4</alignment>
         <input_file_ref idref="fl-2"/>
      </object_component>
      <object_component id="oc-6f">
         <name>.text.DL_UART_drainRXFIFO</name>
         <load_address>0xc5c</load_address>
         <readonly>true</readonly>
         <executable>true</executable>
         <run_address>0xc5c</run_address>
         <size>0x54</size>
         <alignment>0x4</alignment>
         <input_file_ref idref="fl-1c"/>
      </object_component>
      <object_component id="oc-119">
         <name>.text.SYSCFG_DL_I2C_MPU6050_init</name>
         <load_address>0xcb0</load_address>
         <readonly>true</readonly>
         <executable>true</executable>
         <run_address>0xcb0</run_address>
         <size>0x54</size>
         <alignment>0x4</alignment>
         <input_file_ref idref="fl-2"/>
      </object_component>
      <object_component id="oc-118">
         <name>.text.SYSCFG_DL_I2C_OLED_init</name>
         <load_address>0xd04</load_address>
         <readonly>true</readonly>
         <executable>true</executable>
         <run_address>0xd04</run_address>
         <size>0x54</size>
         <alignment>0x4</alignment>
         <input_file_ref idref="fl-2"/>
      </object_component>
      <object_component id="oc-115">
         <name>.text.SYSCFG_DL_SYSCTL_init</name>
         <load_address>0xd58</load_address>
         <readonly>true</readonly>
         <executable>true</executable>
         <run_address>0xd58</run_address>
         <size>0x54</size>
         <alignment>0x4</alignment>
         <input_file_ref idref="fl-2"/>
      </object_component>
      <object_component id="oc-e2">
         <name>.text.Encoder_Init</name>
         <load_address>0xdac</load_address>
         <readonly>true</readonly>
         <executable>true</executable>
         <run_address>0xdac</run_address>
         <size>0x50</size>
         <alignment>0x4</alignment>
         <input_file_ref idref="fl-8"/>
      </object_component>
      <object_component id="oc-167">
         <name>.text.DL_DMA_initChannel</name>
         <load_address>0xdfc</load_address>
         <readonly>true</readonly>
         <executable>true</executable>
         <run_address>0xdfc</run_address>
         <size>0x4c</size>
         <alignment>0x4</alignment>
         <input_file_ref idref="fl-19"/>
      </object_component>
      <object_component id="oc-7d">
         <name>.text.__fixdfsi</name>
         <load_address>0xe48</load_address>
         <readonly>true</readonly>
         <executable>true</executable>
         <run_address>0xe48</run_address>
         <size>0x4a</size>
         <alignment>0x4</alignment>
         <input_file_ref idref="fl-e3"/>
      </object_component>
      <object_component id="oc-14e">
         <name>.text.DL_UART_init</name>
         <load_address>0xe94</load_address>
         <readonly>true</readonly>
         <executable>true</executable>
         <run_address>0xe94</run_address>
         <size>0x48</size>
         <alignment>0x4</alignment>
         <input_file_ref idref="fl-1c"/>
      </object_component>
      <object_component id="oc-3c">
         <name>.text.UART0_IRQHandler</name>
         <load_address>0xedc</load_address>
         <readonly>true</readonly>
         <executable>true</executable>
         <run_address>0xedc</run_address>
         <size>0x40</size>
         <alignment>0x4</alignment>
         <input_file_ref idref="fl-a"/>
      </object_component>
      <object_component id="oc-f9">
         <name>.text:__TI_auto_init_nobinit_nopinit</name>
         <load_address>0xf1c</load_address>
         <readonly>true</readonly>
         <executable>true</executable>
         <run_address>0xf1c</run_address>
         <size>0x3c</size>
         <alignment>0x4</alignment>
         <input_file_ref idref="fl-35"/>
      </object_component>
      <object_component id="oc-c7">
         <name>.text.__muldsi3</name>
         <load_address>0xf58</load_address>
         <readonly>true</readonly>
         <executable>true</executable>
         <run_address>0xf58</run_address>
         <size>0x3a</size>
         <alignment>0x4</alignment>
         <input_file_ref idref="fl-e0"/>
      </object_component>
      <object_component id="oc-e7">
         <name>.text.Serial_SendInt16</name>
         <load_address>0xf94</load_address>
         <readonly>true</readonly>
         <executable>true</executable>
         <run_address>0xf94</run_address>
         <size>0x38</size>
         <alignment>0x4</alignment>
         <input_file_ref idref="fl-a"/>
      </object_component>
      <object_component id="oc-df">
         <name>.text.SysTick_Init</name>
         <load_address>0xfcc</load_address>
         <readonly>true</readonly>
         <executable>true</executable>
         <run_address>0xfcc</run_address>
         <size>0x38</size>
         <alignment>0x4</alignment>
         <input_file_ref idref="fl-4"/>
      </object_component>
      <object_component id="oc-da">
         <name>.text.SYSCFG_DL_init</name>
         <load_address>0x1004</load_address>
         <readonly>true</readonly>
         <executable>true</executable>
         <run_address>0x1004</run_address>
         <size>0x34</size>
         <alignment>0x4</alignment>
         <input_file_ref idref="fl-2"/>
      </object_component>
      <object_component id="oc-121">
         <name>.text.mspm0_delay_ms</name>
         <load_address>0x1038</load_address>
         <readonly>true</readonly>
         <executable>true</executable>
         <run_address>0x1038</run_address>
         <size>0x34</size>
         <alignment>0x4</alignment>
         <input_file_ref idref="fl-4"/>
      </object_component>
      <object_component id="oc-e6">
         <name>.text.Serial_SendString</name>
         <load_address>0x106c</load_address>
         <readonly>true</readonly>
         <executable>true</executable>
         <run_address>0x106c</run_address>
         <size>0x30</size>
         <alignment>0x4</alignment>
         <input_file_ref idref="fl-a"/>
      </object_component>
      <object_component id="oc-e3">
         <name>.text.WIT_Init</name>
         <load_address>0x109c</load_address>
         <readonly>true</readonly>
         <executable>true</executable>
         <run_address>0x109c</run_address>
         <size>0x30</size>
         <alignment>0x4</alignment>
         <input_file_ref idref="fl-7"/>
      </object_component>
      <object_component id="oc-75">
         <name>.text.__floatsidf</name>
         <load_address>0x10cc</load_address>
         <readonly>true</readonly>
         <executable>true</executable>
         <run_address>0x10cc</run_address>
         <size>0x2c</size>
         <alignment>0x4</alignment>
         <input_file_ref idref="fl-e5"/>
      </object_component>
      <object_component id="oc-5d">
         <name>.text:_c_int00_noargs</name>
         <load_address>0x10f8</load_address>
         <readonly>true</readonly>
         <executable>true</executable>
         <run_address>0x10f8</run_address>
         <size>0x28</size>
         <alignment>0x4</alignment>
         <input_file_ref idref="fl-33"/>
      </object_component>
      <object_component id="oc-145">
         <name>.text.DL_I2C_setClockConfig</name>
         <load_address>0x1120</load_address>
         <readonly>true</readonly>
         <executable>true</executable>
         <run_address>0x1120</run_address>
         <size>0x26</size>
         <alignment>0x2</alignment>
         <input_file_ref idref="fl-1a"/>
      </object_component>
      <object_component id="oc-141">
         <name>.text.DL_Timer_setCaptCompUpdateMethod</name>
         <load_address>0x1148</load_address>
         <readonly>true</readonly>
         <executable>true</executable>
         <run_address>0x1148</run_address>
         <size>0x1c</size>
         <alignment>0x4</alignment>
         <input_file_ref idref="fl-1b"/>
      </object_component>
      <object_component id="oc-139">
         <name>.text.DL_Timer_setClockConfig</name>
         <load_address>0x1164</load_address>
         <readonly>true</readonly>
         <executable>true</executable>
         <run_address>0x1164</run_address>
         <size>0x1c</size>
         <alignment>0x4</alignment>
         <input_file_ref idref="fl-1b"/>
      </object_component>
      <object_component id="oc-140">
         <name>.text.DL_Timer_setCaptureCompareOutCtl</name>
         <load_address>0x1180</load_address>
         <readonly>true</readonly>
         <executable>true</executable>
         <run_address>0x1180</run_address>
         <size>0x18</size>
         <alignment>0x4</alignment>
         <input_file_ref idref="fl-1b"/>
      </object_component>
      <object_component id="oc-e1">
         <name>.text.Interrupt_Init</name>
         <load_address>0x1198</load_address>
         <readonly>true</readonly>
         <executable>true</executable>
         <run_address>0x1198</run_address>
         <size>0x18</size>
         <alignment>0x4</alignment>
         <input_file_ref idref="fl-5"/>
      </object_component>
      <object_component id="oc-153">
         <name>.text.SYSCFG_DL_DMA_WIT_init</name>
         <load_address>0x11b0</load_address>
         <readonly>true</readonly>
         <executable>true</executable>
         <run_address>0x11b0</run_address>
         <size>0x18</size>
         <alignment>0x4</alignment>
         <input_file_ref idref="fl-2"/>
      </object_component>
      <object_component id="oc-e5">
         <name>.text.Serial_Init</name>
         <load_address>0x11c8</load_address>
         <readonly>true</readonly>
         <executable>true</executable>
         <run_address>0x11c8</run_address>
         <size>0x18</size>
         <alignment>0x4</alignment>
         <input_file_ref idref="fl-a"/>
      </object_component>
      <object_component id="oc-54">
         <name>.text:decompress:ZI:__TI_zero_init_nomemset</name>
         <load_address>0x11e0</load_address>
         <readonly>true</readonly>
         <executable>true</executable>
         <run_address>0x11e0</run_address>
         <size>0x16</size>
         <alignment>0x2</alignment>
         <input_file_ref idref="fl-38"/>
      </object_component>
      <object_component id="oc-14d">
         <name>.text.DL_UART_setClockConfig</name>
         <load_address>0x11f6</load_address>
         <readonly>true</readonly>
         <executable>true</executable>
         <run_address>0x11f6</run_address>
         <size>0x12</size>
         <alignment>0x2</alignment>
         <input_file_ref idref="fl-1c"/>
      </object_component>
      <object_component id="oc-20">
         <name>.text:decompress:none</name>
         <load_address>0x1208</load_address>
         <readonly>true</readonly>
         <executable>true</executable>
         <run_address>0x1208</run_address>
         <size>0x12</size>
         <alignment>0x2</alignment>
         <input_file_ref idref="fl-39"/>
      </object_component>
      <object_component id="oc-142">
         <name>.text.DL_Timer_setCaptureCompareValue</name>
         <load_address>0x121c</load_address>
         <readonly>true</readonly>
         <executable>true</executable>
         <run_address>0x121c</run_address>
         <size>0x10</size>
         <alignment>0x4</alignment>
         <input_file_ref idref="fl-1b"/>
      </object_component>
      <object_component id="oc-34">
         <name>.text.SysTick_Handler</name>
         <load_address>0x122c</load_address>
         <readonly>true</readonly>
         <executable>true</executable>
         <run_address>0x122c</run_address>
         <size>0x10</size>
         <alignment>0x4</alignment>
         <input_file_ref idref="fl-5"/>
      </object_component>
      <object_component id="oc-135">
         <name>.text.DL_Common_delayCycles</name>
         <load_address>0x123c</load_address>
         <readonly>true</readonly>
         <executable>true</executable>
         <run_address>0x123c</run_address>
         <size>0xa</size>
         <alignment>0x2</alignment>
         <input_file_ref idref="fl-18"/>
      </object_component>
      <object_component id="oc-4d">
         <name>.text.__aeabi_memcpy</name>
         <load_address>0x1248</load_address>
         <readonly>true</readonly>
         <executable>true</executable>
         <run_address>0x1248</run_address>
         <size>0x8</size>
         <alignment>0x4</alignment>
         <input_file_ref idref="fl-e9"/>
      </object_component>
      <object_component id="oc-e8">
         <name>.text.delay_ms</name>
         <load_address>0x1250</load_address>
         <readonly>true</readonly>
         <executable>true</executable>
         <run_address>0x1250</run_address>
         <size>0x8</size>
         <alignment>0x2</alignment>
         <input_file_ref idref="fl-6"/>
      </object_component>
      <object_component id="oc-f2">
         <name>.text:abort</name>
         <load_address>0x1258</load_address>
         <readonly>true</readonly>
         <executable>true</executable>
         <run_address>0x1258</run_address>
         <size>0x6</size>
         <alignment>0x2</alignment>
         <input_file_ref idref="fl-3b"/>
      </object_component>
      <object_component id="oc-124">
         <name>.text.HOSTexit</name>
         <load_address>0x125e</load_address>
         <readonly>true</readonly>
         <executable>true</executable>
         <run_address>0x125e</run_address>
         <size>0x4</size>
         <alignment>0x2</alignment>
         <input_file_ref idref="fl-dd"/>
      </object_component>
      <object_component id="oc-2f">
         <name>.text.Reset_Handler</name>
         <load_address>0x1262</load_address>
         <readonly>true</readonly>
         <executable>true</executable>
         <run_address>0x1262</run_address>
         <size>0x4</size>
         <alignment>0x2</alignment>
         <input_file_ref idref="fl-3"/>
      </object_component>
      <object_component id="oc-9c">
         <name>.text._system_pre_init</name>
         <load_address>0x1266</load_address>
         <readonly>true</readonly>
         <executable>true</executable>
         <run_address>0x1266</run_address>
         <size>0x4</size>
         <alignment>0x2</alignment>
         <input_file_ref idref="fl-36"/>
      </object_component>
      <object_component id="oc-1b0">
         <name>.cinit..data.load</name>
         <load_address>0x12b8</load_address>
         <readonly>true</readonly>
         <run_address>0x12b8</run_address>
         <size>0xc</size>
         <alignment>0x1</alignment>
      </object_component>
      <object_component id="oc-1ae">
         <name>__TI_handler_table</name>
         <load_address>0x12c4</load_address>
         <readonly>true</readonly>
         <run_address>0x12c4</run_address>
         <size>0xc</size>
         <alignment>0x4</alignment>
      </object_component>
      <object_component id="oc-1b1">
         <name>.cinit..bss.load</name>
         <load_address>0x12d0</load_address>
         <readonly>true</readonly>
         <run_address>0x12d0</run_address>
         <size>0x8</size>
         <alignment>0x4</alignment>
      </object_component>
      <object_component id="oc-1af">
         <name>__TI_cinit_table</name>
         <load_address>0x12d8</load_address>
         <readonly>true</readonly>
         <run_address>0x12d8</run_address>
         <size>0x10</size>
         <alignment>0x4</alignment>
      </object_component>
      <object_component id="oc-16b">
         <name>.rodata.gDMA_WITConfig</name>
         <load_address>0x1270</load_address>
         <readonly>true</readonly>
         <run_address>0x1270</run_address>
         <size>0x18</size>
         <alignment>0x4</alignment>
         <input_file_ref idref="fl-2"/>
      </object_component>
      <object_component id="oc-150">
         <name>.rodata.gUART_0Config</name>
         <load_address>0x1288</load_address>
         <readonly>true</readonly>
         <run_address>0x1288</run_address>
         <size>0xa</size>
         <alignment>0x2</alignment>
         <input_file_ref idref="fl-2"/>
      </object_component>
      <object_component id="oc-152">
         <name>.rodata.gUART_WITConfig</name>
         <load_address>0x1292</load_address>
         <readonly>true</readonly>
         <run_address>0x1292</run_address>
         <size>0xa</size>
         <alignment>0x2</alignment>
         <input_file_ref idref="fl-2"/>
      </object_component>
      <object_component id="oc-144">
         <name>.rodata.gPWM_0Config</name>
         <load_address>0x129c</load_address>
         <readonly>true</readonly>
         <run_address>0x129c</run_address>
         <size>0x8</size>
         <alignment>0x4</alignment>
         <input_file_ref idref="fl-2"/>
      </object_component>
      <object_component id="oc-ee">
         <name>.rodata.str1.18227636981041470289.1</name>
         <load_address>0x12a4</load_address>
         <readonly>true</readonly>
         <run_address>0x12a4</run_address>
         <size>0x4</size>
         <alignment>0x1</alignment>
         <input_file_ref idref="fl-1"/>
      </object_component>
      <object_component id="oc-143">
         <name>.rodata.gPWM_0ClockConfig</name>
         <load_address>0x12a8</load_address>
         <readonly>true</readonly>
         <run_address>0x12a8</run_address>
         <size>0x3</size>
         <alignment>0x1</alignment>
         <input_file_ref idref="fl-2"/>
      </object_component>
      <object_component id="oc-ef">
         <name>.rodata.str1.2846389346932560359.1</name>
         <load_address>0x12ab</load_address>
         <readonly>true</readonly>
         <run_address>0x12ab</run_address>
         <size>0x3</size>
         <alignment>0x1</alignment>
         <input_file_ref idref="fl-1"/>
      </object_component>
      <object_component id="oc-14c">
         <name>.rodata.gI2C_MPU6050ClockConfig</name>
         <load_address>0x12ae</load_address>
         <readonly>true</readonly>
         <run_address>0x12ae</run_address>
         <size>0x2</size>
         <alignment>0x1</alignment>
         <input_file_ref idref="fl-2"/>
      </object_component>
      <object_component id="oc-14b">
         <name>.rodata.gI2C_OLEDClockConfig</name>
         <load_address>0x12b0</load_address>
         <readonly>true</readonly>
         <run_address>0x12b0</run_address>
         <size>0x2</size>
         <alignment>0x1</alignment>
         <input_file_ref idref="fl-2"/>
      </object_component>
      <object_component id="oc-14f">
         <name>.rodata.gUART_0ClockConfig</name>
         <load_address>0x12b2</load_address>
         <readonly>true</readonly>
         <run_address>0x12b2</run_address>
         <size>0x2</size>
         <alignment>0x1</alignment>
         <input_file_ref idref="fl-2"/>
      </object_component>
      <object_component id="oc-151">
         <name>.rodata.gUART_WITClockConfig</name>
         <load_address>0x12b4</load_address>
         <readonly>true</readonly>
         <run_address>0x12b4</run_address>
         <size>0x2</size>
         <alignment>0x1</alignment>
         <input_file_ref idref="fl-2"/>
      </object_component>
      <object_component id="oc-178">
         <name>.binit</name>
         <load_address>0x0</load_address>
         <readonly>true</readonly>
         <run_address>0x0</run_address>
         <size>0x0</size>
         <alignment>0x4</alignment>
      </object_component>
      <object_component id="oc-120">
         <name>.data.enable_group1_irq</name>
         <load_address>0x202001ae</load_address>
         <readwrite>true</readwrite>
         <run_address>0x202001ae</run_address>
         <size>0x1</size>
         <alignment>0x1</alignment>
         <input_file_ref idref="fl-5"/>
      </object_component>
      <object_component id="oc-89">
         <name>.data.wit_rx_count</name>
         <load_address>0x202001a4</load_address>
         <readwrite>true</readwrite>
         <run_address>0x202001a4</run_address>
         <size>0x4</size>
         <alignment>0x4</alignment>
         <input_file_ref idref="fl-7"/>
      </object_component>
      <object_component id="oc-8c">
         <name>.data.wit_angle_count</name>
         <load_address>0x202001a0</load_address>
         <readwrite>true</readwrite>
         <run_address>0x202001a0</run_address>
         <size>0x4</size>
         <alignment>0x4</alignment>
         <input_file_ref idref="fl-7"/>
      </object_component>
      <object_component id="oc-b5">
         <name>.data.Encoder_L_Count</name>
         <load_address>0x20200188</load_address>
         <readwrite>true</readwrite>
         <run_address>0x20200188</run_address>
         <size>0x4</size>
         <alignment>0x4</alignment>
         <input_file_ref idref="fl-8"/>
      </object_component>
      <object_component id="oc-bc">
         <name>.data.Encoder_R_Count</name>
         <load_address>0x2020018c</load_address>
         <readwrite>true</readwrite>
         <run_address>0x2020018c</run_address>
         <size>0x4</size>
         <alignment>0x4</alignment>
         <input_file_ref idref="fl-8"/>
      </object_component>
      <object_component id="oc-b8">
         <name>.data.g_L_lastTimeUs</name>
         <load_address>0x20200190</load_address>
         <readwrite>true</readwrite>
         <run_address>0x20200190</run_address>
         <size>0x4</size>
         <alignment>0x4</alignment>
         <input_file_ref idref="fl-8"/>
      </object_component>
      <object_component id="oc-b9">
         <name>.data.g_L_periodUs</name>
         <load_address>0x20200194</load_address>
         <readwrite>true</readwrite>
         <run_address>0x20200194</run_address>
         <size>0x4</size>
         <alignment>0x4</alignment>
         <input_file_ref idref="fl-8"/>
      </object_component>
      <object_component id="oc-b7">
         <name>.data.g_L_valid</name>
         <load_address>0x202001af</load_address>
         <readwrite>true</readwrite>
         <run_address>0x202001af</run_address>
         <size>0x1</size>
         <alignment>0x1</alignment>
         <input_file_ref idref="fl-8"/>
      </object_component>
      <object_component id="oc-bf">
         <name>.data.g_R_lastTimeUs</name>
         <load_address>0x20200198</load_address>
         <readwrite>true</readwrite>
         <run_address>0x20200198</run_address>
         <size>0x4</size>
         <alignment>0x4</alignment>
         <input_file_ref idref="fl-8"/>
      </object_component>
      <object_component id="oc-c0">
         <name>.data.g_R_periodUs</name>
         <load_address>0x2020019c</load_address>
         <readwrite>true</readwrite>
         <run_address>0x2020019c</run_address>
         <size>0x4</size>
         <alignment>0x4</alignment>
         <input_file_ref idref="fl-8"/>
      </object_component>
      <object_component id="oc-be">
         <name>.data.g_R_valid</name>
         <load_address>0x202001b0</load_address>
         <readwrite>true</readwrite>
         <run_address>0x202001b0</run_address>
         <size>0x1</size>
         <alignment>0x1</alignment>
         <input_file_ref idref="fl-8"/>
      </object_component>
      <object_component id="oc-b6">
         <name>.data.direction_L</name>
         <load_address>0x202001ac</load_address>
         <readwrite>true</readwrite>
         <run_address>0x202001ac</run_address>
         <size>0x1</size>
         <alignment>0x1</alignment>
         <input_file_ref idref="fl-8"/>
      </object_component>
      <object_component id="oc-bd">
         <name>.data.direction_R</name>
         <load_address>0x202001ad</load_address>
         <readwrite>true</readwrite>
         <run_address>0x202001ad</run_address>
         <size>0x1</size>
         <alignment>0x1</alignment>
         <input_file_ref idref="fl-8"/>
      </object_component>
      <object_component id="oc-8e">
         <name>.data.serial_rx_head</name>
         <load_address>0x202001a8</load_address>
         <readwrite>true</readwrite>
         <run_address>0x202001a8</run_address>
         <size>0x2</size>
         <alignment>0x2</alignment>
         <input_file_ref idref="fl-a"/>
      </object_component>
      <object_component id="oc-8f">
         <name>.data.serial_rx_tail</name>
         <load_address>0x202001aa</load_address>
         <readwrite>true</readwrite>
         <run_address>0x202001aa</run_address>
         <size>0x2</size>
         <alignment>0x2</alignment>
         <input_file_ref idref="fl-a"/>
      </object_component>
      <object_component id="oc-90">
         <name>.bss.serial_rx_buf</name>
         <uninitialized>true</uninitialized>
         <readwrite>true</readwrite>
         <run_address>0x202000bc</run_address>
         <size>0x80</size>
         <alignment>0x1</alignment>
         <input_file_ref idref="fl-a"/>
      </object_component>
      <object_component id="oc-11d">
         <name>.common:gPWM_0Backup</name>
         <uninitialized>true</uninitialized>
         <readwrite>true</readwrite>
         <run_address>0x20200000</run_address>
         <size>0xbc</size>
         <alignment>0x4</alignment>
      </object_component>
      <object_component id="oc-64">
         <name>.common:tick_ms</name>
         <uninitialized>true</uninitialized>
         <readwrite>true</readwrite>
         <run_address>0x20200184</run_address>
         <size>0x4</size>
         <alignment>0x4</alignment>
      </object_component>
      <object_component id="oc-154">
         <name>.common:start_time</name>
         <uninitialized>true</uninitialized>
         <readwrite>true</readwrite>
         <run_address>0x20200180</run_address>
         <size>0x4</size>
         <alignment>0x4</alignment>
      </object_component>
      <object_component id="oc-8b">
         <name>.common:wit_dmaBuffer</name>
         <uninitialized>true</uninitialized>
         <readwrite>true</readwrite>
         <run_address>0x2020013c</run_address>
         <size>0x21</size>
         <alignment>0x1</alignment>
      </object_component>
      <object_component id="oc-8d">
         <name>.common:wit_data</name>
         <uninitialized>true</uninitialized>
         <readwrite>true</readwrite>
         <run_address>0x20200160</run_address>
         <size>0x20</size>
         <alignment>0x4</alignment>
      </object_component>
      <object_component id="oc-1a">
         <name>.stack</name>
         <uninitialized>true</uninitialized>
         <readwrite>true</readwrite>
         <run_address>0x20207e00</run_address>
         <size>0x4</size>
         <alignment>0x4</alignment>
         <input_file_ref idref="fl-33"/>
      </object_component>
      <object_component id="oc-1b3">
         <name>.stack</name>
         <uninitialized>true</uninitialized>
         <readwrite>true</readwrite>
         <run_address>0x20207e00</run_address>
         <size>0x0</size>
         <alignment>0x8</alignment>
      </object_component>
      <object_component id="oc-a3">
         <name>.debug_loc</name>
         <load_address>0x0</load_address>
         <run_address>0x0</run_address>
         <size>0x25</size>
         <alignment>0x1</alignment>
         <input_file_ref idref="fl-1"/>
      </object_component>
      <object_component id="oc-116">
         <name>.debug_loc</name>
         <load_address>0x25</load_address>
         <run_address>0x25</run_address>
         <size>0x27e</size>
         <alignment>0x1</alignment>
         <input_file_ref idref="fl-2"/>
      </object_component>
      <object_component id="oc-b4">
         <name>.debug_loc</name>
         <load_address>0x2a3</load_address>
         <run_address>0x2a3</run_address>
         <size>0x68</size>
         <alignment>0x1</alignment>
         <input_file_ref idref="fl-4"/>
      </object_component>
      <object_component id="oc-3b">
         <name>.debug_loc</name>
         <load_address>0x30b</load_address>
         <run_address>0x30b</run_address>
         <size>0x1b8</size>
         <alignment>0x1</alignment>
         <input_file_ref idref="fl-5"/>
      </object_component>
      <object_component id="oc-e9">
         <name>.debug_loc</name>
         <load_address>0x4c3</load_address>
         <run_address>0x4c3</run_address>
         <size>0x1601</size>
         <alignment>0x1</alignment>
         <input_file_ref idref="fl-6"/>
      </object_component>
      <object_component id="oc-cf">
         <name>.debug_loc</name>
         <load_address>0x1ac4</load_address>
         <run_address>0x1ac4</run_address>
         <size>0x13</size>
         <alignment>0x1</alignment>
         <input_file_ref idref="fl-7"/>
      </object_component>
      <object_component id="oc-6b">
         <name>.debug_loc</name>
         <load_address>0x1ad7</load_address>
         <run_address>0x1ad7</run_address>
         <size>0x17a</size>
         <alignment>0x1</alignment>
         <input_file_ref idref="fl-8"/>
      </object_component>
      <object_component id="oc-3f">
         <name>.debug_loc</name>
         <load_address>0x1c51</load_address>
         <run_address>0x1c51</run_address>
         <size>0x65d</size>
         <alignment>0x1</alignment>
         <input_file_ref idref="fl-a"/>
      </object_component>
      <object_component id="oc-162">
         <name>.debug_loc</name>
         <load_address>0x22ae</load_address>
         <run_address>0x22ae</run_address>
         <size>0x13</size>
         <alignment>0x1</alignment>
         <input_file_ref idref="fl-18"/>
      </object_component>
      <object_component id="oc-16e">
         <name>.debug_loc</name>
         <load_address>0x22c1</load_address>
         <run_address>0x22c1</run_address>
         <size>0xd0</size>
         <alignment>0x1</alignment>
         <input_file_ref idref="fl-19"/>
      </object_component>
      <object_component id="oc-149">
         <name>.debug_loc</name>
         <load_address>0x2391</load_address>
         <run_address>0x2391</run_address>
         <size>0x352</size>
         <alignment>0x1</alignment>
         <input_file_ref idref="fl-1a"/>
      </object_component>
      <object_component id="oc-13e">
         <name>.debug_loc</name>
         <load_address>0x26e3</load_address>
         <run_address>0x26e3</run_address>
         <size>0x1a27</size>
         <alignment>0x1</alignment>
         <input_file_ref idref="fl-1b"/>
      </object_component>
      <object_component id="oc-70">
         <name>.debug_loc</name>
         <load_address>0x410a</load_address>
         <run_address>0x410a</run_address>
         <size>0x7bc</size>
         <alignment>0x1</alignment>
         <input_file_ref idref="fl-1c"/>
      </object_component>
      <object_component id="oc-48">
         <name>.debug_loc</name>
         <load_address>0x48c6</load_address>
         <run_address>0x48c6</run_address>
         <size>0xd8</size>
         <alignment>0x1</alignment>
         <input_file_ref idref="fl-33"/>
      </object_component>
      <object_component id="oc-fd">
         <name>.debug_loc</name>
         <load_address>0x499e</load_address>
         <run_address>0x499e</run_address>
         <size>0x424</size>
         <alignment>0x1</alignment>
         <input_file_ref idref="fl-35"/>
      </object_component>
      <object_component id="oc-59">
         <name>.debug_loc</name>
         <load_address>0x4dc2</load_address>
         <run_address>0x4dc2</run_address>
         <size>0x16c</size>
         <alignment>0x1</alignment>
         <input_file_ref idref="fl-38"/>
      </object_component>
      <object_component id="oc-53">
         <name>.debug_loc</name>
         <load_address>0x4f2e</load_address>
         <run_address>0x4f2e</run_address>
         <size>0x6f</size>
         <alignment>0x1</alignment>
         <input_file_ref idref="fl-39"/>
      </object_component>
      <object_component id="oc-4b">
         <name>.debug_loc</name>
         <load_address>0x4f9d</load_address>
         <run_address>0x4f9d</run_address>
         <size>0x167</size>
         <alignment>0x1</alignment>
         <input_file_ref idref="fl-3a"/>
      </object_component>
      <object_component id="oc-f8">
         <name>.debug_loc</name>
         <load_address>0x5104</load_address>
         <run_address>0x5104</run_address>
         <size>0x26</size>
         <alignment>0x1</alignment>
         <input_file_ref idref="fl-3b"/>
      </object_component>
      <object_component id="oc-f0">
         <name>.debug_abbrev</name>
         <load_address>0x0</load_address>
         <run_address>0x0</run_address>
         <size>0x138</size>
         <alignment>0x1</alignment>
         <input_file_ref idref="fl-1"/>
      </object_component>
      <object_component id="oc-11e">
         <name>.debug_abbrev</name>
         <load_address>0x138</load_address>
         <run_address>0x138</run_address>
         <size>0x24e</size>
         <alignment>0x1</alignment>
         <input_file_ref idref="fl-2"/>
      </object_component>
      <object_component id="oc-42">
         <name>.debug_abbrev</name>
         <load_address>0x386</load_address>
         <run_address>0x386</run_address>
         <size>0x6d</size>
         <alignment>0x1</alignment>
         <input_file_ref idref="fl-3"/>
      </object_component>
      <object_component id="oc-b0">
         <name>.debug_abbrev</name>
         <load_address>0x3f3</load_address>
         <run_address>0x3f3</run_address>
         <size>0x159</size>
         <alignment>0x1</alignment>
         <input_file_ref idref="fl-4"/>
      </object_component>
      <object_component id="oc-66">
         <name>.debug_abbrev</name>
         <load_address>0x54c</load_address>
         <run_address>0x54c</run_address>
         <size>0x1de</size>
         <alignment>0x1</alignment>
         <input_file_ref idref="fl-5"/>
      </object_component>
      <object_component id="oc-122">
         <name>.debug_abbrev</name>
         <load_address>0x72a</load_address>
         <run_address>0x72a</run_address>
         <size>0x2a3</size>
         <alignment>0x1</alignment>
         <input_file_ref idref="fl-6"/>
      </object_component>
      <object_component id="oc-cc">
         <name>.debug_abbrev</name>
         <load_address>0x9cd</load_address>
         <run_address>0x9cd</run_address>
         <size>0x147</size>
         <alignment>0x1</alignment>
         <input_file_ref idref="fl-7"/>
      </object_component>
      <object_component id="oc-ba">
         <name>.debug_abbrev</name>
         <load_address>0xb14</load_address>
         <run_address>0xb14</run_address>
         <size>0x214</size>
         <alignment>0x1</alignment>
         <input_file_ref idref="fl-8"/>
      </object_component>
      <object_component id="oc-91">
         <name>.debug_abbrev</name>
         <load_address>0xd28</load_address>
         <run_address>0xd28</run_address>
         <size>0x276</size>
         <alignment>0x1</alignment>
         <input_file_ref idref="fl-a"/>
      </object_component>
      <object_component id="oc-160">
         <name>.debug_abbrev</name>
         <load_address>0xf9e</load_address>
         <run_address>0xf9e</run_address>
         <size>0x62</size>
         <alignment>0x1</alignment>
         <input_file_ref idref="fl-18"/>
      </object_component>
      <object_component id="oc-16c">
         <name>.debug_abbrev</name>
         <load_address>0x1000</load_address>
         <run_address>0x1000</run_address>
         <size>0x180</size>
         <alignment>0x1</alignment>
         <input_file_ref idref="fl-19"/>
      </object_component>
      <object_component id="oc-165">
         <name>.debug_abbrev</name>
         <load_address>0x1180</load_address>
         <run_address>0x1180</run_address>
         <size>0x1e7</size>
         <alignment>0x1</alignment>
         <input_file_ref idref="fl-1a"/>
      </object_component>
      <object_component id="oc-163">
         <name>.debug_abbrev</name>
         <load_address>0x1367</load_address>
         <run_address>0x1367</run_address>
         <size>0x286</size>
         <alignment>0x1</alignment>
         <input_file_ref idref="fl-1b"/>
      </object_component>
      <object_component id="oc-c1">
         <name>.debug_abbrev</name>
         <load_address>0x15ed</load_address>
         <run_address>0x15ed</run_address>
         <size>0x29b</size>
         <alignment>0x1</alignment>
         <input_file_ref idref="fl-1c"/>
      </object_component>
      <object_component id="oc-44">
         <name>.debug_abbrev</name>
         <load_address>0x1888</load_address>
         <run_address>0x1888</run_address>
         <size>0xaf</size>
         <alignment>0x1</alignment>
         <input_file_ref idref="fl-33"/>
      </object_component>
      <object_component id="oc-12e">
         <name>.debug_abbrev</name>
         <load_address>0x1937</load_address>
         <run_address>0x1937</run_address>
         <size>0x170</size>
         <alignment>0x1</alignment>
         <input_file_ref idref="fl-35"/>
      </object_component>
      <object_component id="oc-d8">
         <name>.debug_abbrev</name>
         <load_address>0x1aa7</load_address>
         <run_address>0x1aa7</run_address>
         <size>0x39</size>
         <alignment>0x1</alignment>
         <input_file_ref idref="fl-36"/>
      </object_component>
      <object_component id="oc-95">
         <name>.debug_abbrev</name>
         <load_address>0x1ae0</load_address>
         <run_address>0x1ae0</run_address>
         <size>0xc2</size>
         <alignment>0x1</alignment>
         <input_file_ref idref="fl-38"/>
      </object_component>
      <object_component id="oc-51">
         <name>.debug_abbrev</name>
         <load_address>0x1ba2</load_address>
         <run_address>0x1ba2</run_address>
         <size>0x70</size>
         <alignment>0x1</alignment>
         <input_file_ref idref="fl-39"/>
      </object_component>
      <object_component id="oc-49">
         <name>.debug_abbrev</name>
         <load_address>0x1c12</load_address>
         <run_address>0x1c12</run_address>
         <size>0x8d</size>
         <alignment>0x1</alignment>
         <input_file_ref idref="fl-3a"/>
      </object_component>
      <object_component id="oc-128">
         <name>.debug_abbrev</name>
         <load_address>0x1c9f</load_address>
         <run_address>0x1c9f</run_address>
         <size>0x98</size>
         <alignment>0x1</alignment>
         <input_file_ref idref="fl-3b"/>
      </object_component>
      <object_component id="oc-155">
         <name>.debug_abbrev</name>
         <load_address>0x1d37</load_address>
         <run_address>0x1d37</run_address>
         <size>0x2c</size>
         <alignment>0x1</alignment>
         <input_file_ref idref="fl-dd"/>
      </object_component>
      <object_component id="oc-cb">
         <name>.debug_abbrev</name>
         <load_address>0x1d63</load_address>
         <run_address>0x1d63</run_address>
         <size>0x27</size>
         <alignment>0x1</alignment>
         <input_file_ref idref="fl-df"/>
      </object_component>
      <object_component id="oc-10b">
         <name>.debug_abbrev</name>
         <load_address>0x1d8a</load_address>
         <run_address>0x1d8a</run_address>
         <size>0x27</size>
         <alignment>0x1</alignment>
         <input_file_ref idref="fl-e0"/>
      </object_component>
      <object_component id="oc-c4">
         <name>.debug_abbrev</name>
         <load_address>0x1db1</load_address>
         <run_address>0x1db1</run_address>
         <size>0x27</size>
         <alignment>0x1</alignment>
         <input_file_ref idref="fl-e2"/>
      </object_component>
      <object_component id="oc-c5">
         <name>.debug_abbrev</name>
         <load_address>0x1dd8</load_address>
         <run_address>0x1dd8</run_address>
         <size>0x27</size>
         <alignment>0x1</alignment>
         <input_file_ref idref="fl-e3"/>
      </object_component>
      <object_component id="oc-c3">
         <name>.debug_abbrev</name>
         <load_address>0x1dff</load_address>
         <run_address>0x1dff</run_address>
         <size>0x27</size>
         <alignment>0x1</alignment>
         <input_file_ref idref="fl-e5"/>
      </object_component>
      <object_component id="oc-c6">
         <name>.debug_abbrev</name>
         <load_address>0x1e26</load_address>
         <run_address>0x1e26</run_address>
         <size>0x27</size>
         <alignment>0x1</alignment>
         <input_file_ref idref="fl-e7"/>
      </object_component>
      <object_component id="oc-94">
         <name>.debug_abbrev</name>
         <load_address>0x1e4d</load_address>
         <run_address>0x1e4d</run_address>
         <size>0x27</size>
         <alignment>0x1</alignment>
         <input_file_ref idref="fl-e9"/>
      </object_component>
      <object_component id="oc-10c">
         <name>.debug_abbrev</name>
         <load_address>0x1e74</load_address>
         <run_address>0x1e74</run_address>
         <size>0x25</size>
         <alignment>0x1</alignment>
         <input_file_ref idref="fl-ef"/>
      </object_component>
      <object_component id="oc-1b5">
         <name>.debug_abbrev</name>
         <load_address>0x1e99</load_address>
         <run_address>0x1e99</run_address>
         <size>0xf</size>
         <alignment>0x0</alignment>
      </object_component>
      <object_component id="oc-a1">
         <name>.debug_info</name>
         <load_address>0x0</load_address>
         <run_address>0x0</run_address>
         <size>0xe7c</size>
         <alignment>0x1</alignment>
         <input_file_ref idref="fl-1"/>
      </object_component>
      <object_component id="oc-db">
         <name>.debug_info</name>
         <load_address>0xe7c</load_address>
         <run_address>0xe7c</run_address>
         <size>0x44d2</size>
         <alignment>0x1</alignment>
         <input_file_ref idref="fl-2"/>
      </object_component>
      <object_component id="oc-19">
         <name>.debug_info</name>
         <load_address>0x534e</load_address>
         <run_address>0x534e</run_address>
         <size>0x80</size>
         <alignment>0x1</alignment>
         <input_file_ref idref="fl-3"/>
      </object_component>
      <object_component id="oc-65">
         <name>.debug_info</name>
         <load_address>0x53ce</load_address>
         <run_address>0x53ce</run_address>
         <size>0x456</size>
         <alignment>0x1</alignment>
         <input_file_ref idref="fl-4"/>
      </object_component>
      <object_component id="oc-38">
         <name>.debug_info</name>
         <load_address>0x5824</load_address>
         <run_address>0x5824</run_address>
         <size>0x16d4</size>
         <alignment>0x1</alignment>
         <input_file_ref idref="fl-5"/>
      </object_component>
      <object_component id="oc-ec">
         <name>.debug_info</name>
         <load_address>0x6ef8</load_address>
         <run_address>0x6ef8</run_address>
         <size>0x2881</size>
         <alignment>0x1</alignment>
         <input_file_ref idref="fl-6"/>
      </object_component>
      <object_component id="oc-8a">
         <name>.debug_info</name>
         <load_address>0x9779</load_address>
         <run_address>0x9779</run_address>
         <size>0xc96</size>
         <alignment>0x1</alignment>
         <input_file_ref idref="fl-7"/>
      </object_component>
      <object_component id="oc-6c">
         <name>.debug_info</name>
         <load_address>0xa40f</load_address>
         <run_address>0xa40f</run_address>
         <size>0xe16</size>
         <alignment>0x1</alignment>
         <input_file_ref idref="fl-8"/>
      </object_component>
      <object_component id="oc-40">
         <name>.debug_info</name>
         <load_address>0xb225</load_address>
         <run_address>0xb225</run_address>
         <size>0xdad</size>
         <alignment>0x1</alignment>
         <input_file_ref idref="fl-a"/>
      </object_component>
      <object_component id="oc-137">
         <name>.debug_info</name>
         <load_address>0xbfd2</load_address>
         <run_address>0xbfd2</run_address>
         <size>0x75</size>
         <alignment>0x1</alignment>
         <input_file_ref idref="fl-18"/>
      </object_component>
      <object_component id="oc-168">
         <name>.debug_info</name>
         <load_address>0xc047</load_address>
         <run_address>0xc047</run_address>
         <size>0x6ea</size>
         <alignment>0x1</alignment>
         <input_file_ref idref="fl-19"/>
      </object_component>
      <object_component id="oc-148">
         <name>.debug_info</name>
         <load_address>0xc731</load_address>
         <run_address>0xc731</run_address>
         <size>0xcc2</size>
         <alignment>0x1</alignment>
         <input_file_ref idref="fl-1a"/>
      </object_component>
      <object_component id="oc-13c">
         <name>.debug_info</name>
         <load_address>0xd3f3</load_address>
         <run_address>0xd3f3</run_address>
         <size>0x3172</size>
         <alignment>0x1</alignment>
         <input_file_ref idref="fl-1b"/>
      </object_component>
      <object_component id="oc-73">
         <name>.debug_info</name>
         <load_address>0x10565</load_address>
         <run_address>0x10565</run_address>
         <size>0x12a6</size>
         <alignment>0x1</alignment>
         <input_file_ref idref="fl-1c"/>
      </object_component>
      <object_component id="oc-1b">
         <name>.debug_info</name>
         <load_address>0x1180b</load_address>
         <run_address>0x1180b</run_address>
         <size>0x423</size>
         <alignment>0x1</alignment>
         <input_file_ref idref="fl-33"/>
      </object_component>
      <object_component id="oc-fb">
         <name>.debug_info</name>
         <load_address>0x11c2e</load_address>
         <run_address>0x11c2e</run_address>
         <size>0x744</size>
         <alignment>0x1</alignment>
         <input_file_ref idref="fl-35"/>
      </object_component>
      <object_component id="oc-9d">
         <name>.debug_info</name>
         <load_address>0x12372</load_address>
         <run_address>0x12372</run_address>
         <size>0x46</size>
         <alignment>0x1</alignment>
         <input_file_ref idref="fl-36"/>
      </object_component>
      <object_component id="oc-56">
         <name>.debug_info</name>
         <load_address>0x123b8</load_address>
         <run_address>0x123b8</run_address>
         <size>0x192</size>
         <alignment>0x1</alignment>
         <input_file_ref idref="fl-38"/>
      </object_component>
      <object_component id="oc-21">
         <name>.debug_info</name>
         <load_address>0x1254a</load_address>
         <run_address>0x1254a</run_address>
         <size>0xc6</size>
         <alignment>0x1</alignment>
         <input_file_ref idref="fl-39"/>
      </object_component>
      <object_component id="oc-1e">
         <name>.debug_info</name>
         <load_address>0x12610</load_address>
         <run_address>0x12610</run_address>
         <size>0x17c</size>
         <alignment>0x1</alignment>
         <input_file_ref idref="fl-3a"/>
      </object_component>
      <object_component id="oc-f3">
         <name>.debug_info</name>
         <load_address>0x1278c</load_address>
         <run_address>0x1278c</run_address>
         <size>0xf8</size>
         <alignment>0x1</alignment>
         <input_file_ref idref="fl-3b"/>
      </object_component>
      <object_component id="oc-125">
         <name>.debug_info</name>
         <load_address>0x12884</load_address>
         <run_address>0x12884</run_address>
         <size>0x3b</size>
         <alignment>0x1</alignment>
         <input_file_ref idref="fl-dd"/>
      </object_component>
      <object_component id="oc-86">
         <name>.debug_info</name>
         <load_address>0x128bf</load_address>
         <run_address>0x128bf</run_address>
         <size>0x17f</size>
         <alignment>0x1</alignment>
         <input_file_ref idref="fl-df"/>
      </object_component>
      <object_component id="oc-c8">
         <name>.debug_info</name>
         <load_address>0x12a3e</load_address>
         <run_address>0x12a3e</run_address>
         <size>0x181</size>
         <alignment>0x1</alignment>
         <input_file_ref idref="fl-e0"/>
      </object_component>
      <object_component id="oc-7c">
         <name>.debug_info</name>
         <load_address>0x12bbf</load_address>
         <run_address>0x12bbf</run_address>
         <size>0x17f</size>
         <alignment>0x1</alignment>
         <input_file_ref idref="fl-e2"/>
      </object_component>
      <object_component id="oc-7e">
         <name>.debug_info</name>
         <load_address>0x12d3e</load_address>
         <run_address>0x12d3e</run_address>
         <size>0x181</size>
         <alignment>0x1</alignment>
         <input_file_ref idref="fl-e3"/>
      </object_component>
      <object_component id="oc-76">
         <name>.debug_info</name>
         <load_address>0x12ebf</load_address>
         <run_address>0x12ebf</run_address>
         <size>0x185</size>
         <alignment>0x1</alignment>
         <input_file_ref idref="fl-e5"/>
      </object_component>
      <object_component id="oc-83">
         <name>.debug_info</name>
         <load_address>0x13044</load_address>
         <run_address>0x13044</run_address>
         <size>0x187</size>
         <alignment>0x1</alignment>
         <input_file_ref idref="fl-e7"/>
      </object_component>
      <object_component id="oc-4e">
         <name>.debug_info</name>
         <load_address>0x131cb</load_address>
         <run_address>0x131cb</run_address>
         <size>0x18b</size>
         <alignment>0x1</alignment>
         <input_file_ref idref="fl-e9"/>
      </object_component>
      <object_component id="oc-d1">
         <name>.debug_info</name>
         <load_address>0x13356</load_address>
         <run_address>0x13356</run_address>
         <size>0x2f3</size>
         <alignment>0x1</alignment>
         <input_file_ref idref="fl-ef"/>
      </object_component>
      <object_component id="oc-1b4">
         <name>.debug_info</name>
         <load_address>0x13649</load_address>
         <run_address>0x13649</run_address>
         <size>0xc2</size>
         <alignment>0x0</alignment>
      </object_component>
      <object_component id="oc-a4">
         <name>.debug_ranges</name>
         <load_address>0x0</load_address>
         <run_address>0x0</run_address>
         <size>0x38</size>
         <alignment>0x1</alignment>
         <input_file_ref idref="fl-1"/>
      </object_component>
      <object_component id="oc-dc">
         <name>.debug_ranges</name>
         <load_address>0x38</load_address>
         <run_address>0x38</run_address>
         <size>0x70</size>
         <alignment>0x1</alignment>
         <input_file_ref idref="fl-2"/>
      </object_component>
      <object_component id="oc-31">
         <name>.debug_ranges</name>
         <load_address>0xa8</load_address>
         <run_address>0xa8</run_address>
         <size>0x18</size>
         <alignment>0x1</alignment>
         <input_file_ref idref="fl-3"/>
      </object_component>
      <object_component id="oc-b3">
         <name>.debug_ranges</name>
         <load_address>0xc0</load_address>
         <run_address>0xc0</run_address>
         <size>0x20</size>
         <alignment>0x1</alignment>
         <input_file_ref idref="fl-4"/>
      </object_component>
      <object_component id="oc-36">
         <name>.debug_ranges</name>
         <load_address>0xe0</load_address>
         <run_address>0xe0</run_address>
         <size>0x40</size>
         <alignment>0x1</alignment>
         <input_file_ref idref="fl-5"/>
      </object_component>
      <object_component id="oc-ea">
         <name>.debug_ranges</name>
         <load_address>0x120</load_address>
         <run_address>0x120</run_address>
         <size>0x180</size>
         <alignment>0x1</alignment>
         <input_file_ref idref="fl-6"/>
      </object_component>
      <object_component id="oc-6d">
         <name>.debug_ranges</name>
         <load_address>0x2a0</load_address>
         <run_address>0x2a0</run_address>
         <size>0x60</size>
         <alignment>0x1</alignment>
         <input_file_ref idref="fl-8"/>
      </object_component>
      <object_component id="oc-41">
         <name>.debug_ranges</name>
         <load_address>0x300</load_address>
         <run_address>0x300</run_address>
         <size>0x380</size>
         <alignment>0x1</alignment>
         <input_file_ref idref="fl-a"/>
      </object_component>
      <object_component id="oc-14a">
         <name>.debug_ranges</name>
         <load_address>0x680</load_address>
         <run_address>0x680</run_address>
         <size>0x1d8</size>
         <alignment>0x1</alignment>
         <input_file_ref idref="fl-1a"/>
      </object_component>
      <object_component id="oc-13a">
         <name>.debug_ranges</name>
         <load_address>0x858</load_address>
         <run_address>0x858</run_address>
         <size>0x1d8</size>
         <alignment>0x1</alignment>
         <input_file_ref idref="fl-1b"/>
      </object_component>
      <object_component id="oc-71">
         <name>.debug_ranges</name>
         <load_address>0xa30</load_address>
         <run_address>0xa30</run_address>
         <size>0x1a8</size>
         <alignment>0x1</alignment>
         <input_file_ref idref="fl-1c"/>
      </object_component>
      <object_component id="oc-47">
         <name>.debug_ranges</name>
         <load_address>0xbd8</load_address>
         <run_address>0xbd8</run_address>
         <size>0x48</size>
         <alignment>0x1</alignment>
         <input_file_ref idref="fl-33"/>
      </object_component>
      <object_component id="oc-fc">
         <name>.debug_ranges</name>
         <load_address>0xc20</load_address>
         <run_address>0xc20</run_address>
         <size>0x48</size>
         <alignment>0x1</alignment>
         <input_file_ref idref="fl-35"/>
      </object_component>
      <object_component id="oc-55">
         <name>.debug_ranges</name>
         <load_address>0xc68</load_address>
         <run_address>0xc68</run_address>
         <size>0x18</size>
         <alignment>0x1</alignment>
         <input_file_ref idref="fl-38"/>
      </object_component>
      <object_component id="oc-4c">
         <name>.debug_ranges</name>
         <load_address>0xc80</load_address>
         <run_address>0xc80</run_address>
         <size>0x50</size>
         <alignment>0x1</alignment>
         <input_file_ref idref="fl-3a"/>
      </object_component>
      <object_component id="oc-f6">
         <name>.debug_ranges</name>
         <load_address>0xcd0</load_address>
         <run_address>0xcd0</run_address>
         <size>0x18</size>
         <alignment>0x1</alignment>
         <input_file_ref idref="fl-3b"/>
      </object_component>
      <object_component id="oc-d3">
         <name>.debug_ranges</name>
         <load_address>0xce8</load_address>
         <run_address>0xce8</run_address>
         <size>0x28</size>
         <alignment>0x1</alignment>
         <input_file_ref idref="fl-ef"/>
      </object_component>
      <object_component id="oc-f1">
         <name>.debug_str</name>
         <load_address>0x0</load_address>
         <run_address>0x0</run_address>
         <size>0x6fd</size>
         <alignment>0x1</alignment>
         <input_file_ref idref="fl-1"/>
      </object_component>
      <object_component id="oc-11f">
         <name>.debug_str</name>
         <load_address>0x6fd</load_address>
         <run_address>0x6fd</run_address>
         <size>0x32b1</size>
         <alignment>0x1</alignment>
         <input_file_ref idref="fl-2"/>
      </object_component>
      <object_component id="oc-43">
         <name>.debug_str</name>
         <load_address>0x39ae</load_address>
         <run_address>0x39ae</run_address>
         <size>0x179</size>
         <alignment>0x1</alignment>
         <input_file_ref idref="fl-3"/>
      </object_component>
      <object_component id="oc-b1">
         <name>.debug_str</name>
         <load_address>0x3b27</load_address>
         <run_address>0x3b27</run_address>
         <size>0x4aa</size>
         <alignment>0x1</alignment>
         <input_file_ref idref="fl-4"/>
      </object_component>
      <object_component id="oc-67">
         <name>.debug_str</name>
         <load_address>0x3fd1</load_address>
         <run_address>0x3fd1</run_address>
         <size>0xd7d</size>
         <alignment>0x1</alignment>
         <input_file_ref idref="fl-5"/>
      </object_component>
      <object_component id="oc-123">
         <name>.debug_str</name>
         <load_address>0x4d4e</load_address>
         <run_address>0x4d4e</run_address>
         <size>0x102e</size>
         <alignment>0x1</alignment>
         <input_file_ref idref="fl-6"/>
      </object_component>
      <object_component id="oc-cd">
         <name>.debug_str</name>
         <load_address>0x5d7c</load_address>
         <run_address>0x5d7c</run_address>
         <size>0x76e</size>
         <alignment>0x1</alignment>
         <input_file_ref idref="fl-7"/>
      </object_component>
      <object_component id="oc-bb">
         <name>.debug_str</name>
         <load_address>0x64ea</load_address>
         <run_address>0x64ea</run_address>
         <size>0x919</size>
         <alignment>0x1</alignment>
         <input_file_ref idref="fl-8"/>
      </object_component>
      <object_component id="oc-92">
         <name>.debug_str</name>
         <load_address>0x6e03</load_address>
         <run_address>0x6e03</run_address>
         <size>0x948</size>
         <alignment>0x1</alignment>
         <input_file_ref idref="fl-a"/>
      </object_component>
      <object_component id="oc-161">
         <name>.debug_str</name>
         <load_address>0x774b</load_address>
         <run_address>0x774b</run_address>
         <size>0x178</size>
         <alignment>0x1</alignment>
         <input_file_ref idref="fl-18"/>
      </object_component>
      <object_component id="oc-16d">
         <name>.debug_str</name>
         <load_address>0x78c3</load_address>
         <run_address>0x78c3</run_address>
         <size>0x655</size>
         <alignment>0x1</alignment>
         <input_file_ref idref="fl-19"/>
      </object_component>
      <object_component id="oc-166">
         <name>.debug_str</name>
         <load_address>0x7f18</load_address>
         <run_address>0x7f18</run_address>
         <size>0x8ba</size>
         <alignment>0x1</alignment>
         <input_file_ref idref="fl-1a"/>
      </object_component>
      <object_component id="oc-164">
         <name>.debug_str</name>
         <load_address>0x87d2</load_address>
         <run_address>0x87d2</run_address>
         <size>0x1dd7</size>
         <alignment>0x1</alignment>
         <input_file_ref idref="fl-1b"/>
      </object_component>
      <object_component id="oc-c2">
         <name>.debug_str</name>
         <load_address>0xa5a9</load_address>
         <run_address>0xa5a9</run_address>
         <size>0xcee</size>
         <alignment>0x1</alignment>
         <input_file_ref idref="fl-1c"/>
      </object_component>
      <object_component id="oc-45">
[...]
            <run_size>0x29</run_size>
            <compression>lzss</compression>
         </cprec>
         <cprec>
            <name>.bss</name>
            <load_address>0x12d0</load_address>
            <load_size>0x8</load_size>
            <run_address>0x20200000</run_address>
            <run_size>0x188</run_size>
            <compression>zero_init</compression>
         </cprec>
      </cptbl>
   </cptbl_list>
   <handler_table>
      <handler_table_name>__TI_handler_table</handler_table_name>
      <handler>
         <index>0x0</index>
         <name>__TI_decompress_lzss</name>
      </handler>
      <handler>
         <index>0x1</index>
         <name>__TI_decompress_none</name>
      </handler>
      <handler>
         <index>0x2</index>
         <name>__TI_zero_init</name>
      </handler>
   </handler_table>
   <symbol_table>
      <symbol id="sm-1">
         <name>__start___llvm_prf_cnts</name>
         <value>0x20200000</value>
      </symbol>
      <symbol id="sm-2">
         <name>__stop___llvm_prf_cnts</name>
         <value>0x20200000</value>
      </symbol>
      <symbol id="sm-3">
         <name>__start___llvm_prf_bits</name>
         <value>0x20200000</value>
      </symbol>
      <symbol id="sm-4">
         <name>__stop___llvm_prf_bits</name>
         <value>0x20200000</value>
      </symbol>
      <symbol id="sm-5">
         <name>__TI_CINIT_Base</name>
         <value>0x12d8</value>
      </symbol>
      <symbol id="sm-6">
         <name>__TI_CINIT_Limit</name>
         <value>0x12e8</value>
      </symbol>
      <symbol id="sm-7">
         <name>__TI_CINIT_Warm</name>
         <value>0x12e8</value>
      </symbol>
      <symbol id="sm-8">
         <name>__TI_Handler_Table_Base</name>
         <value>0x12c4</value>
      </symbol>
      <symbol id="sm-9">
         <name>__TI_Handler_Table_Limit</name>
         <value>0x12d0</value>
      </symbol>
      <symbol id="sm-a">
         <name>binit</name>
         <value>0xffffffff</value>
      </symbol>
      <symbol id="sm-b">
         <name>__binit__</name>
         <value>0xffffffff</value>
      </symbol>
      <symbol id="sm-c">
         <name>__STACK_SIZE</name>
         <value>0x200</value>
      </symbol>
      <symbol id="sm-d">
         <name>__STACK_END</name>
         <value>0x20208000</value>
      </symbol>
      <symbol id="sm-e">
         <name>__TI_pprof_out_hndl</name>
         <value>0xffffffff</value>
      </symbol>
      <symbol id="sm-f">
         <name>__TI_prof_data_start</name>
         <value>0xffffffff</value>
      </symbol>
      <symbol id="sm-10">
         <name>__TI_prof_data_size</name>
         <value>0xffffffff</value>
      </symbol>
      <symbol id="sm-3f">
         <name>main</name>
         <value>0xb95</value>
         <object_component_ref idref="oc-a0"/>
      </symbol>
      <symbol id="sm-79">
         <name>SYSCFG_DL_init</name>
         <value>0x1005</value>
         <object_component_ref idref="oc-da"/>
      </symbol>
      <symbol id="sm-7a">
         <name>SYSCFG_DL_initPower</name>
         <value>0xbfd</value>
         <object_component_ref idref="oc-113"/>
      </symbol>
      <symbol id="sm-7b">
         <name>SYSCFG_DL_GPIO_init</name>
         <value>0x52d</value>
         <object_component_ref idref="oc-114"/>
      </symbol>
      <symbol id="sm-7c">
         <name>SYSCFG_DL_SYSCTL_init</name>
         <value>0xd59</value>
         <object_component_ref idref="oc-115"/>
      </symbol>
      <symbol id="sm-7d">
         <name>SYSCFG_DL_PWM_0_init</name>
         <value>0x829</value>
         <object_component_ref idref="oc-117"/>
      </symbol>
      <symbol id="sm-7e">
         <name>SYSCFG_DL_I2C_OLED_init</name>
         <value>0xd05</value>
         <object_component_ref idref="oc-118"/>
      </symbol>
      <symbol id="sm-7f">
         <name>SYSCFG_DL_I2C_MPU6050_init</name>
         <value>0xcb1</value>
         <object_component_ref idref="oc-119"/>
      </symbol>
      <symbol id="sm-80">
         <name>SYSCFG_DL_UART_0_init</name>
         <value>0xb25</value>
         <object_component_ref idref="oc-11a"/>
      </symbol>
      <symbol id="sm-81">
         <name>SYSCFG_DL_UART_WIT_init</name>
         <value>0x795</value>
         <object_component_ref idref="oc-11b"/>
      </symbol>
      <symbol id="sm-82">
         <name>SYSCFG_DL_DMA_init</name>
         <value>0xa39</value>
         <object_component_ref idref="oc-11c"/>
      </symbol>
      <symbol id="sm-83">
         <name>gPWM_0Backup</name>
         <value>0x20200000</value>
      </symbol>
      <symbol id="sm-84">
         <name>SYSCFG_DL_DMA_WIT_init</name>
         <value>0x11b1</value>
         <object_component_ref idref="oc-153"/>
      </symbol>
      <symbol id="sm-8f">
         <name>Default_Handler</name>
         <value>0x793</value>
         <object_component_ref idref="oc-33"/>
      </symbol>
      <symbol id="sm-90">
         <name>Reset_Handler</name>
         <value>0x1263</value>
         <object_component_ref idref="oc-2f"/>
      </symbol>
      <symbol id="sm-91">
         <name>interruptVectors</name>
         <value>0x0</value>
         <object_component_ref idref="oc-18"/>
      </symbol>
      <symbol id="sm-92">
         <name>NMI_Handler</name>
         <value>0x793</value>
         <object_component_ref idref="oc-33"/>
      </symbol>
      <symbol id="sm-93">
         <name>HardFault_Handler</name>
         <value>0x793</value>
         <object_component_ref idref="oc-33"/>
      </symbol>
      <symbol id="sm-94">
         <name>SVC_Handler</name>
         <value>0x793</value>
         <object_component_ref idref="oc-33"/>
      </symbol>
      <symbol id="sm-95">
         <name>PendSV_Handler</name>
         <value>0x793</value>
         <object_component_ref idref="oc-33"/>
      </symbol>
      <symbol id="sm-96">
         <name>GROUP0_IRQHandler</name>
         <value>0x793</value>
         <object_component_ref idref="oc-33"/>
      </symbol>
      <symbol id="sm-97">
         <name>TIMG8_IRQHandler</name>
         <value>0x793</value>
         <object_component_ref idref="oc-33"/>
      </symbol>
      <symbol id="sm-98">
         <name>UART3_IRQHandler</name>
         <value>0x793</value>
         <object_component_ref idref="oc-33"/>
      </symbol>
      <symbol id="sm-99">
         <name>ADC0_IRQHandler</name>
         <value>0x793</value>
         <object_component_ref idref="oc-33"/>
      </symbol>
      <symbol id="sm-9a">
         <name>ADC1_IRQHandler</name>
         <value>0x793</value>
         <object_component_ref idref="oc-33"/>
      </symbol>
      <symbol id="sm-9b">
         <name>CANFD0_IRQHandler</name>
         <value>0x793</value>
         <object_component_ref idref="oc-33"/>
      </symbol>
      <symbol id="sm-9c">
         <name>DAC0_IRQHandler</name>
         <value>0x793</value>
         <object_component_ref idref="oc-33"/>
      </symbol>
      <symbol id="sm-9d">
         <name>SPI0_IRQHandler</name>
         <value>0x793</value>
         <object_component_ref idref="oc-33"/>
      </symbol>
      <symbol id="sm-9e">
         <name>SPI1_IRQHandler</name>
         <value>0x793</value>
         <object_component_ref idref="oc-33"/>
      </symbol>
      <symbol id="sm-9f">
         <name>UART1_IRQHandler</name>
         <value>0x793</value>
         <object_component_ref idref="oc-33"/>
      </symbol>
      <symbol id="sm-a0">
         <name>TIMG0_IRQHandler</name>
         <value>0x793</value>
         <object_component_ref idref="oc-33"/>
      </symbol>
      <symbol id="sm-a1">
         <name>TIMG6_IRQHandler</name>
         <value>0x793</value>
         <object_component_ref idref="oc-33"/>
      </symbol>
      <symbol id="sm-a2">
         <name>TIMA0_IRQHandler</name>
         <value>0x793</value>
         <object_component_ref idref="oc-33"/>
      </symbol>
      <symbol id="sm-a3">
         <name>TIMA1_IRQHandler</name>
         <value>0x793</value>
         <object_component_ref idref="oc-33"/>
      </symbol>
      <symbol id="sm-a4">
         <name>TIMG7_IRQHandler</name>
         <value>0x793</value>
         <object_component_ref idref="oc-33"/>
      </symbol>
      <symbol id="sm-a5">
         <name>TIMG12_IRQHandler</name>
         <value>0x793</value>
         <object_component_ref idref="oc-33"/>
      </symbol>
      <symbol id="sm-a6">
         <name>I2C0_IRQHandler</name>
         <value>0x793</value>
         <object_component_ref idref="oc-33"/>
      </symbol>
      <symbol id="sm-a7">
         <name>I2C1_IRQHandler</name>
         <value>0x793</value>
         <object_component_ref idref="oc-33"/>
      </symbol>
      <symbol id="sm-a8">
         <name>AES_IRQHandler</name>
         <value>0x793</value>
         <object_component_ref idref="oc-33"/>
      </symbol>
      <symbol id="sm-a9">
         <name>RTC_IRQHandler</name>
         <value>0x793</value>
         <object_component_ref idref="oc-33"/>
      </symbol>
      <symbol id="sm-aa">
         <name>DMA_IRQHandler</name>
         <value>0x793</value>
         <object_component_ref idref="oc-33"/>
      </symbol>
      <symbol id="sm-b8">
         <name>mspm0_delay_ms</name>
         <value>0x1039</value>
         <object_component_ref idref="oc-121"/>
      </symbol>
      <symbol id="sm-b9">
         <name>tick_ms</name>
         <value>0x20200184</value>
      </symbol>
      <symbol id="sm-ba">
         <name>start_time</name>
         <value>0x20200180</value>
      </symbol>
      <symbol id="sm-bb">
         <name>SysTick_Init</name>
         <value>0xfcd</value>
         <object_component_ref idref="oc-df"/>
      </symbol>
      <symbol id="sm-cf">
         <name>Interrupt_Init</name>
         <value>0x1199</value>
         <object_component_ref idref="oc-e1"/>
      </symbol>
      <symbol id="sm-d0">
         <name>enable_group1_irq</name>
         <value>0x202001ae</value>
         <object_component_ref idref="oc-120"/>
      </symbol>
      <symbol id="sm-d1">
         <name>SysTick_Handler</name>
         <value>0x122d</value>
         <object_component_ref idref="oc-34"/>
      </symbol>
      <symbol id="sm-d2">
         <name>UART2_IRQHandler</name>
         <value>0xc1</value>
         <object_component_ref idref="oc-3a"/>
      </symbol>
      <symbol id="sm-d3">
         <name>GROUP1_IRQHandler</name>
         <value>0xab5</value>
         <object_component_ref idref="oc-39"/>
      </symbol>
      <symbol id="sm-dd">
         <name>delay_ms</name>
         <value>0x1251</value>
         <object_component_ref idref="oc-e8"/>
      </symbol>
      <symbol id="sm-e7">
         <name>WIT_Init</name>
         <value>0x109d</value>
         <object_component_ref idref="oc-e3"/>
      </symbol>
      <symbol id="sm-e8">
         <name>wit_dmaBuffer</name>
         <value>0x2020013c</value>
      </symbol>
      <symbol id="sm-e9">
         <name>wit_rx_count</name>
         <value>0x202001a4</value>
         <object_component_ref idref="oc-89"/>
      </symbol>
      <symbol id="sm-ea">
         <name>wit_angle_count</name>
         <value>0x202001a0</value>
         <object_component_ref idref="oc-8c"/>
      </symbol>
      <symbol id="sm-eb">
         <name>wit_data</name>
         <value>0x20200160</value>
      </symbol>
      <symbol id="sm-10c">
         <name>Encoder_Init</name>
         <value>0xdad</value>
         <object_component_ref idref="oc-e2"/>
      </symbol>
      <symbol id="sm-10d">
         <name>Encoder_L_Count</name>
         <value>0x20200188</value>
         <object_component_ref idref="oc-b5"/>
      </symbol>
      <symbol id="sm-10e">
         <name>Encoder_R_Count</name>
         <value>0x2020018c</value>
         <object_component_ref idref="oc-bc"/>
      </symbol>
      <symbol id="sm-10f">
         <name>Encoder_L_Update</name>
         <value>0x8b5</value>
         <object_component_ref idref="oc-68"/>
      </symbol>
      <symbol id="sm-110">
         <name>Encoder_R_Update</name>
         <value>0x93d</value>
         <object_component_ref idref="oc-6e"/>
      </symbol>
      <symbol id="sm-12b">
         <name>Serial_Init</name>
         <value>0x11c9</value>
         <object_component_ref idref="oc-e5"/>
      </symbol>
      <symbol id="sm-12c">
         <name>Serial_SendString</name>
         <value>0x106d</value>
         <object_component_ref idref="oc-e6"/>
      </symbol>
      <symbol id="sm-12d">
         <name>Serial_SendInt16</name>
         <value>0xf95</value>
         <object_component_ref idref="oc-e7"/>
      </symbol>
      <symbol id="sm-12e">
         <name>UART0_IRQHandler</name>
         <value>0xedd</value>
         <object_component_ref idref="oc-3c"/>
      </symbol>
      <symbol id="sm-12f">
         <name>__TI_ATRegion0_src_addr</name>
         <value>0x0</value>
      </symbol>
      <symbol id="sm-130">
         <name>__TI_ATRegion0_trg_addr</name>
         <value>0x0</value>
      </symbol>
      <symbol id="sm-131">
         <name>__TI_ATRegion0_region_sz</name>
         <value>0x0</value>
      </symbol>
      <symbol id="sm-132">
         <name>__TI_ATRegion1_src_addr</name>
         <value>0x0</value>
      </symbol>
      <symbol id="sm-133">
         <name>__TI_ATRegion1_trg_addr</name>
         <value>0x0</value>
      </symbol>
      <symbol id="sm-134">
         <name>__TI_ATRegion1_region_sz</name>
         <value>0x0</value>
      </symbol>
      <symbol id="sm-135">
         <name>__TI_ATRegion2_src_addr</name>
         <value>0x0</value>
      </symbol>
      <symbol id="sm-136">
         <name>__TI_ATRegion2_trg_addr</name>
         <value>0x0</value>
      </symbol>
      <symbol id="sm-137">
         <name>__TI_ATRegion2_region_sz</name>
         <value>0x0</value>
      </symbol>
      <symbol id="sm-140">
         <name>DL_Common_delayCycles</name>
         <value>0x123d</value>
         <object_component_ref idref="oc-135"/>
      </symbol>
      <symbol id="sm-14a">
         <name>DL_DMA_initChannel</name>
         <value>0xdfd</value>
         <object_component_ref idref="oc-167"/>
      </symbol>
      <symbol id="sm-154">
         <name>DL_I2C_setClockConfig</name>
         <value>0x1121</value>
         <object_component_ref idref="oc-145"/>
      </symbol>
      <symbol id="sm-16b">
         <name>DL_Timer_setClockConfig</name>
         <value>0x1165</value>
         <object_component_ref idref="oc-139"/>
      </symbol>
      <symbol id="sm-16c">
         <name>DL_Timer_setCaptureCompareValue</name>
         <value>0x121d</value>
         <object_component_ref idref="oc-142"/>
      </symbol>
      <symbol id="sm-16d">
         <name>DL_Timer_setCaptCompUpdateMethod</name>
         <value>0x1149</value>
         <object_component_ref idref="oc-141"/>
      </symbol>
      <symbol id="sm-16e">
         <name>DL_Timer_setCaptureCompareOutCtl</name>
         <value>0x1181</value>
         <object_component_ref idref="oc-140"/>
      </symbol>
      <symbol id="sm-16f">
         <name>DL_Timer_initFourCCPWMMode</name>
         <value>0x429</value>
         <object_component_ref idref="oc-13f"/>
      </symbol>
      <symbol id="sm-17f">
         <name>DL_UART_init</name>
         <value>0xe95</value>
         <object_component_ref idref="oc-14e"/>
      </symbol>
      <symbol id="sm-180">
         <name>DL_UART_setClockConfig</name>
         <value>0x11f7</value>
         <object_component_ref idref="oc-14d"/>
      </symbol>
      <symbol id="sm-181">
         <name>DL_UART_drainRXFIFO</name>
         <value>0xc5d</value>
         <object_component_ref idref="oc-6f"/>
      </symbol>
      <symbol id="sm-18c">
         <name>_c_int00_noargs</name>
         <value>0x10f9</value>
         <object_component_ref idref="oc-5d"/>
      </symbol>
      <symbol id="sm-18d">
         <name>__stack</name>
         <value>0x20207e00</value>
         <object_component_ref idref="oc-1a"/>
      </symbol>
      <symbol id="sm-199">
         <name>__TI_auto_init_nobinit_nopinit</name>
         <value>0xf1d</value>
         <object_component_ref idref="oc-f9"/>
      </symbol>
      <symbol id="sm-1a1">
         <name>_system_pre_init</name>
         <value>0x1267</value>
         <object_component_ref idref="oc-9c"/>
      </symbol>
      <symbol id="sm-1ac">
         <name>__TI_zero_init_nomemset</name>
         <value>0x11e1</value>
         <object_component_ref idref="oc-54"/>
      </symbol>
      <symbol id="sm-1b5">
         <name>__TI_decompress_none</name>
         <value>0x1209</value>
         <object_component_ref idref="oc-20"/>
      </symbol>
      <symbol id="sm-1c0">
         <name>__TI_decompress_lzss</name>
         <value>0x9bd</value>
         <object_component_ref idref="oc-1c"/>
      </symbol>
      <symbol id="sm-1ca">
         <name>abort</name>
         <value>0x1259</value>
         <object_component_ref idref="oc-f2"/>
      </symbol>
      <symbol id="sm-1d4">
         <name>HOSTexit</name>
         <value>0x125f</value>
         <object_component_ref idref="oc-124"/>
      </symbol>
      <symbol id="sm-1d5">
         <name>C$$EXIT</name>
         <value>0x125e</value>
         <object_component_ref idref="oc-124"/>
      </symbol>
      <symbol id="sm-1db">
         <name>__aeabi_dmul</name>
         <value>0x615</value>
         <object_component_ref idref="oc-85"/>
      </symbol>
      <symbol id="sm-1dc">
         <name>__muldf3</name>
         <value>0x615</value>
         <object_component_ref idref="oc-85"/>
      </symbol>
      <symbol id="sm-1e2">
         <name>__muldsi3</name>
         <value>0xf59</value>
         <object_component_ref idref="oc-c7"/>
      </symbol>
      <symbol id="sm-1e8">
         <name>__aeabi_ddiv</name>
         <value>0x31d</value>
         <object_component_ref idref="oc-79"/>
      </symbol>
      <symbol id="sm-1e9">
         <name>__divdf3</name>
         <value>0x31d</value>
         <object_component_ref idref="oc-79"/>
      </symbol>
      <symbol id="sm-1ef">
         <name>__aeabi_d2iz</name>
         <value>0xe49</value>
         <object_component_ref idref="oc-7d"/>
      </symbol>
      <symbol id="sm-1f0">
         <name>__fixdfsi</name>
         <value>0xe49</value>
         <object_component_ref idref="oc-7d"/>
      </symbol>
      <symbol id="sm-1f6">
         <name>__aeabi_i2d</name>
         <value>0x10cd</value>
         <object_component_ref idref="oc-75"/>
      </symbol>
      <symbol id="sm-1f7">
         <name>__floatsidf</name>
         <value>0x10cd</value>
         <object_component_ref idref="oc-75"/>
      </symbol>
      <symbol id="sm-1fe">
         <name>__aeabi_d2f</name>
         <value>0xa41</value>
         <object_component_ref idref="oc-81"/>
      </symbol>
      <symbol id="sm-1ff">
         <name>__truncdfsf2</name>
         <value>0xa41</value>
         <object_component_ref idref="oc-81"/>
      </symbol>
      <symbol id="sm-205">
         <name>__aeabi_memcpy</name>
         <value>0x1249</value>
         <object_component_ref idref="oc-4d"/>
      </symbol>
      <symbol id="sm-206">
         <name>__aeabi_memcpy4</name>
         <value>0x1249</value>
         <object_component_ref idref="oc-4d"/>
      </symbol>
      <symbol id="sm-207">
         <name>__aeabi_memcpy8</name>
         <value>0x1249</value>
         <object_component_ref idref="oc-4d"/>
      </symbol>
      <symbol id="sm-221">
         <name>memcpy</name>
         <value>0x6f9</value>
         <object_component_ref idref="oc-d5"/>
      </symbol>
      <symbol id="sm-222">
         <name>__TI_static_base__</name>
         <value>0x0</value>
      </symbol>
      <symbol id="sm-225">
         <name>__mpu_init</name>
         <value>0x0</value>
      </symbol>
      <symbol id="sm-226">
         <name>_system_post_cinit</name>
         <value>0x0</value>
      </symbol>
   </symbol_table>
   <title>Link successful</title>
</link_info>
