******************************************************************************
            TI ARM Clang Linker PC v4.0.4                      
******************************************************************************
>> Linked Thu Aug 13 16:19:09 2026

OUTPUT FILE NAME:   <empty_LP_MSPM0G3507_nortos_ticlang.out>
ENTRY POINT SYMBOL: "_c_int00_noargs"  address: 00000c85


MEMORY CONFIGURATION

         name            origin    length      used     unused   attr    fill
----------------------  --------  ---------  --------  --------  ----  --------
  FLASH                 00000000   00020000  00001628  0001e9d8  R  X
  SRAM                  20200000   00008000  000002d2  00007d2e  RW X
  BCR_CONFIG            41c00000   000000ff  00000000  000000ff  R   
  BSL_CONFIG            41c00100   00000080  00000000  00000080  R   


SEGMENT ALLOCATION MAP

run origin  load origin   length   init length attrs members
----------  ----------- ---------- ----------- ----- -------
00000000    00000000    00001628   00001628    r-x
  00000000    00000000    000000c0   000000c0    r-- .intvecs
  000000c0    000000c0    00000d10   00000d10    r-x .text
  00000dd0    00000dd0    00000828   00000828    r-- .rodata
  000015f8    000015f8    00000030   00000030    r-- .cinit
20200000    20200000    000000d2   00000000    rw-
  20200000    20200000    000000c4   00000000    rw- .bss
  202000c4    202000c4    0000000e   00000000    rw- .data
20207e00    20207e00    00000200   00000000    rw-
  20207e00    20207e00    00000200   00000000    rw- .stack


SECTION ALLOCATION MAP

 output                                  attributes/
section   page    origin      length       input sections
--------  ----  ----------  ----------   ----------------
.intvecs   0    00000000    000000c0     
                  00000000    000000c0     startup_mspm0g350x_ticlang.o (.intvecs)

.text      0    000000c0    00000d10     
                  000000c0    000002c0     oled_hardware_i2c.o (.text.OLED_Init)
                  00000380    00000134     oled_hardware_i2c.o (.text.OLED_WR_Byte)
                  000004b4    00000104     driverlib.a : dl_timer.o (.text.DL_Timer_initFourCCPWMMode)
                  000005b8    000000dc     oled_hardware_i2c.o (.text.OLED_ShowChar)
                  00000694    0000009a     libc.a : memcpy16.S.obj (.text:memcpy)
                  0000072e    00000002     startup_mspm0g350x_ticlang.o (.text.Default_Handler)
                  00000730    0000008c     ti_msp_dl_config.o (.text.SYSCFG_DL_PWM_0_init)
                  000007bc    0000007c     libc.a : copy_decompress_lzss.c.obj (.text:decompress:lzss)
                  00000838    0000007a     oled_hardware_i2c.o (.text.OLED_ShowString)
                  000008b2    00000002     libclang_rt.builtins.a : aeabi_div0.c.obj (.text.__aeabi_idiv0)
                  000008b4    00000078     ti_msp_dl_config.o (.text.SYSCFG_DL_GPIO_init)
                  0000092c    00000070     MOTOR.o (.text.MOTOR_duty)
                  0000099c    0000005e     driverlib.a : dl_i2c.o (.text.DL_I2C_fillControllerTXFIFO)
                  000009fa    00000002     --HOLE-- [fill = 0]
                  000009fc    00000054     ti_msp_dl_config.o (.text.SYSCFG_DL_I2C_MPU6050_init)
                  00000a50    00000054     ti_msp_dl_config.o (.text.SYSCFG_DL_I2C_OLED_init)
                  00000aa4    00000048     ti_msp_dl_config.o (.text.SYSCFG_DL_initPower)
                  00000aec    00000048     main.o (.text.main)
                  00000b34    00000040     ti_msp_dl_config.o (.text.SYSCFG_DL_SYSCTL_init)
                  00000b74    00000040     libclang_rt.builtins.a : aeabi_uidivmod.S.obj (.text.__aeabi_uidivmod)
                  00000bb4    0000003c     libc.a : autoinit.c.obj (.text:__TI_auto_init_nobinit_nopinit)
                  00000bf0    00000038     clock.o (.text.SysTick_Init)
                  00000c28    00000034     clock.o (.text.mspm0_delay_ms)
                  00000c5c    00000028     ti_msp_dl_config.o (.text.SYSCFG_DL_init)
                  00000c84    00000028     libc.a : boot_cortex_m.c.obj (.text:_c_int00_noargs)
                  00000cac    00000026     driverlib.a : dl_i2c.o (.text.DL_I2C_setClockConfig)
                  00000cd2    00000002     --HOLE-- [fill = 0]
                  00000cd4    0000001c                 : dl_timer.o (.text.DL_Timer_setCaptCompUpdateMethod)
                  00000cf0    0000001c                 : dl_timer.o (.text.DL_Timer_setClockConfig)
                  00000d0c    00000018                 : dl_timer.o (.text.DL_Timer_setCaptureCompareOutCtl)
                  00000d24    00000018     interrupt.o (.text.Interrupt_Init)
                  00000d3c    00000018     clock.o (.text.mspm0_get_clock_ms)
                  00000d54    00000016     libc.a : copy_zero_init.c.obj (.text:decompress:ZI:__TI_zero_init_nomemset)
                  00000d6a    00000012            : copy_decompress_none.c.obj (.text:decompress:none)
                  00000d7c    00000010     driverlib.a : dl_timer.o (.text.DL_Timer_setCaptureCompareValue)
                  00000d8c    00000010     interrupt.o (.text.SysTick_Handler)
                  00000d9c    0000000c     interrupt.o (.text.GROUP1_IRQHandler)
                  00000da8    0000000a     driverlib.a : dl_common.o (.text.DL_Common_delayCycles)
                  00000db2    00000002     --HOLE-- [fill = 0]
                  00000db4    00000008     libclang_rt.builtins.a : aeabi_memcpy.S.obj (.text.__aeabi_memcpy)
                  00000dbc    00000006     libc.a : exit.c.obj (.text:abort)
                  00000dc2    00000004     libsysbm.a : hostexit.c.obj (.text.HOSTexit)
                  00000dc6    00000004     startup_mspm0g350x_ticlang.o (.text.Reset_Handler)
                  00000dca    00000004     libc.a : pre_init.c.obj (.text._system_pre_init)
                  00000dce    00000002     --HOLE-- [fill = 0]

.cinit     0    000015f8    00000030     
                  000015f8    0000000c     (.cinit..data.load) [load image, compression = lzss]
                  00001604    0000000c     (__TI_handler_table)
                  00001610    00000008     (.cinit..bss.load) [load image, compression = zero_init]
                  00001618    00000010     (__TI_cinit_table)

.rodata    0    00000dd0    00000828     
                  00000dd0    000005f0     oled_hardware_i2c.o (.rodata.asc2_1608)
                  000013c0    00000228     oled_hardware_i2c.o (.rodata.asc2_0806)
                  000015e8    00000008     ti_msp_dl_config.o (.rodata.gPWM_0Config)
                  000015f0    00000003     ti_msp_dl_config.o (.rodata.gPWM_0ClockConfig)
                  000015f3    00000002     ti_msp_dl_config.o (.rodata.gI2C_MPU6050ClockConfig)
                  000015f5    00000002     ti_msp_dl_config.o (.rodata.gI2C_OLEDClockConfig)
                  000015f7    00000001     --HOLE-- [fill = 0]

.init_array 
*          0    00000000    00000000     UNINITIALIZED

.binit     0    00000000    00000000     

.bss       0    20200000    000000c4     UNINITIALIZED
                  20200000    000000bc     (.common:gPWM_0Backup)
                  202000bc    00000004     (.common:start_time)
                  202000c0    00000004     (.common:tick_ms)

.data      0    202000c4    0000000e     UNINITIALIZED
                  202000c4    0000000d     main.o (.data.buf)
                  202000d1    00000001     interrupt.o (.data.enable_group1_irq)

.stack     0    20207e00    00000200     UNINITIALIZED
                  20207e00    00000004     libc.a : boot_cortex_m.c.obj (.stack)
                  20207e04    000001fc     --HOLE--

__llvm_prf_cnts 
*          0    20200000    00000000     UNINITIALIZED

__llvm_prf_bits 
*          0    20200000    00000000     UNINITIALIZED

MODULE SUMMARY

       Module                         code   ro data   rw data
       ------                         ----   -------   -------
    .\
       ti_msp_dl_config.o             604    15        188    
       startup_mspm0g350x_ticlang.o   6      192       0      
       main.o                         72     0         13     
    +--+------------------------------+------+---------+---------+
       Total:                         682    207       201    
                                                              
    .\Drivers\MSPM0\
       clock.o                        132    0         8      
       interrupt.o                    52     0         1      
    +--+------------------------------+------+---------+---------+
       Total:                         184    0         9      
                                                              
    .\Drivers\OLED_Hardware_I2C\
       oled_hardware_i2c.o            1354   2072      0      
    +--+------------------------------+------+---------+---------+
       Total:                         1354   2072      0      
                                                              
    .\USER\
       MOTOR.o                        112    0         0      
    +--+------------------------------+------+---------+---------+
       Total:                         112    0         0      
                                                              
    C:/ti/mspm0_sdk_2_05_01_00/source/ti/driverlib/lib/ticlang/m0p/mspm0g1x0x_g3x0x/driverlib.a
       dl_timer.o                     356    0         0      
       dl_i2c.o                       132    0         0      
       dl_common.o                    10     0         0      
    +--+------------------------------+------+---------+---------+
       Total:                         498    0         0      
                                                              
    C:\ti\ccs2020\ccs\tools\compiler\ti-cgt-armllvm_4.0.4.LTS\lib\armv6m-ti-none-eabi/c/libc.a
       memcpy16.S.obj                 154    0         0      
       copy_decompress_lzss.c.obj     124    0         0      
       autoinit.c.obj                 60     0         0      
       boot_cortex_m.c.obj            40     0         0      
       copy_zero_init.c.obj           22     0         0      
       copy_decompress_none.c.obj     18     0         0      
       exit.c.obj                     6      0         0      
       pre_init.c.obj                 4      0         0      
    +--+------------------------------+------+---------+---------+
       Total:                         428    0         0      
                                                              
    C:\ti\ccs2020\ccs\tools\compiler\ti-cgt-armllvm_4.0.4.LTS\lib\armv6m-ti-none-eabi/c/libsysbm.a
       hostexit.c.obj                 4      0         0      
    +--+------------------------------+------+---------+---------+
       Total:                         4      0         0      
                                                              
    C:\ti\ccs2020\ccs\tools\compiler\ti-cgt-armllvm_4.0.4.LTS\lib\armv6m-ti-none-eabi/libclang_rt.builtins.a
       aeabi_uidivmod.S.obj           64     0         0      
       aeabi_memcpy.S.obj             8      0         0      
       aeabi_div0.c.obj               2      0         0      
    +--+------------------------------+------+---------+---------+
       Total:                         74     0         0      
                                                              
       Stack:                         0      0         512    
       Linker Generated:              0      48        0      
    +--+------------------------------+------+---------+---------+
       Grand Total:                   3336   2327      722    


LINKER GENERATED COPY TABLES

__TI_cinit_table @ 00001618 records: 2, size/record: 8, table size: 16
	.data: load addr=000015f8, load size=0000000c bytes, run addr=202000c4, run size=0000000e bytes, compression=lzss
	.bss: load addr=00001610, load size=00000008 bytes, run addr=20200000, run size=000000c4 bytes, compression=zero_init


LINKER GENERATED HANDLER TABLE

__TI_handler_table @ 00001604 records: 3, size/record: 4, table size: 12
	index: 0, handler: __TI_decompress_lzss
	index: 1, handler: __TI_decompress_none
	index: 2, handler: __TI_zero_init


GLOBAL SYMBOLS: SORTED ALPHABETICALLY BY Name 

address   name                            
-------   ----                            
0000072f  ADC0_IRQHandler                 
0000072f  ADC1_IRQHandler                 
0000072f  AES_IRQHandler                  
00000dc2  C$$EXIT                         
0000072f  CANFD0_IRQHandler               
0000072f  DAC0_IRQHandler                 
00000da9  DL_Common_delayCycles           
0000099d  DL_I2C_fillControllerTXFIFO     
00000cad  DL_I2C_setClockConfig           
000004b5  DL_Timer_initFourCCPWMMode      
00000cd5  DL_Timer_setCaptCompUpdateMethod
00000d0d  DL_Timer_setCaptureCompareOutCtl
00000d7d  DL_Timer_setCaptureCompareValue 
00000cf1  DL_Timer_setClockConfig         
0000072f  DMA_IRQHandler                  
0000072f  Default_Handler                 
0000072f  GROUP0_IRQHandler               
00000d9d  GROUP1_IRQHandler               
00000dc3  HOSTexit                        
0000072f  HardFault_Handler               
0000072f  I2C0_IRQHandler                 
0000072f  I2C1_IRQHandler                 
00000d25  Interrupt_Init                  
0000092d  MOTOR_duty                      
0000072f  NMI_Handler                     
000000c1  OLED_Init                       
000005b9  OLED_ShowChar                   
00000839  OLED_ShowString                 
00000381  OLED_WR_Byte                    
0000072f  PendSV_Handler                  
0000072f  RTC_IRQHandler                  
00000dc7  Reset_Handler                   
0000072f  SPI0_IRQHandler                 
0000072f  SPI1_IRQHandler                 
0000072f  SVC_Handler                     
000008b5  SYSCFG_DL_GPIO_init             
000009fd  SYSCFG_DL_I2C_MPU6050_init      
00000a51  SYSCFG_DL_I2C_OLED_init         
00000731  SYSCFG_DL_PWM_0_init            
00000b35  SYSCFG_DL_SYSCTL_init           
00000c5d  SYSCFG_DL_init                  
00000aa5  SYSCFG_DL_initPower             
00000d8d  SysTick_Handler                 
00000bf1  SysTick_Init                    
0000072f  TIMA0_IRQHandler                
0000072f  TIMA1_IRQHandler                
0000072f  TIMG0_IRQHandler                
0000072f  TIMG12_IRQHandler               
0000072f  TIMG6_IRQHandler                
0000072f  TIMG7_IRQHandler                
0000072f  TIMG8_IRQHandler                
0000072f  UART0_IRQHandler                
0000072f  UART1_IRQHandler                
0000072f  UART2_IRQHandler                
0000072f  UART3_IRQHandler                
20208000  __STACK_END                     
00000200  __STACK_SIZE                    
00000000  __TI_ATRegion0_region_sz        
00000000  __TI_ATRegion0_src_addr         
00000000  __TI_ATRegion0_trg_addr         
00000000  __TI_ATRegion1_region_sz        
00000000  __TI_ATRegion1_src_addr         
00000000  __TI_ATRegion1_trg_addr         
00000000  __TI_ATRegion2_region_sz        
00000000  __TI_ATRegion2_src_addr         
00000000  __TI_ATRegion2_trg_addr         
00001618  __TI_CINIT_Base                 
00001628  __TI_CINIT_Limit                
00001628  __TI_CINIT_Warm                 
00001604  __TI_Handler_Table_Base         
00001610  __TI_Handler_Table_Limit        
00000bb5  __TI_auto_init_nobinit_nopinit  
000007bd  __TI_decompress_lzss            
00000d6b  __TI_decompress_none            
ffffffff  __TI_pprof_out_hndl             
ffffffff  __TI_prof_data_size             
ffffffff  __TI_prof_data_start            
00000000  __TI_static_base__              
00000d55  __TI_zero_init_nomemset         
000008b3  __aeabi_idiv0                   
00000db5  __aeabi_memcpy                  
00000db5  __aeabi_memcpy4                 
00000db5  __aeabi_memcpy8                 
00000b75  __aeabi_uidiv                   
00000b75  __aeabi_uidivmod                
ffffffff  __binit__                       
UNDEFED   __mpu_init                      
20207e00  __stack                         
20200000  __start___llvm_prf_bits         
20200000  __start___llvm_prf_cnts         
20200000  __stop___llvm_prf_bits          
20200000  __stop___llvm_prf_cnts          
00000c85  _c_int00_noargs                 
UNDEFED   _system_post_cinit              
00000dcb  _system_pre_init                
00000dbd  abort                           
000013c0  asc2_0806                       
00000dd0  asc2_1608                       
ffffffff  binit                           
202000c4  buf                             
202000d1  enable_group1_irq               
20200000  gPWM_0Backup                    
00000000  interruptVectors                
00000aed  main                            
00000695  memcpy                          
00000c29  mspm0_delay_ms                  
00000d3d  mspm0_get_clock_ms              
202000bc  start_time                      
202000c0  tick_ms                         


GLOBAL SYMBOLS: SORTED BY Symbol Address 

address   name                            
-------   ----                            
00000000  __TI_ATRegion0_region_sz        
00000000  __TI_ATRegion0_src_addr         
00000000  __TI_ATRegion0_trg_addr         
00000000  __TI_ATRegion1_region_sz        
00000000  __TI_ATRegion1_src_addr         
00000000  __TI_ATRegion1_trg_addr         
00000000  __TI_ATRegion2_region_sz        
00000000  __TI_ATRegion2_src_addr         
00000000  __TI_ATRegion2_trg_addr         
00000000  __TI_static_base__              
00000000  interruptVectors                
000000c1  OLED_Init                       
00000200  __STACK_SIZE                    
00000381  OLED_WR_Byte                    
000004b5  DL_Timer_initFourCCPWMMode      
000005b9  OLED_ShowChar                   
00000695  memcpy                          
0000072f  ADC0_IRQHandler                 
0000072f  ADC1_IRQHandler                 
0000072f  AES_IRQHandler                  
0000072f  CANFD0_IRQHandler               
0000072f  DAC0_IRQHandler                 
0000072f  DMA_IRQHandler                  
0000072f  Default_Handler                 
0000072f  GROUP0_IRQHandler               
0000072f  HardFault_Handler               
0000072f  I2C0_IRQHandler                 
0000072f  I2C1_IRQHandler                 
0000072f  NMI_Handler                     
0000072f  PendSV_Handler                  
0000072f  RTC_IRQHandler                  
0000072f  SPI0_IRQHandler                 
0000072f  SPI1_IRQHandler                 
0000072f  SVC_Handler                     
0000072f  TIMA0_IRQHandler                
0000072f  TIMA1_IRQHandler                
0000072f  TIMG0_IRQHandler                
0000072f  TIMG12_IRQHandler               
0000072f  TIMG6_IRQHandler                
0000072f  TIMG7_IRQHandler                
0000072f  TIMG8_IRQHandler                
0000072f  UART0_IRQHandler                
0000072f  UART1_IRQHandler                
0000072f  UART2_IRQHandler                
0000072f  UART3_IRQHandler                
00000731  SYSCFG_DL_PWM_0_init            
000007bd  __TI_decompress_lzss            
00000839  OLED_ShowString                 
000008b3  __aeabi_idiv0                   
000008b5  SYSCFG_DL_GPIO_init             
0000092d  MOTOR_duty                      
0000099d  DL_I2C_fillControllerTXFIFO     
000009fd  SYSCFG_DL_I2C_MPU6050_init      
00000a51  SYSCFG_DL_I2C_OLED_init         
00000aa5  SYSCFG_DL_initPower             
00000aed  main                            
00000b35  SYSCFG_DL_SYSCTL_init           
00000b75  __aeabi_uidiv                   
00000b75  __aeabi_uidivmod                
00000bb5  __TI_auto_init_nobinit_nopinit  
00000bf1  SysTick_Init                    
00000c29  mspm0_delay_ms                  
00000c5d  SYSCFG_DL_init                  
00000c85  _c_int00_noargs                 
00000cad  DL_I2C_setClockConfig           
00000cd5  DL_Timer_setCaptCompUpdateMethod
00000cf1  DL_Timer_setClockConfig         
00000d0d  DL_Timer_setCaptureCompareOutCtl
00000d25  Interrupt_Init                  
00000d3d  mspm0_get_clock_ms              
00000d55  __TI_zero_init_nomemset         
00000d6b  __TI_decompress_none            
00000d7d  DL_Timer_setCaptureCompareValue 
00000d8d  SysTick_Handler                 
00000d9d  GROUP1_IRQHandler               
00000da9  DL_Common_delayCycles           
00000db5  __aeabi_memcpy                  
00000db5  __aeabi_memcpy4                 
00000db5  __aeabi_memcpy8                 
00000dbd  abort                           
00000dc2  C$$EXIT                         
00000dc3  HOSTexit                        
00000dc7  Reset_Handler                   
00000dcb  _system_pre_init                
00000dd0  asc2_1608                       
000013c0  asc2_0806                       
00001604  __TI_Handler_Table_Base         
00001610  __TI_Handler_Table_Limit        
00001618  __TI_CINIT_Base                 
00001628  __TI_CINIT_Limit                
00001628  __TI_CINIT_Warm                 
20200000  __start___llvm_prf_bits         
20200000  __start___llvm_prf_cnts         
20200000  __stop___llvm_prf_bits          
20200000  __stop___llvm_prf_cnts          
20200000  gPWM_0Backup                    
202000bc  start_time                      
202000c0  tick_ms                         
202000c4  buf                             
202000d1  enable_group1_irq               
20207e00  __stack                         
20208000  __STACK_END                     
ffffffff  __TI_pprof_out_hndl             
ffffffff  __TI_prof_data_size             
ffffffff  __TI_prof_data_start            
ffffffff  __binit__                       
ffffffff  binit                           
UNDEFED   __mpu_init                      
UNDEFED   _system_post_cinit              

[109 symbols]
