******************************************************************************
            TI ARM Clang Linker PC v4.0.4                      
******************************************************************************
>> Linked Sun Sep  6 12:34:50 2026

OUTPUT FILE NAME:   <empty_LP_MSPM0G3507_nortos_ticlang.out>
ENTRY POINT SYMBOL: "_c_int00_noargs"  address: 00002161


MEMORY CONFIGURATION

         name            origin    length      used     unused   attr    fill
----------------------  --------  ---------  --------  --------  ----  --------
  FLASH                 00000000   00020000  00002ba8  0001d458  R  X
  SRAM                  20200000   00008000  000004b5  00007b4b  RW X
  BCR_CONFIG            41c00000   000000ff  00000000  000000ff  R   
  BSL_CONFIG            41c00100   00000080  00000000  00000080  R   


SEGMENT ALLOCATION MAP

run origin  load origin   length   init length attrs members
----------  ----------- ---------- ----------- ----- -------
00000000    00000000    00002ba8   00002ba8    r-x
  00000000    00000000    000000c0   000000c0    r-- .intvecs
  000000c0    000000c0    00002240   00002240    r-x .text
  00002300    00002300    00000878   00000878    r-- .rodata
  00002b78    00002b78    00000030   00000030    r-- .cinit
20200000    20200000    000002b5   00000000    rw-
  20200000    20200000    0000028c   00000000    rw- .bss
  2020028c    2020028c    00000029   00000000    rw- .data
20207e00    20207e00    00000200   00000000    rw-
  20207e00    20207e00    00000200   00000000    rw- .stack


SECTION ALLOCATION MAP

 output                                  attributes/
section   page    origin      length       input sections
--------  ----  ----------  ----------   ----------------
.intvecs   0    00000000    000000c0     
                  00000000    000000c0     startup_mspm0g350x_ticlang.o (.intvecs)

.text      0    000000c0    00002240     
                  000000c0    000003dc     oled_hardware_i2c.o (.text.OLED_ShowSignedFloat)
                  0000049c    000002c0     oled_hardware_i2c.o (.text.OLED_Init)
                  0000075c    0000025c     interrupt.o (.text.UART2_IRQHandler)
                  000009b8    00000136     pid.o (.text.PID_calc)
                  00000aee    00000002     startup_mspm0g350x_ticlang.o (.text.Default_Handler)
                  00000af0    00000134     oled_hardware_i2c.o (.text.OLED_WR_Byte)
                  00000c24    0000010c     libclang_rt.builtins.a : divdf3.S.obj (.text.__divdf3)
                  00000d30    00000104     driverlib.a : dl_timer.o (.text.DL_Timer_initFourCCPWMMode)
                  00000e34    000000e8                 : dl_timer.o (.text.DL_Timer_initTimerMode)
                  00000f1c    000000e8     ti_msp_dl_config.o (.text.SYSCFG_DL_GPIO_init)
                  00001004    000000e4     libclang_rt.builtins.a : muldf3.S.obj (.text.__muldf3)
                  000010e8    000000dc     oled_hardware_i2c.o (.text.OLED_ShowChar)
                  000011c4    000000d8     libclang_rt.builtins.a : addsf3.S.obj (.text)
                  0000129c    0000009a     libc.a : memcpy16.S.obj (.text:memcpy)
                  00001336    00000002     libclang_rt.builtins.a : aeabi_div0.c.obj (.text.__aeabi_idiv0)
                  00001338    00000094     ti_msp_dl_config.o (.text.SYSCFG_DL_UART_WIT_init)
                  000013cc    0000008c     ti_msp_dl_config.o (.text.SYSCFG_DL_PWM_0_init)
                  00001458    0000008c     libclang_rt.builtins.a : mulsf3.S.obj (.text.__mulsf3)
                  000014e4    00000088     Encoder.o (.text.Encoder_L_Update)
                  0000156c    00000080     Encoder.o (.text.Encoder_R_Update)
                  000015ec    00000080     main.o (.text.main)
                  0000166c    0000007c     libc.a : copy_decompress_lzss.c.obj (.text:decompress:lzss)
                  000016e8    0000007a     oled_hardware_i2c.o (.text.OLED_ShowString)
                  00001762    00000002     --HOLE-- [fill = 0]
                  00001764    00000078     WITshow.o (.text.WIT_Show_Data)
                  000017dc    00000004     libsysbm.a : hostexit.c.obj (.text.HOSTexit)
                  000017e0    00000074     libclang_rt.builtins.a : truncdfsf2.S.obj (.text.__truncdfsf2)
                  00001854    00000070     interrupt.o (.text.GROUP1_IRQHandler)
                  000018c4    00000070     MOTOR.o (.text.MOTOR_duty)
                  00001934    00000070     ti_msp_dl_config.o (.text.SYSCFG_DL_UART_0_init)
                  000019a4    00000070     ti_msp_dl_config.o (.text.SYSCFG_DL_initPower)
                  00001a14    00000062     libclang_rt.builtins.a : aeabi_fcmp.S.obj (.text.__aeabi_fcmp)
                  00001a76    00000062     libc.a : memset16.S.obj (.text:memset)
                  00001ad8    0000005e     driverlib.a : dl_i2c.o (.text.DL_I2C_fillControllerTXFIFO)
                  00001b36    00000002     --HOLE-- [fill = 0]
                  00001b38    00000054                 : dl_uart.o (.text.DL_UART_drainRXFIFO)
                  00001b8c    00000054     ti_msp_dl_config.o (.text.SYSCFG_DL_I2C_MPU6050_init)
                  00001be0    00000054     ti_msp_dl_config.o (.text.SYSCFG_DL_I2C_OLED_init)
                  00001c34    00000054     ti_msp_dl_config.o (.text.SYSCFG_DL_SYSCTL_init)
                  00001c88    00000050     Encoder.o (.text.Encoder_Init)
                  00001cd8    0000004c     driverlib.a : dl_dma.o (.text.DL_DMA_initChannel)
                  00001d24    0000004a     libclang_rt.builtins.a : fixdfsi.S.obj (.text.__fixdfsi)
                  00001d6e    00000002     --HOLE-- [fill = 0]
                  00001d70    00000048     driverlib.a : dl_uart.o (.text.DL_UART_init)
                  00001db8    00000040     ti_msp_dl_config.o (.text.SYSCFG_DL_init)
                  00001df8    00000040     Serial.o (.text.UART0_IRQHandler)
                  00001e38    00000040     libclang_rt.builtins.a : aeabi_uidivmod.S.obj (.text.__aeabi_uidivmod)
                  00001e78    0000003c     main.o (.text.TIMA1_IRQHandler)
                  00001eb4    0000003c     libclang_rt.builtins.a : comparesf2.S.obj (.text.__gtsf2)
                  00001ef0    0000003c     libc.a : autoinit.c.obj (.text:__TI_auto_init_nobinit_nopinit)
                  00001f2c    0000003a     libclang_rt.builtins.a : comparesf2.S.obj (.text.__eqsf2)
                  00001f66    00000002     --HOLE-- [fill = 0]
                  00001f68    0000003a                            : muldsi3.S.obj (.text.__muldsi3)
                  00001fa2    00000002     --HOLE-- [fill = 0]
                  00001fa4    00000038     ti_msp_dl_config.o (.text.SYSCFG_DL_TIMER_0_init)
                  00001fdc    00000038     clock.o (.text.SysTick_Init)
                  00002014    00000038     libclang_rt.builtins.a : fixsfsi.S.obj (.text.__fixsfsi)
                  0000204c    00000034     clock.o (.text.mspm0_delay_ms)
                  00002080    00000032     libclang_rt.builtins.a : fixunssfsi.S.obj (.text.__fixunssfsi)
                  000020b2    00000002     --HOLE-- [fill = 0]
                  000020b4    00000030     wit.o (.text.WIT_Init)
                  000020e4    0000002c     libclang_rt.builtins.a : floatsidf.S.obj (.text.__floatsidf)
                  00002110    00000028     pid.o (.text.PID_init)
                  00002138    00000028     libclang_rt.builtins.a : floatunsisf.S.obj (.text.__floatunsisf)
                  00002160    00000028     libc.a : boot_cortex_m.c.obj (.text:_c_int00_noargs)
                  00002188    00000026     driverlib.a : dl_i2c.o (.text.DL_I2C_setClockConfig)
                  000021ae    00000002     --HOLE-- [fill = 0]
                  000021b0    0000001c                 : dl_timer.o (.text.DL_Timer_setCaptCompUpdateMethod)
                  000021cc    0000001c                 : dl_timer.o (.text.DL_Timer_setClockConfig)
                  000021e8    00000018                 : dl_timer.o (.text.DL_Timer_setCaptureCompareOutCtl)
                  00002200    00000018     interrupt.o (.text.Interrupt_Init)
                  00002218    00000018     ti_msp_dl_config.o (.text.SYSCFG_DL_DMA_WIT_init)
                  00002230    00000018     Serial.o (.text.Serial_Init)
                  00002248    00000018     clock.o (.text.mspm0_get_clock_ms)
                  00002260    00000016     libc.a : copy_zero_init.c.obj (.text:decompress:ZI:__TI_zero_init_nomemset)
                  00002276    00000012     driverlib.a : dl_uart.o (.text.DL_UART_setClockConfig)
                  00002288    00000012     libc.a : copy_decompress_none.c.obj (.text:decompress:none)
                  0000229a    00000002     --HOLE-- [fill = 0]
                  0000229c    00000010     driverlib.a : dl_timer.o (.text.DL_Timer_setCaptureCompareValue)
                  000022ac    00000010     interrupt.o (.text.SysTick_Handler)
                  000022bc    0000000c     libclang_rt.builtins.a : aeabi_memset.S.obj (.text.__aeabi_memclr)
                  000022c8    0000000a     driverlib.a : dl_common.o (.text.DL_Common_delayCycles)
                  000022d2    00000008     ti_msp_dl_config.o (.text.SYSCFG_DL_DMA_init)
                  000022da    00000002     --HOLE-- [fill = 0]
                  000022dc    00000008     libclang_rt.builtins.a : aeabi_memcpy.S.obj (.text.__aeabi_memcpy)
                  000022e4    00000006     libc.a : exit.c.obj (.text:abort)
                  000022ea    00000004     startup_mspm0g350x_ticlang.o (.text.Reset_Handler)
                  000022ee    00000004     libc.a : pre_init.c.obj (.text._system_pre_init)
                  000022f2    0000000e     --HOLE-- [fill = 0]

.cinit     0    00002b78    00000030     
                  00002b78    0000000c     (.cinit..data.load) [load image, compression = lzss]
                  00002b84    0000000c     (__TI_handler_table)
                  00002b90    00000008     (.cinit..bss.load) [load image, compression = zero_init]
                  00002b98    00000010     (__TI_cinit_table)

.rodata    0    00002300    00000878     
                  00002300    000005f0     oled_hardware_i2c.o (.rodata.asc2_1608)
                  000028f0    00000228     oled_hardware_i2c.o (.rodata.asc2_0806)
                  00002b18    00000018     ti_msp_dl_config.o (.rodata.gDMA_WITConfig)
                  00002b30    00000014     ti_msp_dl_config.o (.rodata.gTIMER_0TimerConfig)
                  00002b44    0000000a     ti_msp_dl_config.o (.rodata.gUART_0Config)
                  00002b4e    0000000a     ti_msp_dl_config.o (.rodata.gUART_WITConfig)
                  00002b58    00000008     ti_msp_dl_config.o (.rodata.gPWM_0Config)
                  00002b60    00000003     ti_msp_dl_config.o (.rodata.gPWM_0ClockConfig)
                  00002b63    00000003     ti_msp_dl_config.o (.rodata.gTIMER_0ClockConfig)
                  00002b66    00000003     WITshow.o (.rodata.str1.1678642953834415352.1)
                  00002b69    00000003     WITshow.o (.rodata.str1.6409796367950617209.1)
                  00002b6c    00000003     WITshow.o (.rodata.str1.8174122144380886714.1)
                  00002b6f    00000002     ti_msp_dl_config.o (.rodata.gI2C_MPU6050ClockConfig)
                  00002b71    00000002     ti_msp_dl_config.o (.rodata.gI2C_OLEDClockConfig)
                  00002b73    00000002     ti_msp_dl_config.o (.rodata.gUART_0ClockConfig)
                  00002b75    00000002     ti_msp_dl_config.o (.rodata.gUART_WITClockConfig)
                  00002b77    00000001     --HOLE-- [fill = 0]

.init_array 
*          0    00000000    00000000     UNINITIALIZED

.binit     0    00000000    00000000     

.bss       0    20200000    0000028c     UNINITIALIZED
                  20200000    000000bc     (.common:gPWM_0Backup)
                  202000bc    000000bc     (.common:gTIMER_0Backup)
                  20200178    00000080     Serial.o (.bss.serial_rx_buf)
                  202001f8    00000048     (.common:pid_stand)
                  20200240    00000021     (.common:wit_dmaBuffer)
                  20200261    00000003     --HOLE--
                  20200264    00000020     (.common:wit_data)
                  20200284    00000004     (.common:start_time)
                  20200288    00000004     (.common:tick_ms)

.data      0    2020028c    00000029     UNINITIALIZED
                  2020028c    00000004     Encoder.o (.data.Encoder_L_Count)
                  20200290    00000004     Encoder.o (.data.Encoder_R_Count)
                  20200294    00000004     Encoder.o (.data.g_L_lastTimeUs)
                  20200298    00000004     Encoder.o (.data.g_L_periodUs)
                  2020029c    00000004     Encoder.o (.data.g_R_lastTimeUs)
                  202002a0    00000004     Encoder.o (.data.g_R_periodUs)
                  202002a4    00000004     wit.o (.data.wit_angle_count)
                  202002a8    00000004     wit.o (.data.wit_rx_count)
                  202002ac    00000002     Serial.o (.data.serial_rx_head)
                  202002ae    00000002     Serial.o (.data.serial_rx_tail)
                  202002b0    00000001     Encoder.o (.data.direction_L)
                  202002b1    00000001     Encoder.o (.data.direction_R)
                  202002b2    00000001     interrupt.o (.data.enable_group1_irq)
                  202002b3    00000001     Encoder.o (.data.g_L_valid)
                  202002b4    00000001     Encoder.o (.data.g_R_valid)

.stack     0    20207e00    00000200     UNINITIALIZED
                  20207e00    00000004     libc.a : boot_cortex_m.c.obj (.stack)
                  20207e04    000001fc     --HOLE--

__llvm_prf_cnts 
*          0    20200000    00000000     UNINITIALIZED

__llvm_prf_bits 
*          0    20200000    00000000     UNINITIALIZED

MODULE SUMMARY

       Module                         code   ro data   rw data
       ------                         ----   -------   -------
    .\
       ti_msp_dl_config.o             1148   86        376    
       main.o                         188    0         72     
       startup_mspm0g350x_ticlang.o   6      192       0      
    +--+------------------------------+------+---------+---------+
       Total:                         1342   278       448    
                                                              
    .\Drivers\MSPM0\
       interrupt.o                    756    0         1      
       clock.o                        132    0         8      
    +--+------------------------------+------+---------+---------+
       Total:                         888    0         9      
                                                              
    .\Drivers\OLED_Hardware_I2C\
       oled_hardware_i2c.o            2342   2072      0      
    +--+------------------------------+------+---------+---------+
       Total:                         2342   2072      0      
                                                              
    .\Drivers\WIT\
       wit.o                          48     0         73     
    +--+------------------------------+------+---------+---------+
       Total:                         48     0         73     
                                                              
    .\USER\
       Encoder.o                      344    0         28     
       pid.o                          350    0         0      
       Serial.o                       88     0         132    
       WITshow.o                      120    9         0      
       MOTOR.o                        112    0         0      
    +--+------------------------------+------+---------+---------+
       Total:                         1014   9         160    
                                                              
    C:/ti/mspm0_sdk_2_05_01_00/source/ti/driverlib/lib/ticlang/m0p/mspm0g1x0x_g3x0x/driverlib.a
       dl_timer.o                     588    0         0      
       dl_uart.o                      174    0         0      
       dl_i2c.o                       132    0         0      
       dl_dma.o                       76     0         0      
       dl_common.o                    10     0         0      
    +--+------------------------------+------+---------+---------+
       Total:                         980    0         0      
                                                              
    C:\ti\ccs2020\ccs\tools\compiler\ti-cgt-armllvm_4.0.4.LTS\lib\armv6m-ti-none-eabi/c/libc.a
       memcpy16.S.obj                 154    0         0      
       copy_decompress_lzss.c.obj     124    0         0      
       memset16.S.obj                 98     0         0      
       autoinit.c.obj                 60     0         0      
       boot_cortex_m.c.obj            40     0         0      
       copy_zero_init.c.obj           22     0         0      
       copy_decompress_none.c.obj     18     0         0      
       exit.c.obj                     6      0         0      
       pre_init.c.obj                 4      0         0      
    +--+------------------------------+------+---------+---------+
       Total:                         526    0         0      
                                                              
    C:\ti\ccs2020\ccs\tools\compiler\ti-cgt-armllvm_4.0.4.LTS\lib\armv6m-ti-none-eabi/c/libsysbm.a
       hostexit.c.obj                 4      0         0      
    +--+------------------------------+------+---------+---------+
       Total:                         4      0         0      
                                                              
    C:\ti\ccs2020\ccs\tools\compiler\ti-cgt-armllvm_4.0.4.LTS\lib\armv6m-ti-none-eabi/libclang_rt.builtins.a
       divdf3.S.obj                   268    0         0      
       muldf3.S.obj                   228    0         0      
       addsf3.S.obj                   216    0         0      
       mulsf3.S.obj                   140    0         0      
       comparesf2.S.obj               118    0         0      
       truncdfsf2.S.obj               116    0         0      
       aeabi_fcmp.S.obj               98     0         0      
       fixdfsi.S.obj                  74     0         0      
       aeabi_uidivmod.S.obj           64     0         0      
       muldsi3.S.obj                  58     0         0      
       fixsfsi.S.obj                  56     0         0      
       fixunssfsi.S.obj               50     0         0      
       floatsidf.S.obj                44     0         0      
       floatunsisf.S.obj              40     0         0      
       aeabi_memset.S.obj             12     0         0      
       aeabi_memcpy.S.obj             8      0         0      
       aeabi_div0.c.obj               2      0         0      
    +--+------------------------------+------+---------+---------+
       Total:                         1592   0         0      
                                                              
       Stack:                         0      0         512    
       Linker Generated:              0      48        0      
    +--+------------------------------+------+---------+---------+
       Grand Total:                   8736   2407      1202   


LINKER GENERATED COPY TABLES

__TI_cinit_table @ 00002b98 records: 2, size/record: 8, table size: 16
	.data: load addr=00002b78, load size=0000000c bytes, run addr=2020028c, run size=00000029 bytes, compression=lzss
	.bss: load addr=00002b90, load size=00000008 bytes, run addr=20200000, run size=0000028c bytes, compression=zero_init


LINKER GENERATED HANDLER TABLE

__TI_handler_table @ 00002b84 records: 3, size/record: 4, table size: 12
	index: 0, handler: __TI_decompress_lzss
	index: 1, handler: __TI_decompress_none
	index: 2, handler: __TI_zero_init


GLOBAL SYMBOLS: SORTED ALPHABETICALLY BY Name 

address   name                            
-------   ----                            
00000aef  ADC0_IRQHandler                 
00000aef  ADC1_IRQHandler                 
00000aef  AES_IRQHandler                  
000017dc  C$$EXIT                         
00000aef  CANFD0_IRQHandler               
00000aef  DAC0_IRQHandler                 
000022c9  DL_Common_delayCycles           
00001cd9  DL_DMA_initChannel              
00001ad9  DL_I2C_fillControllerTXFIFO     
00002189  DL_I2C_setClockConfig           
00000d31  DL_Timer_initFourCCPWMMode      
00000e35  DL_Timer_initTimerMode          
000021b1  DL_Timer_setCaptCompUpdateMethod
000021e9  DL_Timer_setCaptureCompareOutCtl
0000229d  DL_Timer_setCaptureCompareValue 
000021cd  DL_Timer_setClockConfig         
00001b39  DL_UART_drainRXFIFO             
00001d71  DL_UART_init                    
00002277  DL_UART_setClockConfig          
00000aef  DMA_IRQHandler                  
00000aef  Default_Handler                 
00001c89  Encoder_Init                    
2020028c  Encoder_L_Count                 
000014e5  Encoder_L_Update                
20200290  Encoder_R_Count                 
0000156d  Encoder_R_Update                
00000aef  GROUP0_IRQHandler               
00001855  GROUP1_IRQHandler               
000017dd  HOSTexit                        
00000aef  HardFault_Handler               
00000aef  I2C0_IRQHandler                 
00000aef  I2C1_IRQHandler                 
00002201  Interrupt_Init                  
000018c5  MOTOR_duty                      
00000aef  NMI_Handler                     
0000049d  OLED_Init                       
000010e9  OLED_ShowChar                   
000000c1  OLED_ShowSignedFloat            
000016e9  OLED_ShowString                 
00000af1  OLED_WR_Byte                    
000009b9  PID_calc                        
00002111  PID_init                        
00000aef  PendSV_Handler                  
00000aef  RTC_IRQHandler                  
000022eb  Reset_Handler                   
00000aef  SPI0_IRQHandler                 
00000aef  SPI1_IRQHandler                 
00000aef  SVC_Handler                     
00002219  SYSCFG_DL_DMA_WIT_init          
000022d3  SYSCFG_DL_DMA_init              
00000f1d  SYSCFG_DL_GPIO_init             
00001b8d  SYSCFG_DL_I2C_MPU6050_init      
00001be1  SYSCFG_DL_I2C_OLED_init         
000013cd  SYSCFG_DL_PWM_0_init            
00001c35  SYSCFG_DL_SYSCTL_init           
00001fa5  SYSCFG_DL_TIMER_0_init          
00001935  SYSCFG_DL_UART_0_init           
00001339  SYSCFG_DL_UART_WIT_init         
00001db9  SYSCFG_DL_init                  
000019a5  SYSCFG_DL_initPower             
00002231  Serial_Init                     
000022ad  SysTick_Handler                 
00001fdd  SysTick_Init                    
00000aef  TIMA0_IRQHandler                
00001e79  TIMA1_IRQHandler                
00000aef  TIMG0_IRQHandler                
00000aef  TIMG12_IRQHandler               
00000aef  TIMG6_IRQHandler                
00000aef  TIMG7_IRQHandler                
00000aef  TIMG8_IRQHandler                
00001df9  UART0_IRQHandler                
00000aef  UART1_IRQHandler                
0000075d  UART2_IRQHandler                
00000aef  UART3_IRQHandler                
000020b5  WIT_Init                        
00001765  WIT_Show_Data                   
20208000  __STACK_END                     
00000200  __STACK_SIZE                    
00000000  __TI_ATRegion0_region_sz        
00000000  __TI_ATRegion0_src_addr         
00000000  __TI_ATRegion0_trg_addr         
00000000  __TI_ATRegion1_region_sz        
00000000  __TI_ATRegion1_src_addr         
00000000  __TI_ATRegion1_trg_addr         
00000000  __TI_ATRegion2_region_sz        
00000000  __TI_ATRegion2_src_addr         
00000000  __TI_ATRegion2_trg_addr         
00002b98  __TI_CINIT_Base                 
00002ba8  __TI_CINIT_Limit                
00002ba8  __TI_CINIT_Warm                 
00002b84  __TI_Handler_Table_Base         
00002b90  __TI_Handler_Table_Limit        
00001ef1  __TI_auto_init_nobinit_nopinit  
0000166d  __TI_decompress_lzss            
00002289  __TI_decompress_none            
ffffffff  __TI_pprof_out_hndl             
ffffffff  __TI_prof_data_size             
ffffffff  __TI_prof_data_start            
00000000  __TI_static_base__              
00002261  __TI_zero_init_nomemset         
000011cf  __addsf3                        
000017e1  __aeabi_d2f                     
00001d25  __aeabi_d2iz                    
00000c25  __aeabi_ddiv                    
00001005  __aeabi_dmul                    
00002015  __aeabi_f2iz                    
00002081  __aeabi_f2uiz                   
000011cf  __aeabi_fadd                    
00001a15  __aeabi_fcmpeq                  
00001a51  __aeabi_fcmpge                  
00001a65  __aeabi_fcmpgt                  
00001a3d  __aeabi_fcmple                  
00001a29  __aeabi_fcmplt                  
00001459  __aeabi_fmul                    
000011c5  __aeabi_fsub                    
000020e5  __aeabi_i2d                     
00001337  __aeabi_idiv0                   
000022bd  __aeabi_memclr                  
000022bd  __aeabi_memclr4                 
000022bd  __aeabi_memclr8                 
000022dd  __aeabi_memcpy                  
000022dd  __aeabi_memcpy4                 
000022dd  __aeabi_memcpy8                 
00002139  __aeabi_ui2f                    
00001e39  __aeabi_uidiv                   
00001e39  __aeabi_uidivmod                
ffffffff  __binit__                       
00001f2d  __cmpsf2                        
00000c25  __divdf3                        
00001f2d  __eqsf2                         
00001d25  __fixdfsi                       
00002015  __fixsfsi                       
00002081  __fixunssfsi                    
000020e5  __floatsidf                     
00002139  __floatunsisf                   
00001eb5  __gesf2                         
00001eb5  __gtsf2                         
00001f2d  __lesf2                         
00001f2d  __ltsf2                         
UNDEFED   __mpu_init                      
00001005  __muldf3                        
00001f69  __muldsi3                       
00001459  __mulsf3                        
00001f2d  __nesf2                         
20207e00  __stack                         
20200000  __start___llvm_prf_bits         
20200000  __start___llvm_prf_cnts         
20200000  __stop___llvm_prf_bits          
20200000  __stop___llvm_prf_cnts          
000011c5  __subsf3                        
000017e1  __truncdfsf2                    
00002161  _c_int00_noargs                 
UNDEFED   _system_post_cinit              
000022ef  _system_pre_init                
000022e5  abort                           
000028f0  asc2_0806                       
00002300  asc2_1608                       
ffffffff  binit                           
202002b2  enable_group1_irq               
20200000  gPWM_0Backup                    
202000bc  gTIMER_0Backup                  
00000000  interruptVectors                
000015ed  main                            
0000129d  memcpy                          
00001a77  memset                          
0000204d  mspm0_delay_ms                  
00002249  mspm0_get_clock_ms              
202001f8  pid_stand                       
20200284  start_time                      
20200288  tick_ms                         
202002a4  wit_angle_count                 
20200264  wit_data                        
20200240  wit_dmaBuffer                   
202002a8  wit_rx_count                    


GLOBAL SYMBOLS: SORTED BY Symbol Address 

address   name                            
-------   ----                            
00000000  __TI_ATRegion0_region_sz        
00000000  __TI_ATRegion0_src_addr         
00000000  __TI_ATRegion0_trg_addr         
00000000  __TI_ATRegion1_region_sz        
00000000  __TI_ATRegion1_src_addr         
00000000  __TI_ATRegion1_trg_addr         
00000000  __TI_ATRegion2_region_sz        
00000000  __TI_ATRegion2_src_addr         
00000000  __TI_ATRegion2_trg_addr         
00000000  __TI_static_base__              
00000000  interruptVectors                
000000c1  OLED_ShowSignedFloat            
00000200  __STACK_SIZE                    
0000049d  OLED_Init                       
0000075d  UART2_IRQHandler                
000009b9  PID_calc                        
00000aef  ADC0_IRQHandler                 
00000aef  ADC1_IRQHandler                 
00000aef  AES_IRQHandler                  
00000aef  CANFD0_IRQHandler               
00000aef  DAC0_IRQHandler                 
00000aef  DMA_IRQHandler                  
00000aef  Default_Handler                 
00000aef  GROUP0_IRQHandler               
00000aef  HardFault_Handler               
00000aef  I2C0_IRQHandler                 
00000aef  I2C1_IRQHandler                 
00000aef  NMI_Handler                     
00000aef  PendSV_Handler                  
00000aef  RTC_IRQHandler                  
00000aef  SPI0_IRQHandler                 
00000aef  SPI1_IRQHandler                 
00000aef  SVC_Handler                     
00000aef  TIMA0_IRQHandler                
00000aef  TIMG0_IRQHandler                
00000aef  TIMG12_IRQHandler               
00000aef  TIMG6_IRQHandler                
00000aef  TIMG7_IRQHandler                
00000aef  TIMG8_IRQHandler                
00000aef  UART1_IRQHandler                
00000aef  UART3_IRQHandler                
00000af1  OLED_WR_Byte                    
00000c25  __aeabi_ddiv                    
00000c25  __divdf3                        
00000d31  DL_Timer_initFourCCPWMMode      
00000e35  DL_Timer_initTimerMode          
00000f1d  SYSCFG_DL_GPIO_init             
00001005  __aeabi_dmul                    
00001005  __muldf3                        
000010e9  OLED_ShowChar                   
000011c5  __aeabi_fsub                    
000011c5  __subsf3                        
000011cf  __addsf3                        
000011cf  __aeabi_fadd                    
0000129d  memcpy                          
00001337  __aeabi_idiv0                   
00001339  SYSCFG_DL_UART_WIT_init         
000013cd  SYSCFG_DL_PWM_0_init            
00001459  __aeabi_fmul                    
00001459  __mulsf3                        
000014e5  Encoder_L_Update                
0000156d  Encoder_R_Update                
000015ed  main                            
0000166d  __TI_decompress_lzss            
000016e9  OLED_ShowString                 
00001765  WIT_Show_Data                   
000017dc  C$$EXIT                         
000017dd  HOSTexit                        
000017e1  __aeabi_d2f                     
000017e1  __truncdfsf2                    
00001855  GROUP1_IRQHandler               
000018c5  MOTOR_duty                      
00001935  SYSCFG_DL_UART_0_init           
000019a5  SYSCFG_DL_initPower             
00001a15  __aeabi_fcmpeq                  
00001a29  __aeabi_fcmplt                  
00001a3d  __aeabi_fcmple                  
00001a51  __aeabi_fcmpge                  
00001a65  __aeabi_fcmpgt                  
00001a77  memset                          
00001ad9  DL_I2C_fillControllerTXFIFO     
00001b39  DL_UART_drainRXFIFO             
00001b8d  SYSCFG_DL_I2C_MPU6050_init      
00001be1  SYSCFG_DL_I2C_OLED_init         
00001c35  SYSCFG_DL_SYSCTL_init           
00001c89  Encoder_Init                    
00001cd9  DL_DMA_initChannel              
00001d25  __aeabi_d2iz                    
00001d25  __fixdfsi                       
00001d71  DL_UART_init                    
00001db9  SYSCFG_DL_init                  
00001df9  UART0_IRQHandler                
00001e39  __aeabi_uidiv                   
00001e39  __aeabi_uidivmod                
00001e79  TIMA1_IRQHandler                
00001eb5  __gesf2                         
00001eb5  __gtsf2                         
00001ef1  __TI_auto_init_nobinit_nopinit  
00001f2d  __cmpsf2                        
00001f2d  __eqsf2                         
00001f2d  __lesf2                         
00001f2d  __ltsf2                         
00001f2d  __nesf2                         
00001f69  __muldsi3                       
00001fa5  SYSCFG_DL_TIMER_0_init          
00001fdd  SysTick_Init                    
00002015  __aeabi_f2iz                    
00002015  __fixsfsi                       
0000204d  mspm0_delay_ms                  
00002081  __aeabi_f2uiz                   
00002081  __fixunssfsi                    
000020b5  WIT_Init                        
000020e5  __aeabi_i2d                     
000020e5  __floatsidf                     
00002111  PID_init                        
00002139  __aeabi_ui2f                    
00002139  __floatunsisf                   
00002161  _c_int00_noargs                 
00002189  DL_I2C_setClockConfig           
000021b1  DL_Timer_setCaptCompUpdateMethod
000021cd  DL_Timer_setClockConfig         
000021e9  DL_Timer_setCaptureCompareOutCtl
00002201  Interrupt_Init                  
00002219  SYSCFG_DL_DMA_WIT_init          
00002231  Serial_Init                     
00002249  mspm0_get_clock_ms              
00002261  __TI_zero_init_nomemset         
00002277  DL_UART_setClockConfig          
00002289  __TI_decompress_none            
0000229d  DL_Timer_setCaptureCompareValue 
000022ad  SysTick_Handler                 
000022bd  __aeabi_memclr                  
000022bd  __aeabi_memclr4                 
000022bd  __aeabi_memclr8                 
000022c9  DL_Common_delayCycles           
000022d3  SYSCFG_DL_DMA_init              
000022dd  __aeabi_memcpy                  
000022dd  __aeabi_memcpy4                 
000022dd  __aeabi_memcpy8                 
000022e5  abort                           
000022eb  Reset_Handler                   
000022ef  _system_pre_init                
00002300  asc2_1608                       
000028f0  asc2_0806                       
00002b84  __TI_Handler_Table_Base         
00002b90  __TI_Handler_Table_Limit        
00002b98  __TI_CINIT_Base                 
00002ba8  __TI_CINIT_Limit                
00002ba8  __TI_CINIT_Warm                 
20200000  __start___llvm_prf_bits         
20200000  __start___llvm_prf_cnts         
20200000  __stop___llvm_prf_bits          
20200000  __stop___llvm_prf_cnts          
20200000  gPWM_0Backup                    
202000bc  gTIMER_0Backup                  
202001f8  pid_stand                       
20200240  wit_dmaBuffer                   
20200264  wit_data                        
20200284  start_time                      
20200288  tick_ms                         
2020028c  Encoder_L_Count                 
20200290  Encoder_R_Count                 
202002a4  wit_angle_count                 
202002a8  wit_rx_count                    
202002b2  enable_group1_irq               
20207e00  __stack                         
20208000  __STACK_END                     
ffffffff  __TI_pprof_out_hndl             
ffffffff  __TI_prof_data_size             
ffffffff  __TI_prof_data_start            
ffffffff  __binit__                       
ffffffff  binit                           
UNDEFED   __mpu_init                      
UNDEFED   _system_post_cinit              

[174 symbols]
