******************************************************************************
            TI ARM Clang Linker PC v4.0.4                      
******************************************************************************
>> Linked Sat Aug 15 02:22:40 2026

OUTPUT FILE NAME:   <empty_LP_MSPM0G3507_nortos_ticlang.out>
ENTRY POINT SYMBOL: "_c_int00_noargs"  address: 000012ad


MEMORY CONFIGURATION

         name            origin    length      used     unused   attr    fill
----------------------  --------  ---------  --------  --------  ----  --------
  FLASH                 00000000   00020000  00001d48  0001e2b8  R  X
  SRAM                  20200000   00008000  00000470  00007b90  RW X
  BCR_CONFIG            41c00000   000000ff  00000000  000000ff  R   
  BSL_CONFIG            41c00100   00000080  00000000  00000080  R   


SEGMENT ALLOCATION MAP

run origin  load origin   length   init length attrs members
----------  ----------- ---------- ----------- ----- -------
00000000    00000000    00001d48   00001d48    r-x
  00000000    00000000    000000c0   000000c0    r-- .intvecs
  000000c0    000000c0    000013d0   000013d0    r-x .text
  00001490    00001490    00000880   00000880    r-- .rodata
  00001d10    00001d10    00000038   00000038    r-- .cinit
20200000    20200000    00000270   00000000    rw-
  20200000    20200000    00000240   00000000    rw- .bss
  20200240    20200240    00000030   00000000    rw- .data
20207e00    20207e00    00000200   00000000    rw-
  20207e00    20207e00    00000200   00000000    rw- .stack


SECTION ALLOCATION MAP

 output                                  attributes/
section   page    origin      length       input sections
--------  ----  ----------  ----------   ----------------
.intvecs   0    00000000    000000c0     
                  00000000    000000c0     startup_mspm0g350x_ticlang.o (.intvecs)

.text      0    000000c0    000013d0     
                  000000c0    000002c0     oled_hardware_i2c.o (.text.OLED_Init)
                  00000380    00000284     libc.a : _printfi.c.obj (.text:__TI_printfi_minimal)
                  00000604    00000134     oled_hardware_i2c.o (.text.OLED_WR_Byte)
                  00000738    0000011c     driverlib.a : dl_timer.o (.text.DL_Timer_initCaptureMode)
                  00000854    00000104                 : dl_timer.o (.text.DL_Timer_initFourCCPWMMode)
                  00000958    000000dc     oled_hardware_i2c.o (.text.OLED_ShowChar)
                  00000a34    0000009c     main.o (.text.main)
                  00000ad0    0000009a     libc.a : memcpy16.S.obj (.text:memcpy)
                  00000b6a    00000002     startup_mspm0g350x_ticlang.o (.text.Default_Handler)
                  00000b6c    0000008c     ti_msp_dl_config.o (.text.SYSCFG_DL_PWM_0_init)
                  00000bf8    00000084     ti_msp_dl_config.o (.text.SYSCFG_DL_GPIO_init)
                  00000c7c    0000007c     libc.a : copy_decompress_lzss.c.obj (.text:decompress:lzss)
                  00000cf8    0000007a     oled_hardware_i2c.o (.text.OLED_ShowString)
                  00000d72    00000002     libclang_rt.builtins.a : aeabi_div0.c.obj (.text.__aeabi_idiv0)
                  00000d74    00000070     MOTOR.o (.text.MOTOR_duty)
                  00000de4    00000062     libc.a : memset16.S.obj (.text:memset)
                  00000e46    00000002     --HOLE-- [fill = 0]
                  00000e48    00000060     ti_msp_dl_config.o (.text.SYSCFG_DL_initPower)
                  00000ea8    0000005e     driverlib.a : dl_i2c.o (.text.DL_I2C_fillControllerTXFIFO)
                  00000f06    00000002     --HOLE-- [fill = 0]
                  00000f08    0000005c     Encoder.o (.text.Encoder_GetRPM)
                  00000f64    00000056     libclang_rt.builtins.a : aeabi_idivmod.S.obj (.text.__aeabi_idivmod)
                  00000fba    00000002     --HOLE-- [fill = 0]
                  00000fbc    00000054     ti_msp_dl_config.o (.text.SYSCFG_DL_I2C_MPU6050_init)
                  00001010    00000054     ti_msp_dl_config.o (.text.SYSCFG_DL_I2C_OLED_init)
                  00001064    00000044     ti_msp_dl_config.o (.text.SYSCFG_DL_init)
                  000010a8    00000040     ti_msp_dl_config.o (.text.SYSCFG_DL_SYSCTL_init)
                  000010e8    00000040     libclang_rt.builtins.a : aeabi_uidivmod.S.obj (.text.__aeabi_uidivmod)
                  00001128    0000003c     ti_msp_dl_config.o (.text.SYSCFG_DL_CAPTURE_0_init)
                  00001164    0000003c     ti_msp_dl_config.o (.text.SYSCFG_DL_CAPTURE_1_init)
                  000011a0    0000003c     libc.a : autoinit.c.obj (.text:__TI_auto_init_nobinit_nopinit)
                  000011dc    00000038     clock.o (.text.SysTick_Init)
                  00001214    00000038     libc.a : sprintf.c.obj (.text.sprintf)
                  0000124c    00000034     clock.o (.text.mspm0_delay_ms)
                  00001280    0000002c     Encoder.o (.text.Encoder_Init)
                  000012ac    00000028     libc.a : boot_cortex_m.c.obj (.text:_c_int00_noargs)
                  000012d4    00000026     driverlib.a : dl_i2c.o (.text.DL_I2C_setClockConfig)
                  000012fa    00000022     libc.a : memccpy.c.obj (.text.memccpy)
                  0000131c    0000001c     driverlib.a : dl_timer.o (.text.DL_Timer_setCaptCompUpdateMethod)
                  00001338    0000001c                 : dl_timer.o (.text.DL_Timer_setClockConfig)
                  00001354    0000001c     Encoder.o (.text.TIMA1_IRQHandler)
                  00001370    0000001c     Encoder.o (.text.TIMG6_IRQHandler)
                  0000138c    00000018     driverlib.a : dl_timer.o (.text.DL_Timer_setCaptureCompareOutCtl)
                  000013a4    00000018     interrupt.o (.text.Interrupt_Init)
                  000013bc    00000018     libc.a : sprintf.c.obj (.text._outs)
                  000013d4    00000018     clock.o (.text.mspm0_get_clock_ms)
                  000013ec    00000016     libc.a : copy_zero_init.c.obj (.text:decompress:ZI:__TI_zero_init_nomemset)
                  00001402    00000012            : copy_decompress_none.c.obj (.text:decompress:none)
                  00001414    00000010     driverlib.a : dl_timer.o (.text.DL_Timer_setCaptureCompareValue)
                  00001424    00000010     interrupt.o (.text.SysTick_Handler)
                  00001434    0000000e     libclang_rt.builtins.a : aeabi_memset.S.obj (.text.__aeabi_memset)
                  00001442    0000000e     libc.a : _printfi.c.obj (.text.strlen)
                  00001450    0000000c     interrupt.o (.text.GROUP1_IRQHandler)
                  0000145c    0000000a     driverlib.a : dl_common.o (.text.DL_Common_delayCycles)
                  00001466    0000000a     libc.a : sprintf.c.obj (.text._outc)
                  00001470    00000008     libclang_rt.builtins.a : aeabi_memcpy.S.obj (.text.__aeabi_memcpy)
                  00001478    00000006     libc.a : exit.c.obj (.text:abort)
                  0000147e    00000004     libsysbm.a : hostexit.c.obj (.text.HOSTexit)
                  00001482    00000004     startup_mspm0g350x_ticlang.o (.text.Reset_Handler)
                  00001486    00000004     libc.a : pre_init.c.obj (.text._system_pre_init)
                  0000148a    00000006     --HOLE-- [fill = 0]

.cinit     0    00001d10    00000038     
                  00001d10    0000000d     (.cinit..data.load) [load image, compression = lzss]
                  00001d1d    00000003     --HOLE-- [fill = 0]
                  00001d20    0000000c     (__TI_handler_table)
                  00001d2c    00000008     (.cinit..bss.load) [load image, compression = zero_init]
                  00001d34    00000010     (__TI_cinit_table)
                  00001d44    00000004     --HOLE-- [fill = 0]

.rodata    0    00001490    00000880     
                  00001490    000005f0     oled_hardware_i2c.o (.rodata.asc2_1608)
                  00001a80    00000228     oled_hardware_i2c.o (.rodata.asc2_0806)
                  00001ca8    00000011     libc.a : _printfi.c.obj (.rodata.str1.15363888844622738466.1)
                  00001cb9    00000003     ti_msp_dl_config.o (.rodata.gCAPTURE_0ClockConfig)
                  00001cbc    00000010     ti_msp_dl_config.o (.rodata.gCAPTURE_0CaptureConfig)
                  00001ccc    00000010     ti_msp_dl_config.o (.rodata.gCAPTURE_1CaptureConfig)
                  00001cdc    0000000c     driverlib.a : dl_timer.o (.rodata..Lswitch.table.DL_Timer_initCompareMode)
                  00001ce8    00000008     ti_msp_dl_config.o (.rodata.gPWM_0Config)
                  00001cf0    00000008     main.o (.rodata.str1.15159059442110792349.1)
                  00001cf8    00000008     main.o (.rodata.str1.8154729771448623357.1)
                  00001d00    00000003     ti_msp_dl_config.o (.rodata.gCAPTURE_1ClockConfig)
                  00001d03    00000003     ti_msp_dl_config.o (.rodata.gPWM_0ClockConfig)
                  00001d06    00000002     ti_msp_dl_config.o (.rodata.gI2C_MPU6050ClockConfig)
                  00001d08    00000002     ti_msp_dl_config.o (.rodata.gI2C_OLEDClockConfig)
                  00001d0a    00000006     --HOLE-- [fill = 0]

.init_array 
*          0    00000000    00000000     UNINITIALIZED

.binit     0    00000000    00000000     

.bss       0    20200000    00000240     UNINITIALIZED
                  20200000    000000bc     (.common:gCAPTURE_0Backup)
                  202000bc    000000bc     (.common:gPWM_0Backup)
                  20200178    000000a0     (.common:gCAPTURE_1Backup)
                  20200218    00000020     (.common:oled_buffer)
                  20200238    00000004     (.common:start_time)
                  2020023c    00000004     (.common:tick_ms)

.data      0    20200240    00000030     UNINITIALIZED
                  20200240    0000000d     main.o (.data.buf)
                  2020024d    00000001     interrupt.o (.data.enable_group1_irq)
                  2020024e    00000002     --HOLE--
                  20200250    00000008     Encoder.o (.data.g_last_pulse)
                  20200258    00000008     Encoder.o (.data.g_last_tick)
                  20200260    00000008     Encoder.o (.data.g_pulse)
                  20200268    00000008     Encoder.o (.data.g_speed)

.stack     0    20207e00    00000200     UNINITIALIZED
                  20207e00    00000004     libc.a : boot_cortex_m.c.obj (.stack)
                  20207e04    000001fc     --HOLE--

__llvm_prf_cnts 
*          0    20200000    00000000     UNINITIALIZED

__llvm_prf_bits 
*          0    20200000    00000000     UNINITIALIZED

MODULE SUMMARY

       Module                         code   ro data   rw data
       ------                         ----   -------   -------
    .\
       ti_msp_dl_config.o             788    53        536    
       main.o                         156    16        45     
       startup_mspm0g350x_ticlang.o   6      192       0      
    +--+------------------------------+------+---------+---------+
       Total:                         950    261       581    
                                                              
    .\Drivers\MSPM0\
       clock.o                        132    0         8      
       interrupt.o                    52     0         1      
    +--+------------------------------+------+---------+---------+
       Total:                         184    0         9      
                                                              
    .\Drivers\OLED_Hardware_I2C\
       oled_hardware_i2c.o            1354   2072      0      
    +--+------------------------------+------+---------+---------+
       Total:                         1354   2072      0      
                                                              
    .\USER\
       Encoder.o                      192    0         32     
       MOTOR.o                        112    0         0      
    +--+------------------------------+------+---------+---------+
       Total:                         304    0         32     
                                                              
    C:/ti/mspm0_sdk_2_05_01_00/source/ti/driverlib/lib/ticlang/m0p/mspm0g1x0x_g3x0x/driverlib.a
       dl_timer.o                     640    12        0      
       dl_i2c.o                       132    0         0      
       dl_common.o                    10     0         0      
    +--+------------------------------+------+---------+---------+
       Total:                         782    12        0      
                                                              
    C:\ti\ccs2020\ccs\tools\compiler\ti-cgt-armllvm_4.0.4.LTS\lib\armv6m-ti-none-eabi/c/libc.a
       _printfi.c.obj                 658    17        0      
       memcpy16.S.obj                 154    0         0      
       copy_decompress_lzss.c.obj     124    0         0      
       memset16.S.obj                 98     0         0      
       sprintf.c.obj                  90     0         0      
       autoinit.c.obj                 60     0         0      
       boot_cortex_m.c.obj            40     0         0      
       memccpy.c.obj                  34     0         0      
       copy_zero_init.c.obj           22     0         0      
       copy_decompress_none.c.obj     18     0         0      
       exit.c.obj                     6      0         0      
       pre_init.c.obj                 4      0         0      
    +--+------------------------------+------+---------+---------+
       Total:                         1308   17        0      
                                                              
    C:\ti\ccs2020\ccs\tools\compiler\ti-cgt-armllvm_4.0.4.LTS\lib\armv6m-ti-none-eabi/c/libsysbm.a
       hostexit.c.obj                 4      0         0      
    +--+------------------------------+------+---------+---------+
       Total:                         4      0         0      
                                                              
    C:\ti\ccs2020\ccs\tools\compiler\ti-cgt-armllvm_4.0.4.LTS\lib\armv6m-ti-none-eabi/libclang_rt.builtins.a
       aeabi_idivmod.S.obj            86     0         0      
       aeabi_uidivmod.S.obj           64     0         0      
       aeabi_memset.S.obj             14     0         0      
       aeabi_memcpy.S.obj             8      0         0      
       aeabi_div0.c.obj               2      0         0      
    +--+------------------------------+------+---------+---------+
       Total:                         174    0         0      
                                                              
       Stack:                         0      0         512    
       Linker Generated:              0      49        0      
    +--+------------------------------+------+---------+---------+
       Grand Total:                   5060   2411      1134   


LINKER GENERATED COPY TABLES

__TI_cinit_table @ 00001d34 records: 2, size/record: 8, table size: 16
	.data: load addr=00001d10, load size=0000000d bytes, run addr=20200240, run size=00000030 bytes, compression=lzss
	.bss: load addr=00001d2c, load size=00000008 bytes, run addr=20200000, run size=00000240 bytes, compression=zero_init


LINKER GENERATED HANDLER TABLE

__TI_handler_table @ 00001d20 records: 3, size/record: 4, table size: 12
	index: 0, handler: __TI_decompress_lzss
	index: 1, handler: __TI_decompress_none
	index: 2, handler: __TI_zero_init


GLOBAL SYMBOLS: SORTED ALPHABETICALLY BY Name 

address   name                            
-------   ----                            
00000b6b  ADC0_IRQHandler                 
00000b6b  ADC1_IRQHandler                 
00000b6b  AES_IRQHandler                  
0000147e  C$$EXIT                         
00000b6b  CANFD0_IRQHandler               
00000b6b  DAC0_IRQHandler                 
0000145d  DL_Common_delayCycles           
00000ea9  DL_I2C_fillControllerTXFIFO     
000012d5  DL_I2C_setClockConfig           
00000739  DL_Timer_initCaptureMode        
00000855  DL_Timer_initFourCCPWMMode      
0000131d  DL_Timer_setCaptCompUpdateMethod
0000138d  DL_Timer_setCaptureCompareOutCtl
00001415  DL_Timer_setCaptureCompareValue 
00001339  DL_Timer_setClockConfig         
00000b6b  DMA_IRQHandler                  
00000b6b  Default_Handler                 
00000f09  Encoder_GetRPM                  
00001281  Encoder_Init                    
00000b6b  GROUP0_IRQHandler               
00001451  GROUP1_IRQHandler               
0000147f  HOSTexit                        
00000b6b  HardFault_Handler               
00000b6b  I2C0_IRQHandler                 
00000b6b  I2C1_IRQHandler                 
000013a5  Interrupt_Init                  
00000d75  MOTOR_duty                      
00000b6b  NMI_Handler                     
000000c1  OLED_Init                       
00000959  OLED_ShowChar                   
00000cf9  OLED_ShowString                 
00000605  OLED_WR_Byte                    
00000b6b  PendSV_Handler                  
00000b6b  RTC_IRQHandler                  
00001483  Reset_Handler                   
00000b6b  SPI0_IRQHandler                 
00000b6b  SPI1_IRQHandler                 
00000b6b  SVC_Handler                     
00001129  SYSCFG_DL_CAPTURE_0_init        
00001165  SYSCFG_DL_CAPTURE_1_init        
00000bf9  SYSCFG_DL_GPIO_init             
00000fbd  SYSCFG_DL_I2C_MPU6050_init      
00001011  SYSCFG_DL_I2C_OLED_init         
00000b6d  SYSCFG_DL_PWM_0_init            
000010a9  SYSCFG_DL_SYSCTL_init           
00001065  SYSCFG_DL_init                  
00000e49  SYSCFG_DL_initPower             
00001425  SysTick_Handler                 
000011dd  SysTick_Init                    
00000b6b  TIMA0_IRQHandler                
00001355  TIMA1_IRQHandler                
00000b6b  TIMG0_IRQHandler                
00000b6b  TIMG12_IRQHandler               
00001371  TIMG6_IRQHandler                
00000b6b  TIMG7_IRQHandler                
00000b6b  TIMG8_IRQHandler                
00000b6b  UART0_IRQHandler                
00000b6b  UART1_IRQHandler                
00000b6b  UART2_IRQHandler                
00000b6b  UART3_IRQHandler                
20208000  __STACK_END                     
00000200  __STACK_SIZE                    
00000000  __TI_ATRegion0_region_sz        
00000000  __TI_ATRegion0_src_addr         
00000000  __TI_ATRegion0_trg_addr         
00000000  __TI_ATRegion1_region_sz        
00000000  __TI_ATRegion1_src_addr         
00000000  __TI_ATRegion1_trg_addr         
00000000  __TI_ATRegion2_region_sz        
00000000  __TI_ATRegion2_src_addr         
00000000  __TI_ATRegion2_trg_addr         
00001d34  __TI_CINIT_Base                 
00001d44  __TI_CINIT_Limit                
00001d44  __TI_CINIT_Warm                 
00001d20  __TI_Handler_Table_Base         
00001d2c  __TI_Handler_Table_Limit        
000011a1  __TI_auto_init_nobinit_nopinit  
00000c7d  __TI_decompress_lzss            
00001403  __TI_decompress_none            
ffffffff  __TI_pprof_out_hndl             
00000381  __TI_printfi_minimal            
ffffffff  __TI_prof_data_size             
ffffffff  __TI_prof_data_start            
00000000  __TI_static_base__              
000013ed  __TI_zero_init_nomemset         
00000f65  __aeabi_idiv                    
00000d73  __aeabi_idiv0                   
00000f65  __aeabi_idivmod                 
00001471  __aeabi_memcpy                  
00001471  __aeabi_memcpy4                 
00001471  __aeabi_memcpy8                 
00001435  __aeabi_memset                  
00001435  __aeabi_memset4                 
00001435  __aeabi_memset8                 
000010e9  __aeabi_uidiv                   
000010e9  __aeabi_uidivmod                
ffffffff  __binit__                       
UNDEFED   __mpu_init                      
20207e00  __stack                         
20200000  __start___llvm_prf_bits         
20200000  __start___llvm_prf_cnts         
20200000  __stop___llvm_prf_bits          
20200000  __stop___llvm_prf_cnts          
000012ad  _c_int00_noargs                 
UNDEFED   _system_post_cinit              
00001487  _system_pre_init                
00001479  abort                           
00001a80  asc2_0806                       
00001490  asc2_1608                       
ffffffff  binit                           
20200240  buf                             
2020024d  enable_group1_irq               
20200000  gCAPTURE_0Backup                
20200178  gCAPTURE_1Backup                
202000bc  gPWM_0Backup                    
00000000  interruptVectors                
00000a35  main                            
000012fb  memccpy                         
00000ad1  memcpy                          
00000de5  memset                          
0000124d  mspm0_delay_ms                  
000013d5  mspm0_get_clock_ms              
20200218  oled_buffer                     
00001215  sprintf                         
20200238  start_time                      
2020023c  tick_ms                         


GLOBAL SYMBOLS: SORTED BY Symbol Address 

address   name                            
-------   ----                            
00000000  __TI_ATRegion0_region_sz        
00000000  __TI_ATRegion0_src_addr         
00000000  __TI_ATRegion0_trg_addr         
00000000  __TI_ATRegion1_region_sz        
00000000  __TI_ATRegion1_src_addr         
00000000  __TI_ATRegion1_trg_addr         
00000000  __TI_ATRegion2_region_sz        
00000000  __TI_ATRegion2_src_addr         
00000000  __TI_ATRegion2_trg_addr         
00000000  __TI_static_base__              
00000000  interruptVectors                
000000c1  OLED_Init                       
00000200  __STACK_SIZE                    
00000381  __TI_printfi_minimal            
00000605  OLED_WR_Byte                    
00000739  DL_Timer_initCaptureMode        
00000855  DL_Timer_initFourCCPWMMode      
00000959  OLED_ShowChar                   
00000a35  main                            
00000ad1  memcpy                          
00000b6b  ADC0_IRQHandler                 
00000b6b  ADC1_IRQHandler                 
00000b6b  AES_IRQHandler                  
00000b6b  CANFD0_IRQHandler               
00000b6b  DAC0_IRQHandler                 
00000b6b  DMA_IRQHandler                  
00000b6b  Default_Handler                 
00000b6b  GROUP0_IRQHandler               
00000b6b  HardFault_Handler               
00000b6b  I2C0_IRQHandler                 
00000b6b  I2C1_IRQHandler                 
00000b6b  NMI_Handler                     
00000b6b  PendSV_Handler                  
00000b6b  RTC_IRQHandler                  
00000b6b  SPI0_IRQHandler                 
00000b6b  SPI1_IRQHandler                 
00000b6b  SVC_Handler                     
00000b6b  TIMA0_IRQHandler                
00000b6b  TIMG0_IRQHandler                
00000b6b  TIMG12_IRQHandler               
00000b6b  TIMG7_IRQHandler                
00000b6b  TIMG8_IRQHandler                
00000b6b  UART0_IRQHandler                
00000b6b  UART1_IRQHandler                
00000b6b  UART2_IRQHandler                
00000b6b  UART3_IRQHandler                
00000b6d  SYSCFG_DL_PWM_0_init            
00000bf9  SYSCFG_DL_GPIO_init             
00000c7d  __TI_decompress_lzss            
00000cf9  OLED_ShowString                 
00000d73  __aeabi_idiv0                   
00000d75  MOTOR_duty                      
00000de5  memset                          
00000e49  SYSCFG_DL_initPower             
00000ea9  DL_I2C_fillControllerTXFIFO     
00000f09  Encoder_GetRPM                  
00000f65  __aeabi_idiv                    
00000f65  __aeabi_idivmod                 
00000fbd  SYSCFG_DL_I2C_MPU6050_init      
00001011  SYSCFG_DL_I2C_OLED_init         
00001065  SYSCFG_DL_init                  
000010a9  SYSCFG_DL_SYSCTL_init           
000010e9  __aeabi_uidiv                   
000010e9  __aeabi_uidivmod                
00001129  SYSCFG_DL_CAPTURE_0_init        
00001165  SYSCFG_DL_CAPTURE_1_init        
000011a1  __TI_auto_init_nobinit_nopinit  
000011dd  SysTick_Init                    
00001215  sprintf                         
0000124d  mspm0_delay_ms                  
00001281  Encoder_Init                    
000012ad  _c_int00_noargs                 
000012d5  DL_I2C_setClockConfig           
000012fb  memccpy                         
0000131d  DL_Timer_setCaptCompUpdateMethod
00001339  DL_Timer_setClockConfig         
00001355  TIMA1_IRQHandler                
00001371  TIMG6_IRQHandler                
0000138d  DL_Timer_setCaptureCompareOutCtl
000013a5  Interrupt_Init                  
000013d5  mspm0_get_clock_ms              
000013ed  __TI_zero_init_nomemset         
00001403  __TI_decompress_none            
00001415  DL_Timer_setCaptureCompareValue 
00001425  SysTick_Handler                 
00001435  __aeabi_memset                  
00001435  __aeabi_memset4                 
00001435  __aeabi_memset8                 
00001451  GROUP1_IRQHandler               
0000145d  DL_Common_delayCycles           
00001471  __aeabi_memcpy                  
00001471  __aeabi_memcpy4                 
00001471  __aeabi_memcpy8                 
00001479  abort                           
0000147e  C$$EXIT                         
0000147f  HOSTexit                        
00001483  Reset_Handler                   
00001487  _system_pre_init                
00001490  asc2_1608                       
00001a80  asc2_0806                       
00001d20  __TI_Handler_Table_Base         
00001d2c  __TI_Handler_Table_Limit        
00001d34  __TI_CINIT_Base                 
00001d44  __TI_CINIT_Limit                
00001d44  __TI_CINIT_Warm                 
20200000  __start___llvm_prf_bits         
20200000  __start___llvm_prf_cnts         
20200000  __stop___llvm_prf_bits          
20200000  __stop___llvm_prf_cnts          
20200000  gCAPTURE_0Backup                
202000bc  gPWM_0Backup                    
20200178  gCAPTURE_1Backup                
20200218  oled_buffer                     
20200238  start_time                      
2020023c  tick_ms                         
20200240  buf                             
2020024d  enable_group1_irq               
20207e00  __stack                         
20208000  __STACK_END                     
ffffffff  __TI_pprof_out_hndl             
ffffffff  __TI_prof_data_size             
ffffffff  __TI_prof_data_start            
ffffffff  __binit__                       
ffffffff  binit                           
UNDEFED   __mpu_init                      
UNDEFED   _system_post_cinit              

[126 symbols]
