******************************************************************************
            TI ARM Clang Linker PC v4.0.4                      
******************************************************************************
>> Linked Fri Aug 21 01:31:47 2026

OUTPUT FILE NAME:   <empty_LP_MSPM0G3507_nortos_ticlang.out>
ENTRY POINT SYMBOL: "_c_int00_noargs"  address: 00000f2d


MEMORY CONFIGURATION

         name            origin    length      used     unused   attr    fill
----------------------  --------  ---------  --------  --------  ----  --------
  FLASH                 00000000   00020000  00001918  0001e6e8  R  X
  SRAM                  20200000   00008000  000002cd  00007d33  RW X
  BCR_CONFIG            41c00000   000000ff  00000000  000000ff  R   
  BSL_CONFIG            41c00100   00000080  00000000  00000080  R   


SEGMENT ALLOCATION MAP

run origin  load origin   length   init length attrs members
----------  ----------- ---------- ----------- ----- -------
00000000    00000000    00001918   00001918    r-x
  00000000    00000000    000000c0   000000c0    r-- .intvecs
  000000c0    000000c0    00000ff8   00000ff8    r-x .text
  000010b8    000010b8    00000830   00000830    r-- .rodata
  000018e8    000018e8    00000030   00000030    r-- .cinit
20200000    20200000    000000cd   00000000    rw-
  20200000    20200000    000000c4   00000000    rw- .bss
  202000c4    202000c4    00000009   00000000    rw- .data
20207e00    20207e00    00000200   00000000    rw-
  20207e00    20207e00    00000200   00000000    rw- .stack


SECTION ALLOCATION MAP

 output                                  attributes/
section   page    origin      length       input sections
--------  ----  ----------  ----------   ----------------
.intvecs   0    00000000    000000c0     
                  00000000    000000c0     startup_mspm0g350x_ticlang.o (.intvecs)

.text      0    000000c0    00000ff8     
                  000000c0    000002c0     oled_hardware_i2c.o (.text.OLED_Init)
                  00000380    0000014a     oled_hardware_i2c.o (.text.OLED_ShowSignedNum)
                  000004ca    00000002     startup_mspm0g350x_ticlang.o (.text.Default_Handler)
                  000004cc    00000134     oled_hardware_i2c.o (.text.OLED_WR_Byte)
                  00000600    00000104     driverlib.a : dl_timer.o (.text.DL_Timer_initFourCCPWMMode)
                  00000704    000000dc     oled_hardware_i2c.o (.text.OLED_ShowChar)
                  000007e0    000000d8     ti_msp_dl_config.o (.text.SYSCFG_DL_GPIO_init)
                  000008b8    0000009a     libc.a : memcpy16.S.obj (.text:memcpy)
                  00000952    00000002     libclang_rt.builtins.a : aeabi_div0.c.obj (.text.__aeabi_idiv0)
                  00000954    0000008c     ti_msp_dl_config.o (.text.SYSCFG_DL_PWM_0_init)
                  000009e0    0000007c     libc.a : copy_decompress_lzss.c.obj (.text:decompress:lzss)
                  00000a5c    0000007a     oled_hardware_i2c.o (.text.OLED_ShowString)
                  00000ad6    00000002     --HOLE-- [fill = 0]
                  00000ad8    00000074     main.o (.text.main)
                  00000b4c    00000070     interrupt.o (.text.GROUP1_IRQHandler)
                  00000bbc    00000062     libc.a : memset16.S.obj (.text:memset)
                  00000c1e    0000005e     driverlib.a : dl_i2c.o (.text.DL_I2C_fillControllerTXFIFO)
                  00000c7c    00000054     ti_msp_dl_config.o (.text.SYSCFG_DL_I2C_MPU6050_init)
                  00000cd0    00000054     ti_msp_dl_config.o (.text.SYSCFG_DL_I2C_OLED_init)
                  00000d24    00000054     ti_msp_dl_config.o (.text.SYSCFG_DL_SYSCTL_init)
                  00000d78    00000048     ti_msp_dl_config.o (.text.SYSCFG_DL_initPower)
                  00000dc0    00000040     libclang_rt.builtins.a : aeabi_uidivmod.S.obj (.text.__aeabi_uidivmod)
                  00000e00    0000003c     libc.a : autoinit.c.obj (.text:__TI_auto_init_nobinit_nopinit)
                  00000e3c    00000038     clock.o (.text.SysTick_Init)
                  00000e74    00000034     clock.o (.text.mspm0_delay_ms)
                  00000ea8    00000030     Encoder.o (.text.Encoder_L_Update)
                  00000ed8    0000002c     Encoder.o (.text.Encoder_R_Update)
                  00000f04    00000028     ti_msp_dl_config.o (.text.SYSCFG_DL_init)
                  00000f2c    00000028     libc.a : boot_cortex_m.c.obj (.text:_c_int00_noargs)
                  00000f54    00000026     driverlib.a : dl_i2c.o (.text.DL_I2C_setClockConfig)
                  00000f7a    00000002     --HOLE-- [fill = 0]
                  00000f7c    00000020     Encoder.o (.text.Encoder_Init)
                  00000f9c    0000001c     driverlib.a : dl_timer.o (.text.DL_Timer_setCaptCompUpdateMethod)
                  00000fb8    0000001c                 : dl_timer.o (.text.DL_Timer_setClockConfig)
                  00000fd4    00000018                 : dl_timer.o (.text.DL_Timer_setCaptureCompareOutCtl)
                  00000fec    00000018     interrupt.o (.text.Interrupt_Init)
                  00001004    00000018     clock.o (.text.mspm0_get_clock_ms)
                  0000101c    00000016     libc.a : copy_zero_init.c.obj (.text:decompress:ZI:__TI_zero_init_nomemset)
                  00001032    00000012            : copy_decompress_none.c.obj (.text:decompress:none)
                  00001044    00000010     driverlib.a : dl_timer.o (.text.DL_Timer_setCaptureCompareValue)
                  00001054    00000010     interrupt.o (.text.SysTick_Handler)
                  00001064    0000000e     libclang_rt.builtins.a : aeabi_memset.S.obj (.text.__aeabi_memset)
                  00001072    00000002     --HOLE-- [fill = 0]
                  00001074    0000000c     Encoder.o (.text.Encoder_Read_L)
                  00001080    0000000c     Encoder.o (.text.Encoder_Read_R)
                  0000108c    0000000a     driverlib.a : dl_common.o (.text.DL_Common_delayCycles)
                  00001096    00000002     --HOLE-- [fill = 0]
                  00001098    00000008     libclang_rt.builtins.a : aeabi_memcpy.S.obj (.text.__aeabi_memcpy)
                  000010a0    00000006     libc.a : exit.c.obj (.text:abort)
                  000010a6    00000004     libsysbm.a : hostexit.c.obj (.text.HOSTexit)
                  000010aa    00000004     startup_mspm0g350x_ticlang.o (.text.Reset_Handler)
                  000010ae    00000004     libc.a : pre_init.c.obj (.text._system_pre_init)
                  000010b2    00000006     --HOLE-- [fill = 0]

.cinit     0    000018e8    00000030     
                  000018e8    0000000c     (__TI_handler_table)
                  000018f4    00000008     (.cinit..bss.load) [load image, compression = zero_init]
                  000018fc    00000007     (.cinit..data.load) [load image, compression = lzss]
                  00001903    00000001     --HOLE-- [fill = 0]
                  00001904    00000010     (__TI_cinit_table)
                  00001914    00000004     --HOLE-- [fill = 0]

.rodata    0    000010b8    00000830     
                  000010b8    000005f0     oled_hardware_i2c.o (.rodata.asc2_1608)
                  000016a8    00000228     oled_hardware_i2c.o (.rodata.asc2_0806)
                  000018d0    00000008     ti_msp_dl_config.o (.rodata.gPWM_0Config)
                  000018d8    00000003     ti_msp_dl_config.o (.rodata.gPWM_0ClockConfig)
                  000018db    00000003     main.o (.rodata.str1.15159059442110792349.1)
                  000018de    00000003     main.o (.rodata.str1.8154729771448623357.1)
                  000018e1    00000002     ti_msp_dl_config.o (.rodata.gI2C_MPU6050ClockConfig)
                  000018e3    00000002     ti_msp_dl_config.o (.rodata.gI2C_OLEDClockConfig)
                  000018e5    00000003     --HOLE-- [fill = 0]

.init_array 
*          0    00000000    00000000     UNINITIALIZED

.binit     0    00000000    00000000     

.bss       0    20200000    000000c4     UNINITIALIZED
                  20200000    000000bc     (.common:gPWM_0Backup)
                  202000bc    00000004     (.common:start_time)
                  202000c0    00000004     (.common:tick_ms)

.data      0    202000c4    00000009     UNINITIALIZED
                  202000c4    00000004     Encoder.o (.data.Encoder_L_Count)
                  202000c8    00000004     Encoder.o (.data.Encoder_R_Count)
                  202000cc    00000001     interrupt.o (.data.enable_group1_irq)

.stack     0    20207e00    00000200     UNINITIALIZED
                  20207e00    00000004     libc.a : boot_cortex_m.c.obj (.stack)
                  20207e04    000001fc     --HOLE--

__llvm_prf_cnts 
*          0    20200000    00000000     UNINITIALIZED

__llvm_prf_bits 
*          0    20200000    00000000     UNINITIALIZED

MODULE SUMMARY

       Module                         code   ro data   rw data
       ------                         ----   -------   -------
    .\
       ti_msp_dl_config.o             720    15        188    
       startup_mspm0g350x_ticlang.o   6      192       0      
       main.o                         116    6         0      
    +--+------------------------------+------+---------+---------+
       Total:                         842    213       188    
                                                              
    .\Drivers\MSPM0\
       interrupt.o                    152    0         1      
       clock.o                        132    0         8      
    +--+------------------------------+------+---------+---------+
       Total:                         284    0         9      
                                                              
    .\Drivers\OLED_Hardware_I2C\
       oled_hardware_i2c.o            1684   2072      0      
    +--+------------------------------+------+---------+---------+
       Total:                         1684   2072      0      
                                                              
    .\USER\
       Encoder.o                      148    0         8      
    +--+------------------------------+------+---------+---------+
       Total:                         148    0         8      
                                                              
    C:/ti/mspm0_sdk_2_05_01_00/source/ti/driverlib/lib/ticlang/m0p/mspm0g1x0x_g3x0x/driverlib.a
       dl_timer.o                     356    0         0      
       dl_i2c.o                       132    0         0      
       dl_common.o                    10     0         0      
    +--+------------------------------+------+---------+---------+
       Total:                         498    0         0      
                                                              
    C:\ti\ccs2020\ccs\tools\compiler\ti-cgt-armllvm_4.0.4.LTS\lib\armv6m-ti-none-eabi/c/libc.a
       memcpy16.S.obj                 154    0         0      
       copy_decompress_lzss.c.obj     124    0         0      
       memset16.S.obj                 98     0         0      
       autoinit.c.obj                 60     0         0      
       boot_cortex_m.c.obj            40     0         0      
       copy_zero_init.c.obj           22     0         0      
       copy_decompress_none.c.obj     18     0         0      
       exit.c.obj                     6      0         0      
       pre_init.c.obj                 4      0         0      
    +--+------------------------------+------+---------+---------+
       Total:                         526    0         0      
                                                              
    C:\ti\ccs2020\ccs\tools\compiler\ti-cgt-armllvm_4.0.4.LTS\lib\armv6m-ti-none-eabi/c/libsysbm.a
       hostexit.c.obj                 4      0         0      
    +--+------------------------------+------+---------+---------+
       Total:                         4      0         0      
                                                              
    C:\ti\ccs2020\ccs\tools\compiler\ti-cgt-armllvm_4.0.4.LTS\lib\armv6m-ti-none-eabi/libclang_rt.builtins.a
       aeabi_uidivmod.S.obj           64     0         0      
       aeabi_memset.S.obj             14     0         0      
       aeabi_memcpy.S.obj             8      0         0      
       aeabi_div0.c.obj               2      0         0      
    +--+------------------------------+------+---------+---------+
       Total:                         88     0         0      
                                                              
       Stack:                         0      0         512    
       Linker Generated:              0      43        0      
    +--+------------------------------+------+---------+---------+
       Grand Total:                   4074   2328      717    


LINKER GENERATED COPY TABLES

__TI_cinit_table @ 00001904 records: 2, size/record: 8, table size: 16
	.bss: load addr=000018f4, load size=00000008 bytes, run addr=20200000, run size=000000c4 bytes, compression=zero_init
	.data: load addr=000018fc, load size=00000007 bytes, run addr=202000c4, run size=00000009 bytes, compression=lzss


LINKER GENERATED HANDLER TABLE

__TI_handler_table @ 000018e8 records: 3, size/record: 4, table size: 12
	index: 0, handler: __TI_decompress_lzss
	index: 1, handler: __TI_decompress_none
	index: 2, handler: __TI_zero_init


GLOBAL SYMBOLS: SORTED ALPHABETICALLY BY Name 

address   name                            
-------   ----                            
000004cb  ADC0_IRQHandler                 
000004cb  ADC1_IRQHandler                 
000004cb  AES_IRQHandler                  
000010a6  C$$EXIT                         
000004cb  CANFD0_IRQHandler               
000004cb  DAC0_IRQHandler                 
0000108d  DL_Common_delayCycles           
00000c1f  DL_I2C_fillControllerTXFIFO     
00000f55  DL_I2C_setClockConfig           
00000601  DL_Timer_initFourCCPWMMode      
00000f9d  DL_Timer_setCaptCompUpdateMethod
00000fd5  DL_Timer_setCaptureCompareOutCtl
00001045  DL_Timer_setCaptureCompareValue 
00000fb9  DL_Timer_setClockConfig         
000004cb  DMA_IRQHandler                  
000004cb  Default_Handler                 
00000f7d  Encoder_Init                    
202000c4  Encoder_L_Count                 
00000ea9  Encoder_L_Update                
202000c8  Encoder_R_Count                 
00000ed9  Encoder_R_Update                
00001075  Encoder_Read_L                  
00001081  Encoder_Read_R                  
000004cb  GROUP0_IRQHandler               
00000b4d  GROUP1_IRQHandler               
000010a7  HOSTexit                        
000004cb  HardFault_Handler               
000004cb  I2C0_IRQHandler                 
000004cb  I2C1_IRQHandler                 
00000fed  Interrupt_Init                  
000004cb  NMI_Handler                     
000000c1  OLED_Init                       
00000705  OLED_ShowChar                   
00000381  OLED_ShowSignedNum              
00000a5d  OLED_ShowString                 
000004cd  OLED_WR_Byte                    
000004cb  PendSV_Handler                  
000004cb  RTC_IRQHandler                  
000010ab  Reset_Handler                   
000004cb  SPI0_IRQHandler                 
000004cb  SPI1_IRQHandler                 
000004cb  SVC_Handler                     
000007e1  SYSCFG_DL_GPIO_init             
00000c7d  SYSCFG_DL_I2C_MPU6050_init      
00000cd1  SYSCFG_DL_I2C_OLED_init         
00000955  SYSCFG_DL_PWM_0_init            
00000d25  SYSCFG_DL_SYSCTL_init           
00000f05  SYSCFG_DL_init                  
00000d79  SYSCFG_DL_initPower             
00001055  SysTick_Handler                 
00000e3d  SysTick_Init                    
000004cb  TIMA0_IRQHandler                
000004cb  TIMA1_IRQHandler                
000004cb  TIMG0_IRQHandler                
000004cb  TIMG12_IRQHandler               
000004cb  TIMG6_IRQHandler                
000004cb  TIMG7_IRQHandler                
000004cb  TIMG8_IRQHandler                
000004cb  UART0_IRQHandler                
000004cb  UART1_IRQHandler                
000004cb  UART2_IRQHandler                
000004cb  UART3_IRQHandler                
20208000  __STACK_END                     
00000200  __STACK_SIZE                    
00000000  __TI_ATRegion0_region_sz        
00000000  __TI_ATRegion0_src_addr         
00000000  __TI_ATRegion0_trg_addr         
00000000  __TI_ATRegion1_region_sz        
00000000  __TI_ATRegion1_src_addr         
00000000  __TI_ATRegion1_trg_addr         
00000000  __TI_ATRegion2_region_sz        
00000000  __TI_ATRegion2_src_addr         
00000000  __TI_ATRegion2_trg_addr         
00001904  __TI_CINIT_Base                 
00001914  __TI_CINIT_Limit                
00001914  __TI_CINIT_Warm                 
000018e8  __TI_Handler_Table_Base         
000018f4  __TI_Handler_Table_Limit        
00000e01  __TI_auto_init_nobinit_nopinit  
000009e1  __TI_decompress_lzss            
00001033  __TI_decompress_none            
ffffffff  __TI_pprof_out_hndl             
ffffffff  __TI_prof_data_size             
ffffffff  __TI_prof_data_start            
00000000  __TI_static_base__              
0000101d  __TI_zero_init_nomemset         
00000953  __aeabi_idiv0                   
00001099  __aeabi_memcpy                  
00001099  __aeabi_memcpy4                 
00001099  __aeabi_memcpy8                 
00001065  __aeabi_memset                  
00001065  __aeabi_memset4                 
00001065  __aeabi_memset8                 
00000dc1  __aeabi_uidiv                   
00000dc1  __aeabi_uidivmod                
ffffffff  __binit__                       
UNDEFED   __mpu_init                      
20207e00  __stack                         
20200000  __start___llvm_prf_bits         
20200000  __start___llvm_prf_cnts         
20200000  __stop___llvm_prf_bits          
20200000  __stop___llvm_prf_cnts          
00000f2d  _c_int00_noargs                 
UNDEFED   _system_post_cinit              
000010af  _system_pre_init                
000010a1  abort                           
000016a8  asc2_0806                       
000010b8  asc2_1608                       
ffffffff  binit                           
202000cc  enable_group1_irq               
20200000  gPWM_0Backup                    
00000000  interruptVectors                
00000ad9  main                            
000008b9  memcpy                          
00000bbd  memset                          
00000e75  mspm0_delay_ms                  
00001005  mspm0_get_clock_ms              
202000bc  start_time                      
202000c0  tick_ms                         


GLOBAL SYMBOLS: SORTED BY Symbol Address 

address   name                            
-------   ----                            
00000000  __TI_ATRegion0_region_sz        
00000000  __TI_ATRegion0_src_addr         
00000000  __TI_ATRegion0_trg_addr         
00000000  __TI_ATRegion1_region_sz        
00000000  __TI_ATRegion1_src_addr         
00000000  __TI_ATRegion1_trg_addr         
00000000  __TI_ATRegion2_region_sz        
00000000  __TI_ATRegion2_src_addr         
00000000  __TI_ATRegion2_trg_addr         
00000000  __TI_static_base__              
00000000  interruptVectors                
000000c1  OLED_Init                       
00000200  __STACK_SIZE                    
00000381  OLED_ShowSignedNum              
000004cb  ADC0_IRQHandler                 
000004cb  ADC1_IRQHandler                 
000004cb  AES_IRQHandler                  
000004cb  CANFD0_IRQHandler               
000004cb  DAC0_IRQHandler                 
000004cb  DMA_IRQHandler                  
000004cb  Default_Handler                 
000004cb  GROUP0_IRQHandler               
000004cb  HardFault_Handler               
000004cb  I2C0_IRQHandler                 
000004cb  I2C1_IRQHandler                 
000004cb  NMI_Handler                     
000004cb  PendSV_Handler                  
000004cb  RTC_IRQHandler                  
000004cb  SPI0_IRQHandler                 
000004cb  SPI1_IRQHandler                 
000004cb  SVC_Handler                     
000004cb  TIMA0_IRQHandler                
000004cb  TIMA1_IRQHandler                
000004cb  TIMG0_IRQHandler                
000004cb  TIMG12_IRQHandler               
000004cb  TIMG6_IRQHandler                
000004cb  TIMG7_IRQHandler                
000004cb  TIMG8_IRQHandler                
000004cb  UART0_IRQHandler                
000004cb  UART1_IRQHandler                
000004cb  UART2_IRQHandler                
000004cb  UART3_IRQHandler                
000004cd  OLED_WR_Byte                    
00000601  DL_Timer_initFourCCPWMMode      
00000705  OLED_ShowChar                   
000007e1  SYSCFG_DL_GPIO_init             
000008b9  memcpy                          
00000953  __aeabi_idiv0                   
00000955  SYSCFG_DL_PWM_0_init            
000009e1  __TI_decompress_lzss            
00000a5d  OLED_ShowString                 
00000ad9  main                            
00000b4d  GROUP1_IRQHandler               
00000bbd  memset                          
00000c1f  DL_I2C_fillControllerTXFIFO     
00000c7d  SYSCFG_DL_I2C_MPU6050_init      
00000cd1  SYSCFG_DL_I2C_OLED_init         
00000d25  SYSCFG_DL_SYSCTL_init           
00000d79  SYSCFG_DL_initPower             
00000dc1  __aeabi_uidiv                   
00000dc1  __aeabi_uidivmod                
00000e01  __TI_auto_init_nobinit_nopinit  
00000e3d  SysTick_Init                    
00000e75  mspm0_delay_ms                  
00000ea9  Encoder_L_Update                
00000ed9  Encoder_R_Update                
00000f05  SYSCFG_DL_init                  
00000f2d  _c_int00_noargs                 
00000f55  DL_I2C_setClockConfig           
00000f7d  Encoder_Init                    
00000f9d  DL_Timer_setCaptCompUpdateMethod
00000fb9  DL_Timer_setClockConfig         
00000fd5  DL_Timer_setCaptureCompareOutCtl
00000fed  Interrupt_Init                  
00001005  mspm0_get_clock_ms              
0000101d  __TI_zero_init_nomemset         
00001033  __TI_decompress_none            
00001045  DL_Timer_setCaptureCompareValue 
00001055  SysTick_Handler                 
00001065  __aeabi_memset                  
00001065  __aeabi_memset4                 
00001065  __aeabi_memset8                 
00001075  Encoder_Read_L                  
00001081  Encoder_Read_R                  
0000108d  DL_Common_delayCycles           
00001099  __aeabi_memcpy                  
00001099  __aeabi_memcpy4                 
00001099  __aeabi_memcpy8                 
000010a1  abort                           
000010a6  C$$EXIT                         
000010a7  HOSTexit                        
000010ab  Reset_Handler                   
000010af  _system_pre_init                
000010b8  asc2_1608                       
000016a8  asc2_0806                       
000018e8  __TI_Handler_Table_Base         
000018f4  __TI_Handler_Table_Limit        
00001904  __TI_CINIT_Base                 
00001914  __TI_CINIT_Limit                
00001914  __TI_CINIT_Warm                 
20200000  __start___llvm_prf_bits         
20200000  __start___llvm_prf_cnts         
20200000  __stop___llvm_prf_bits          
20200000  __stop___llvm_prf_cnts          
20200000  gPWM_0Backup                    
202000bc  start_time                      
202000c0  tick_ms                         
202000c4  Encoder_L_Count                 
202000c8  Encoder_R_Count                 
202000cc  enable_group1_irq               
20207e00  __stack                         
20208000  __STACK_END                     
ffffffff  __TI_pprof_out_hndl             
ffffffff  __TI_prof_data_size             
ffffffff  __TI_prof_data_start            
ffffffff  __binit__                       
ffffffff  binit                           
UNDEFED   __mpu_init                      
UNDEFED   _system_post_cinit              

[119 symbols]
