******************************************************************************
            TI ARM Clang Linker PC v4.0.4                      
******************************************************************************
>> Linked Sat Sep 12 19:59:50 2026

OUTPUT FILE NAME:   <empty_LP_MSPM0G3507_nortos_ticlang.out>
ENTRY POINT SYMBOL: "_c_int00_noargs"  address: 00003b49


MEMORY CONFIGURATION

         name            origin    length      used     unused   attr    fill
----------------------  --------  ---------  --------  --------  ----  --------
  FLASH                 00000000   00020000  000047f0  0001b810  R  X
  SRAM                  20200000   00008000  0000055d  00007aa3  RW X
  BCR_CONFIG            41c00000   000000ff  00000000  000000ff  R   
  BSL_CONFIG            41c00100   00000080  00000000  00000080  R   


SEGMENT ALLOCATION MAP

run origin  load origin   length   init length attrs members
----------  ----------- ---------- ----------- ----- -------
00000000    00000000    000047f0   000047f0    r-x
  00000000    00000000    000000c0   000000c0    r-- .intvecs
  000000c0    000000c0    00003d50   00003d50    r-x .text
  00003e10    00003e10    000009b0   000009b0    r-- .rodata
  000047c0    000047c0    00000030   00000030    r-- .cinit
20200000    20200000    0000035f   00000000    rw-
  20200000    20200000    0000032e   00000000    rw- .bss
  20200330    20200330    0000002f   00000000    rw- .data
20207e00    20207e00    00000200   00000000    rw-
  20207e00    20207e00    00000200   00000000    rw- .stack


SECTION ALLOCATION MAP

 output                                  attributes/
section   page    origin      length       input sections
--------  ----  ----------  ----------   ----------------
.intvecs   0    00000000    000000c0     
                  00000000    000000c0     startup_mspm0g350x_ticlang.o (.intvecs)

.text      0    000000c0    00003d50     
                  000000c0    000009d0     libc.a : _printfi.c.obj (.text:__TI_printfi)
                  00000a90    000003dc     oled_hardware_i2c.o (.text.OLED_ShowSignedFloat)
                  00000e6c    000002c0     oled_hardware_i2c.o (.text.OLED_Init)
                  0000112c    0000025c     interrupt.o (.text.UART2_IRQHandler)
                  00001388    00000220     libc.a : _printfi.c.obj (.text._pconv_a)
                  000015a8    000001dc            : _printfi.c.obj (.text._pconv_g)
                  00001784    00000192     libclang_rt.builtins.a : adddf3.S.obj (.text.adddf3_subdf3)
                  00001916    00000002     startup_mspm0g350x_ticlang.o (.text.Default_Handler)
                  00001918    0000013c     libc.a : _printfi.c.obj (.text.fcvt)
                  00001a54    00000136     pid.o (.text.PID_calc)
                  00001b8a    00000002     libclang_rt.builtins.a : aeabi_div0.c.obj (.text.__aeabi_idiv0)
                  00001b8c    00000134     oled_hardware_i2c.o (.text.OLED_WR_Byte)
                  00001cc0    00000120     libc.a : _printfi.c.obj (.text._pconv_e)
                  00001de0    0000010c     libclang_rt.builtins.a : divdf3.S.obj (.text.__divdf3)
                  00001eec    00000108     Serial.o (.text.serialprintf)
                  00001ff4    00000104     driverlib.a : dl_timer.o (.text.DL_Timer_initFourCCPWMMode)
                  000020f8    000000f0     main.o (.text.main)
                  000021e8    000000e8     driverlib.a : dl_timer.o (.text.DL_Timer_initTimerMode)
                  000022d0    000000e8     ti_msp_dl_config.o (.text.SYSCFG_DL_GPIO_init)
                  000023b8    000000e4     libclang_rt.builtins.a : muldf3.S.obj (.text.__muldf3)
                  0000249c    000000dc     oled_hardware_i2c.o (.text.OLED_ShowChar)
                  00002578    000000d8     libc.a : s_scalbn.c.obj (.text.scalbn)
                  00002650    000000d8     libclang_rt.builtins.a : addsf3.S.obj (.text)
                  00002728    000000d0     main.o (.text.TIMA1_IRQHandler)
                  000027f8    000000b8     Encoder.o (.text.Encoder_L_Update)
                  000028b0    000000a2     libclang_rt.builtins.a : udivmoddi4.S.obj (.text)
                  00002952    0000009a     libc.a : memcpy16.S.obj (.text:memcpy)
                  000029ec    00000094     ti_msp_dl_config.o (.text.SYSCFG_DL_UART_WIT_init)
                  00002a80    0000008c     ti_msp_dl_config.o (.text.SYSCFG_DL_PWM_0_init)
                  00002b0c    0000008c     libclang_rt.builtins.a : mulsf3.S.obj (.text.__mulsf3)
                  00002b98    00000080     Encoder.o (.text.Encoder_R_Update)
                  00002c18    0000007c     libc.a : copy_decompress_lzss.c.obj (.text:decompress:lzss)
                  00002c94    0000007a     oled_hardware_i2c.o (.text.OLED_ShowString)
                  00002d0e    00000002     libclang_rt.builtins.a : aeabi_div0.c.obj (.text.__aeabi_ldiv0)
                  00002d10    00000078     WITshow.o (.text.WIT_Show_Data)
                  00002d88    00000074     libclang_rt.builtins.a : comparedf2.c.obj (.text.__gedf2)
                  00002dfc    00000004     libsysbm.a : hostexit.c.obj (.text.HOSTexit)
                  00002e00    00000074     libclang_rt.builtins.a : truncdfsf2.S.obj (.text.__truncdfsf2)
                  00002e74    00000070     interrupt.o (.text.GROUP1_IRQHandler)
                  00002ee4    00000070     MOTOR.o (.text.MOTOR_duty)
                  00002f54    00000070     ti_msp_dl_config.o (.text.SYSCFG_DL_UART_0_init)
                  00002fc4    00000070     ti_msp_dl_config.o (.text.SYSCFG_DL_initPower)
                  00003034    00000068     libclang_rt.builtins.a : comparedf2.c.obj (.text.__ledf2)
                  0000309c    00000066     libc.a : _printfi.c.obj (.text._mcpy)
                  00003102    00000002     --HOLE-- [fill = 0]
                  00003104    00000062     libclang_rt.builtins.a : aeabi_dcmp.S.obj (.text.__aeabi_dcmp)
                  00003166    00000002     --HOLE-- [fill = 0]
                  00003168    00000062                            : aeabi_fcmp.S.obj (.text.__aeabi_fcmp)
                  000031ca    00000062     libc.a : memset16.S.obj (.text:memset)
                  0000322c    0000005e     driverlib.a : dl_i2c.o (.text.DL_I2C_fillControllerTXFIFO)
                  0000328a    00000002     --HOLE-- [fill = 0]
                  0000328c    0000005c     libc.a : s_frexp.c.obj (.text.frexp)
                  000032e8    00000058            : _ltoa.c.obj (.text.__TI_ltoa)
                  00003340    00000058            : _printfi.c.obj (.text._pconv_f)
                  00003398    00000056     libclang_rt.builtins.a : aeabi_idivmod.S.obj (.text.__aeabi_idivmod)
                  000033ee    00000002     --HOLE-- [fill = 0]
                  000033f0    00000054     driverlib.a : dl_uart.o (.text.DL_UART_drainRXFIFO)
                  00003444    00000054     ti_msp_dl_config.o (.text.SYSCFG_DL_I2C_MPU6050_init)
                  00003498    00000054     ti_msp_dl_config.o (.text.SYSCFG_DL_I2C_OLED_init)
                  000034ec    00000052     libc.a : _printfi.c.obj (.text._ecpy)
                  0000353e    00000002     --HOLE-- [fill = 0]
                  00003540    00000050     Encoder.o (.text.Encoder_Init)
                  00003590    00000050     ti_msp_dl_config.o (.text.SYSCFG_DL_SYSCTL_init)
                  000035e0    0000004c     driverlib.a : dl_dma.o (.text.DL_DMA_initChannel)
                  0000362c    0000004a     libclang_rt.builtins.a : fixdfsi.S.obj (.text.__fixdfsi)
                  00003676    00000002     --HOLE-- [fill = 0]
                  00003678    00000048     driverlib.a : dl_uart.o (.text.DL_UART_init)
                  000036c0    00000040     ti_msp_dl_config.o (.text.SYSCFG_DL_init)
                  00003700    00000040     Serial.o (.text.UART0_IRQHandler)
                  00003740    00000040     libclang_rt.builtins.a : aeabi_uidivmod.S.obj (.text.__aeabi_uidivmod)
                  00003780    00000040     libc.a : atoi.c.obj (.text.atoi)
                  000037c0    00000040            : vsnprintf.c.obj (.text.vsnprintf)
                  00003800    0000003c     libclang_rt.builtins.a : floatsisf.S.obj (.text.__floatsisf)
                  0000383c    0000003c                            : comparesf2.S.obj (.text.__gtsf2)
                  00003878    0000003c     libc.a : autoinit.c.obj (.text:__TI_auto_init_nobinit_nopinit)
                  000038b4    0000003a     libclang_rt.builtins.a : comparesf2.S.obj (.text.__eqsf2)
                  000038ee    00000002     --HOLE-- [fill = 0]
                  000038f0    0000003a                            : muldsi3.S.obj (.text.__muldsi3)
                  0000392a    00000002     --HOLE-- [fill = 0]
                  0000392c    00000038     ti_msp_dl_config.o (.text.SYSCFG_DL_TIMER_0_init)
                  00003964    00000038     clock.o (.text.SysTick_Init)
                  0000399c    00000038     libclang_rt.builtins.a : fixsfsi.S.obj (.text.__fixsfsi)
                  000039d4    00000034     clock.o (.text.mspm0_delay_ms)
                  00003a08    00000032     libclang_rt.builtins.a : fixunssfsi.S.obj (.text.__fixunssfsi)
                  00003a3a    00000002     --HOLE-- [fill = 0]
                  00003a3c    00000030     wit.o (.text.WIT_Init)
                  00003a6c    00000030     libc.a : _printfi.c.obj (.text._fcpy)
                  00003a9c    00000030            : vsnprintf.c.obj (.text._outs)
                  00003acc    0000002c     libclang_rt.builtins.a : floatsidf.S.obj (.text.__floatsidf)
                  00003af8    00000028     pid.o (.text.PID_init)
                  00003b20    00000028     libclang_rt.builtins.a : floatunsisf.S.obj (.text.__floatunsisf)
                  00003b48    00000028     libc.a : boot_cortex_m.c.obj (.text:_c_int00_noargs)
                  00003b70    00000026     driverlib.a : dl_i2c.o (.text.DL_I2C_setClockConfig)
                  00003b96    00000002     --HOLE-- [fill = 0]
                  00003b98    00000024     libclang_rt.builtins.a : muldi3.S.obj (.text.__muldi3)
                  00003bbc    00000022     libc.a : memccpy.c.obj (.text.memccpy)
                  00003bde    00000002     --HOLE-- [fill = 0]
                  00003be0    0000001e     libclang_rt.builtins.a : ashldi3.S.obj (.text.__ashldi3)
                  00003bfe    00000002     --HOLE-- [fill = 0]
                  00003c00    0000001c     driverlib.a : dl_timer.o (.text.DL_Timer_setCaptCompUpdateMethod)
                  00003c1c    0000001c                 : dl_timer.o (.text.DL_Timer_setClockConfig)
                  00003c38    00000018                 : dl_timer.o (.text.DL_Timer_setCaptureCompareOutCtl)
                  00003c50    00000018     interrupt.o (.text.Interrupt_Init)
                  00003c68    00000018     ti_msp_dl_config.o (.text.SYSCFG_DL_DMA_WIT_init)
                  00003c80    00000018     Serial.o (.text.Serial_Init)
                  00003c98    00000018     libc.a : vsnprintf.c.obj (.text._outc)
                  00003cb0    00000018     clock.o (.text.mspm0_get_clock_ms)
                  00003cc8    00000016     libc.a : copy_zero_init.c.obj (.text:decompress:ZI:__TI_zero_init_nomemset)
                  00003cde    00000002     --HOLE-- [fill = 0]
                  00003ce0    00000014     libclang_rt.builtins.a : aeabi_uldivmod.S.obj (.text.__aeabi_uldivmod)
                  00003cf4    00000014     libc.a : _printfi.c.obj (.text.strchr)
                  00003d08    00000012     driverlib.a : dl_uart.o (.text.DL_UART_setClockConfig)
                  00003d1a    00000012     libc.a : copy_decompress_none.c.obj (.text:decompress:none)
                  00003d2c    00000010     driverlib.a : dl_timer.o (.text.DL_Timer_setCaptureCompareValue)
                  00003d3c    00000010     interrupt.o (.text.SysTick_Handler)
                  00003d4c    00000010     libc.a : wcslen.c.obj (.text.wcslen)
                  00003d5c    0000000e     libclang_rt.builtins.a : aeabi_memset.S.obj (.text.__aeabi_memset)
                  00003d6a    0000000e     libc.a : _printfi.c.obj (.text.strlen)
                  00003d78    0000000c     Encoder.o (.text.Encoder_Clear_L)
                  00003d84    0000000c     Encoder.o (.text.Encoder_Clear_R)
                  00003d90    0000000c     Encoder.o (.text.Encoder_Read_L)
                  00003d9c    0000000c     Encoder.o (.text.Encoder_Read_R)
                  00003da8    0000000c     libclang_rt.builtins.a : aeabi_memset.S.obj (.text.__aeabi_memclr)
                  00003db4    0000000a     driverlib.a : dl_common.o (.text.DL_Common_delayCycles)
                  00003dbe    0000000a     libc.a : _printfi.c.obj (.text.OUTLINED_FUNCTION_0)
                  00003dc8    00000010     libclang_rt.builtins.a : adddf3.S.obj (.tramp.__aeabi_dsub.1)
                  00003dd8    0000000a     libc.a : _printfi.c.obj (.text.OUTLINED_FUNCTION_1)
                  00003de2    00000008     ti_msp_dl_config.o (.text.SYSCFG_DL_DMA_init)
                  00003dea    00000002     --HOLE-- [fill = 0]
                  00003dec    00000008     libc.a : aeabi_portable.c.obj (.text.__aeabi_errno_addr)
                  00003df4    00000008     libclang_rt.builtins.a : aeabi_memcpy.S.obj (.text.__aeabi_memcpy)
                  00003dfc    00000006     libc.a : exit.c.obj (.text:abort)
                  00003e02    00000004     startup_mspm0g350x_ticlang.o (.text.Reset_Handler)
                  00003e06    00000004     libc.a : pre_init.c.obj (.text._system_pre_init)
                  00003e0a    00000006     --HOLE-- [fill = 0]

.cinit     0    000047c0    00000030     
                  000047c0    0000000c     (.cinit..data.load) [load image, compression = lzss]
                  000047cc    0000000c     (__TI_handler_table)
                  000047d8    00000008     (.cinit..bss.load) [load image, compression = zero_init]
                  000047e0    00000010     (__TI_cinit_table)

.rodata    0    00003e10    000009b0     
                  00003e10    000005f0     oled_hardware_i2c.o (.rodata.asc2_1608)
                  00004400    00000228     oled_hardware_i2c.o (.rodata.asc2_0806)
                  00004628    00000008     ti_msp_dl_config.o (.rodata.gPWM_0Config)
                  00004630    00000101     libc.a : aeabi_ctype.S.obj (.rodata:__aeabi_ctype_table_)
                  00004731    00000003     ti_msp_dl_config.o (.rodata.gPWM_0ClockConfig)
                  00004734    00000018     ti_msp_dl_config.o (.rodata.gDMA_WITConfig)
                  0000474c    00000014     ti_msp_dl_config.o (.rodata.gTIMER_0TimerConfig)
                  00004760    00000011     libc.a : _printfi.c.obj (.rodata.str1.10348868589481759720.1)
                  00004771    00000011            : _printfi.c.obj (.rodata.str1.15363888844622738466.1)
                  00004782    0000000a     ti_msp_dl_config.o (.rodata.gUART_0Config)
                  0000478c    0000000a     ti_msp_dl_config.o (.rodata.gUART_WITConfig)
                  00004796    00000008     main.o (.rodata.str1.15159059442110792349.1)
                  0000479e    00000003     ti_msp_dl_config.o (.rodata.gTIMER_0ClockConfig)
                  000047a1    00000003     WITshow.o (.rodata.str1.1678642953834415352.1)
                  000047a4    00000003     WITshow.o (.rodata.str1.6409796367950617209.1)
                  000047a7    00000003     WITshow.o (.rodata.str1.8174122144380886714.1)
                  000047aa    00000002     ti_msp_dl_config.o (.rodata.gI2C_MPU6050ClockConfig)
                  000047ac    00000002     ti_msp_dl_config.o (.rodata.gI2C_OLEDClockConfig)
                  000047ae    00000002     ti_msp_dl_config.o (.rodata.gUART_0ClockConfig)
                  000047b0    00000002     ti_msp_dl_config.o (.rodata.gUART_WITClockConfig)
                  000047b2    0000000e     --HOLE-- [fill = 0]

.init_array 
*          0    00000000    00000000     UNINITIALIZED

.binit     0    00000000    00000000     

.bss       0    20200000    0000032e     UNINITIALIZED
                  20200000    000000bc     (.common:gPWM_0Backup)
                  202000bc    000000bc     (.common:gTIMER_0Backup)
                  20200178    00000080     Serial.o (.bss.serial_rx_buf)
                  202001f8    00000048     (.common:pid_L)
                  20200240    00000048     (.common:pid_R)
                  20200288    00000048     (.common:pid_stand)
                  202002d0    00000021     (.common:wit_dmaBuffer)
                  202002f1    00000001     --HOLE--
                  202002f2    00000002     (.common:speed_out_L)
                  202002f4    00000020     (.common:wit_data)
                  20200314    00000004     (.common:angle)
                  20200318    00000004     (.common:balance_out)
                  2020031c    00000004     (.common:speed_L)
                  20200320    00000004     (.common:speed_R)
                  20200324    00000004     (.common:start_time)
                  20200328    00000004     (.common:tick_ms)
                  2020032c    00000002     (.common:speed_out_R)

.data      0    20200330    0000002f     UNINITIALIZED
                  20200330    00000004     Encoder.o (.data.Encoder_L_Count)
                  20200334    00000004     Encoder.o (.data.Encoder_R_Count)
                  20200338    00000004     libc.a : aeabi_portable.c.obj (.data.__aeabi_errno)
                  2020033c    00000004     Encoder.o (.data.g_L_lastTimeUs)
                  20200340    00000004     Encoder.o (.data.g_L_periodUs)
                  20200344    00000004     Encoder.o (.data.g_R_lastTimeUs)
                  20200348    00000004     Encoder.o (.data.g_R_periodUs)
                  2020034c    00000004     wit.o (.data.wit_angle_count)
                  20200350    00000004     wit.o (.data.wit_rx_count)
                  20200354    00000002     Serial.o (.data.serial_rx_head)
                  20200356    00000002     Serial.o (.data.serial_rx_tail)
                  20200358    00000001     main.o (.data.TIMA1_IRQHandler.count_angle)
                  20200359    00000001     main.o (.data.TIMA1_IRQHandler.count_speed)
                  2020035a    00000001     Encoder.o (.data.direction_L)
                  2020035b    00000001     Encoder.o (.data.direction_R)
                  2020035c    00000001     interrupt.o (.data.enable_group1_irq)
                  2020035d    00000001     Encoder.o (.data.g_L_valid)
                  2020035e    00000001     Encoder.o (.data.g_R_valid)

.stack     0    20207e00    00000200     UNINITIALIZED
                  20207e00    00000004     libc.a : boot_cortex_m.c.obj (.stack)
                  20207e04    000001fc     --HOLE--

__llvm_prf_cnts 
*          0    20200000    00000000     UNINITIALIZED

__llvm_prf_bits 
*          0    20200000    00000000     UNINITIALIZED

MODULE SUMMARY

       Module                         code    ro data   rw data
       ------                         ----    -------   -------
    .\
       ti_msp_dl_config.o             1144    86        376    
       main.o                         448     8         238    
       startup_mspm0g350x_ticlang.o   6       192       0      
    +--+------------------------------+-------+---------+---------+
       Total:                         1598    286       614    
                                                               
    .\Drivers\MSPM0\
       interrupt.o                    756     0         1      
       clock.o                        132     0         8      
    +--+------------------------------+-------+---------+---------+
       Total:                         888     0         9      
                                                               
    .\Drivers\OLED_Hardware_I2C\
       oled_hardware_i2c.o            2342    2072      0      
    +--+------------------------------+-------+---------+---------+
       Total:                         2342    2072      0      
                                                               
    .\Drivers\WIT\
       wit.o                          48      0         73     
    +--+------------------------------+-------+---------+---------+
       Total:                         48      0         73     
                                                               
    .\USER\
       Serial.o                       352     0         132    
       Encoder.o                      440     0         28     
       pid.o                          350     0         0      
       WITshow.o                      120     9         0      
       MOTOR.o                        112     0         0      
    +--+------------------------------+-------+---------+---------+
       Total:                         1374    9         160    
                                                               
    C:/ti/mspm0_sdk_2_05_01_00/source/ti/driverlib/lib/ticlang/m0p/mspm0g1x0x_g3x0x/driverlib.a
       dl_timer.o                     588     0         0      
       dl_uart.o                      174     0         0      
       dl_i2c.o                       132     0         0      
       dl_dma.o                       76      0         0      
       dl_common.o                    10      0         0      
    +--+------------------------------+-------+---------+---------+
       Total:                         980     0         0      
                                                               
    C:\ti\ccs2020\ccs\tools\compiler\ti-cgt-armllvm_4.0.4.LTS\lib\armv6m-ti-none-eabi/c/libc.a
       _printfi.c.obj                 4510    34        0      
       aeabi_ctype.S.obj              0       257       0      
       s_scalbn.c.obj                 216     0         0      
       memcpy16.S.obj                 154     0         0      
       vsnprintf.c.obj                136     0         0      
       copy_decompress_lzss.c.obj     124     0         0      
       memset16.S.obj                 98      0         0      
       s_frexp.c.obj                  92      0         0      
       _ltoa.c.obj                    88      0         0      
       atoi.c.obj                     64      0         0      
       autoinit.c.obj                 60      0         0      
       boot_cortex_m.c.obj            40      0         0      
       memccpy.c.obj                  34      0         0      
       copy_zero_init.c.obj           22      0         0      
       copy_decompress_none.c.obj     18      0         0      
       wcslen.c.obj                   16      0         0      
       aeabi_portable.c.obj           8       0         4      
       exit.c.obj                     6       0         0      
       pre_init.c.obj                 4       0         0      
    +--+------------------------------+-------+---------+---------+
       Total:                         5690    291       4      
                                                               
    C:\ti\ccs2020\ccs\tools\compiler\ti-cgt-armllvm_4.0.4.LTS\lib\armv6m-ti-none-eabi/c/libsysbm.a
       hostexit.c.obj                 4       0         0      
    +--+------------------------------+-------+---------+---------+
       Total:                         4       0         0      
                                                               
    C:\ti\ccs2020\ccs\tools\compiler\ti-cgt-armllvm_4.0.4.LTS\lib\armv6m-ti-none-eabi/libclang_rt.builtins.a
       adddf3.S.obj                   418     0         0      
       divdf3.S.obj                   268     0         0      
       muldf3.S.obj                   228     0         0      
       comparedf2.c.obj               220     0         0      
       addsf3.S.obj                   216     0         0      
       udivmoddi4.S.obj               162     0         0      
       mulsf3.S.obj                   140     0         0      
       comparesf2.S.obj               118     0         0      
       truncdfsf2.S.obj               116     0         0      
       aeabi_dcmp.S.obj               98      0         0      
       aeabi_fcmp.S.obj               98      0         0      
       aeabi_idivmod.S.obj            86      0         0      
       fixdfsi.S.obj                  74      0         0      
       aeabi_uidivmod.S.obj           64      0         0      
       floatsisf.S.obj                60      0         0      
       muldsi3.S.obj                  58      0         0      
       fixsfsi.S.obj                  56      0         0      
       fixunssfsi.S.obj               50      0         0      
       floatsidf.S.obj                44      0         0      
       floatunsisf.S.obj              40      0         0      
       muldi3.S.obj                   36      0         0      
       ashldi3.S.obj                  30      0         0      
       aeabi_memset.S.obj             26      0         0      
       aeabi_uldivmod.S.obj           20      0         0      
       aeabi_memcpy.S.obj             8       0         0      
       aeabi_div0.c.obj               4       0         0      
    +--+------------------------------+-------+---------+---------+
       Total:                         2738    0         0      
                                                               
       Stack:                         0       0         512    
       Linker Generated:              0       48        0      
    +--+------------------------------+-------+---------+---------+
       Grand Total:                   15662   2706      1372   


LINKER GENERATED COPY TABLES

__TI_cinit_table @ 000047e0 records: 2, size/record: 8, table size: 16
	.data: load addr=000047c0, load size=0000000c bytes, run addr=20200330, run size=0000002f bytes, compression=lzss
	.bss: load addr=000047d8, load size=00000008 bytes, run addr=20200000, run size=0000032e bytes, compression=zero_init


LINKER GENERATED HANDLER TABLE

__TI_handler_table @ 000047cc records: 3, size/record: 4, table size: 12
	index: 0, handler: __TI_decompress_lzss
	index: 1, handler: __TI_decompress_none
	index: 2, handler: __TI_zero_init


FAR CALL TRAMPOLINES

callee name               trampoline name
   callee addr  tramp addr   call addr  call info
--------------  -----------  ---------  ----------------
__aeabi_dsub              $Tramp$TT$L$PI$$__aeabi_dsub
   00001785     00003dc8     00003dc6   libc.a : _printfi.c.obj (.text.OUTLINED_FUNCTION_0)

[1 trampolines]
[1 trampoline calls]


GLOBAL SYMBOLS: SORTED ALPHABETICALLY BY Name 

address   name                            
-------   ----                            
00001917  ADC0_IRQHandler                 
00001917  ADC1_IRQHandler                 
00001917  AES_IRQHandler                  
00002dfc  C$$EXIT                         
00001917  CANFD0_IRQHandler               
00001917  DAC0_IRQHandler                 
00003db5  DL_Common_delayCycles           
000035e1  DL_DMA_initChannel              
0000322d  DL_I2C_fillControllerTXFIFO     
00003b71  DL_I2C_setClockConfig           
00001ff5  DL_Timer_initFourCCPWMMode      
000021e9  DL_Timer_initTimerMode          
00003c01  DL_Timer_setCaptCompUpdateMethod
00003c39  DL_Timer_setCaptureCompareOutCtl
00003d2d  DL_Timer_setCaptureCompareValue 
00003c1d  DL_Timer_setClockConfig         
000033f1  DL_UART_drainRXFIFO             
00003679  DL_UART_init                    
00003d09  DL_UART_setClockConfig          
00001917  DMA_IRQHandler                  
00001917  Default_Handler                 
00003d79  Encoder_Clear_L                 
00003d85  Encoder_Clear_R                 
00003541  Encoder_Init                    
20200330  Encoder_L_Count                 
000027f9  Encoder_L_Update                
20200334  Encoder_R_Count                 
00002b99  Encoder_R_Update                
00003d91  Encoder_Read_L                  
00003d9d  Encoder_Read_R                  
00001917  GROUP0_IRQHandler               
00002e75  GROUP1_IRQHandler               
00002dfd  HOSTexit                        
00001917  HardFault_Handler               
00001917  I2C0_IRQHandler                 
00001917  I2C1_IRQHandler                 
00003c51  Interrupt_Init                  
00002ee5  MOTOR_duty                      
00001917  NMI_Handler                     
00000e6d  OLED_Init                       
0000249d  OLED_ShowChar                   
00000a91  OLED_ShowSignedFloat            
00002c95  OLED_ShowString                 
00001b8d  OLED_WR_Byte                    
00001a55  PID_calc                        
00003af9  PID_init                        
00001917  PendSV_Handler                  
00001917  RTC_IRQHandler                  
00003e03  Reset_Handler                   
00001917  SPI0_IRQHandler                 
00001917  SPI1_IRQHandler                 
00001917  SVC_Handler                     
00003c69  SYSCFG_DL_DMA_WIT_init          
00003de3  SYSCFG_DL_DMA_init              
000022d1  SYSCFG_DL_GPIO_init             
00003445  SYSCFG_DL_I2C_MPU6050_init      
00003499  SYSCFG_DL_I2C_OLED_init         
00002a81  SYSCFG_DL_PWM_0_init            
00003591  SYSCFG_DL_SYSCTL_init           
0000392d  SYSCFG_DL_TIMER_0_init          
00002f55  SYSCFG_DL_UART_0_init           
000029ed  SYSCFG_DL_UART_WIT_init         
000036c1  SYSCFG_DL_init                  
00002fc5  SYSCFG_DL_initPower             
00003c81  Serial_Init                     
00003d3d  SysTick_Handler                 
00003965  SysTick_Init                    
00001917  TIMA0_IRQHandler                
00002729  TIMA1_IRQHandler                
00001917  TIMG0_IRQHandler                
00001917  TIMG12_IRQHandler               
00001917  TIMG6_IRQHandler                
00001917  TIMG7_IRQHandler                
00001917  TIMG8_IRQHandler                
00003701  UART0_IRQHandler                
00001917  UART1_IRQHandler                
0000112d  UART2_IRQHandler                
00001917  UART3_IRQHandler                
00003a3d  WIT_Init                        
00002d11  WIT_Show_Data                   
20208000  __STACK_END                     
00000200  __STACK_SIZE                    
00000000  __TI_ATRegion0_region_sz        
00000000  __TI_ATRegion0_src_addr         
00000000  __TI_ATRegion0_trg_addr         
00000000  __TI_ATRegion1_region_sz        
00000000  __TI_ATRegion1_src_addr         
00000000  __TI_ATRegion1_trg_addr         
00000000  __TI_ATRegion2_region_sz        
00000000  __TI_ATRegion2_src_addr         
00000000  __TI_ATRegion2_trg_addr         
000047e0  __TI_CINIT_Base                 
000047f0  __TI_CINIT_Limit                
000047f0  __TI_CINIT_Warm                 
000047cc  __TI_Handler_Table_Base         
000047d8  __TI_Handler_Table_Limit        
00003879  __TI_auto_init_nobinit_nopinit  
00002c19  __TI_decompress_lzss            
00003d1b  __TI_decompress_none            
000032e9  __TI_ltoa                       
ffffffff  __TI_pprof_out_hndl             
000000c1  __TI_printfi                    
ffffffff  __TI_prof_data_size             
ffffffff  __TI_prof_data_start            
00000000  __TI_static_base__              
00003cc9  __TI_zero_init_nomemset         
0000178f  __adddf3                        
0000265b  __addsf3                        
00004630  __aeabi_ctype_table_            
00004630  __aeabi_ctype_table_C           
00002e01  __aeabi_d2f                     
0000362d  __aeabi_d2iz                    
0000178f  __aeabi_dadd                    
00003105  __aeabi_dcmpeq                  
00003141  __aeabi_dcmpge                  
00003155  __aeabi_dcmpgt                  
0000312d  __aeabi_dcmple                  
00003119  __aeabi_dcmplt                  
00001de1  __aeabi_ddiv                    
000023b9  __aeabi_dmul                    
00001785  __aeabi_dsub                    
20200338  __aeabi_errno                   
00003ded  __aeabi_errno_addr              
0000399d  __aeabi_f2iz                    
00003a09  __aeabi_f2uiz                   
0000265b  __aeabi_fadd                    
00003169  __aeabi_fcmpeq                  
000031a5  __aeabi_fcmpge                  
000031b9  __aeabi_fcmpgt                  
00003191  __aeabi_fcmple                  
0000317d  __aeabi_fcmplt                  
00002b0d  __aeabi_fmul                    
00002651  __aeabi_fsub                    
00003acd  __aeabi_i2d                     
00003801  __aeabi_i2f                     
00003399  __aeabi_idiv                    
00001b8b  __aeabi_idiv0                   
00003399  __aeabi_idivmod                 
00002d0f  __aeabi_ldiv0                   
00003be1  __aeabi_llsl                    
00003b99  __aeabi_lmul                    
00003da9  __aeabi_memclr                  
00003da9  __aeabi_memclr4                 
00003da9  __aeabi_memclr8                 
00003df5  __aeabi_memcpy                  
00003df5  __aeabi_memcpy4                 
00003df5  __aeabi_memcpy8                 
00003d5d  __aeabi_memset                  
00003d5d  __aeabi_memset4                 
00003d5d  __aeabi_memset8                 
00003b21  __aeabi_ui2f                    
00003741  __aeabi_uidiv                   
00003741  __aeabi_uidivmod                
00003ce1  __aeabi_uldivmod                
00003be1  __ashldi3                       
ffffffff  __binit__                       
00003035  __cmpdf2                        
000038b5  __cmpsf2                        
00001de1  __divdf3                        
00003035  __eqdf2                         
000038b5  __eqsf2                         
0000362d  __fixdfsi                       
0000399d  __fixsfsi                       
00003a09  __fixunssfsi                    
00003acd  __floatsidf                     
00003801  __floatsisf                     
00003b21  __floatunsisf                   
00002d89  __gedf2                         
0000383d  __gesf2                         
00002d89  __gtdf2                         
0000383d  __gtsf2                         
00003035  __ledf2                         
000038b5  __lesf2                         
00003035  __ltdf2                         
000038b5  __ltsf2                         
UNDEFED   __mpu_init                      
000023b9  __muldf3                        
00003b99  __muldi3                        
000038f1  __muldsi3                       
00002b0d  __mulsf3                        
00003035  __nedf2                         
000038b5  __nesf2                         
20207e00  __stack                         
20200000  __start___llvm_prf_bits         
20200000  __start___llvm_prf_cnts         
20200000  __stop___llvm_prf_bits          
20200000  __stop___llvm_prf_cnts          
00001785  __subdf3                        
00002651  __subsf3                        
00002e01  __truncdfsf2                    
000028b1  __udivmoddi4                    
00003b49  _c_int00_noargs                 
UNDEFED   _system_post_cinit              
00003e07  _system_pre_init                
00003dfd  abort                           
20200314  angle                           
00004400  asc2_0806                       
00003e10  asc2_1608                       
00003781  atoi                            
20200318  balance_out                     
ffffffff  binit                           
2020035c  enable_group1_irq               
0000328d  frexp                           
0000328d  frexpl                          
20200000  gPWM_0Backup                    
202000bc  gTIMER_0Backup                  
00000000  interruptVectors                
00002579  ldexp                           
00002579  ldexpl                          
000020f9  main                            
00003bbd  memccpy                         
00002953  memcpy                          
000031cb  memset                          
000039d5  mspm0_delay_ms                  
00003cb1  mspm0_get_clock_ms              
202001f8  pid_L                           
20200240  pid_R                           
20200288  pid_stand                       
00002579  scalbn                          
00002579  scalbnl                         
00001eed  serialprintf                    
2020031c  speed_L                         
20200320  speed_R                         
202002f2  speed_out_L                     
2020032c  speed_out_R                     
20200324  start_time                      
20200328  tick_ms                         
000037c1  vsnprintf                       
00003d4d  wcslen                          
2020034c  wit_angle_count                 
202002f4  wit_data                        
202002d0  wit_dmaBuffer                   
20200350  wit_rx_count                    


GLOBAL SYMBOLS: SORTED BY Symbol Address 

address   name                            
-------   ----                            
00000000  __TI_ATRegion0_region_sz        
00000000  __TI_ATRegion0_src_addr         
00000000  __TI_ATRegion0_trg_addr         
00000000  __TI_ATRegion1_region_sz        
00000000  __TI_ATRegion1_src_addr         
00000000  __TI_ATRegion1_trg_addr         
00000000  __TI_ATRegion2_region_sz        
00000000  __TI_ATRegion2_src_addr         
00000000  __TI_ATRegion2_trg_addr         
00000000  __TI_static_base__              
00000000  interruptVectors                
000000c1  __TI_printfi                    
00000200  __STACK_SIZE                    
00000a91  OLED_ShowSignedFloat            
00000e6d  OLED_Init                       
0000112d  UART2_IRQHandler                
00001785  __aeabi_dsub                    
00001785  __subdf3                        
0000178f  __adddf3                        
0000178f  __aeabi_dadd                    
00001917  ADC0_IRQHandler                 
00001917  ADC1_IRQHandler                 
00001917  AES_IRQHandler                  
00001917  CANFD0_IRQHandler               
00001917  DAC0_IRQHandler                 
00001917  DMA_IRQHandler                  
00001917  Default_Handler                 
00001917  GROUP0_IRQHandler               
00001917  HardFault_Handler               
00001917  I2C0_IRQHandler                 
00001917  I2C1_IRQHandler                 
00001917  NMI_Handler                     
00001917  PendSV_Handler                  
00001917  RTC_IRQHandler                  
00001917  SPI0_IRQHandler                 
00001917  SPI1_IRQHandler                 
00001917  SVC_Handler                     
00001917  TIMA0_IRQHandler                
00001917  TIMG0_IRQHandler                
00001917  TIMG12_IRQHandler               
00001917  TIMG6_IRQHandler                
00001917  TIMG7_IRQHandler                
00001917  TIMG8_IRQHandler                
00001917  UART1_IRQHandler                
00001917  UART3_IRQHandler                
00001a55  PID_calc                        
00001b8b  __aeabi_idiv0                   
00001b8d  OLED_WR_Byte                    
00001de1  __aeabi_ddiv                    
00001de1  __divdf3                        
00001eed  serialprintf                    
00001ff5  DL_Timer_initFourCCPWMMode      
000020f9  main                            
000021e9  DL_Timer_initTimerMode          
000022d1  SYSCFG_DL_GPIO_init             
000023b9  __aeabi_dmul                    
000023b9  __muldf3                        
0000249d  OLED_ShowChar                   
00002579  ldexp                           
00002579  ldexpl                          
00002579  scalbn                          
00002579  scalbnl                         
00002651  __aeabi_fsub                    
00002651  __subsf3                        
0000265b  __addsf3                        
0000265b  __aeabi_fadd                    
00002729  TIMA1_IRQHandler                
000027f9  Encoder_L_Update                
000028b1  __udivmoddi4                    
00002953  memcpy                          
000029ed  SYSCFG_DL_UART_WIT_init         
00002a81  SYSCFG_DL_PWM_0_init            
00002b0d  __aeabi_fmul                    
00002b0d  __mulsf3                        
00002b99  Encoder_R_Update                
00002c19  __TI_decompress_lzss            
00002c95  OLED_ShowString                 
00002d0f  __aeabi_ldiv0                   
00002d11  WIT_Show_Data                   
00002d89  __gedf2                         
00002d89  __gtdf2                         
00002dfc  C$$EXIT                         
00002dfd  HOSTexit                        
00002e01  __aeabi_d2f                     
00002e01  __truncdfsf2                    
00002e75  GROUP1_IRQHandler               
00002ee5  MOTOR_duty                      
00002f55  SYSCFG_DL_UART_0_init           
00002fc5  SYSCFG_DL_initPower             
00003035  __cmpdf2                        
00003035  __eqdf2                         
00003035  __ledf2                         
00003035  __ltdf2                         
00003035  __nedf2                         
00003105  __aeabi_dcmpeq                  
00003119  __aeabi_dcmplt                  
0000312d  __aeabi_dcmple                  
00003141  __aeabi_dcmpge                  
00003155  __aeabi_dcmpgt                  
00003169  __aeabi_fcmpeq                  
0000317d  __aeabi_fcmplt                  
00003191  __aeabi_fcmple                  
000031a5  __aeabi_fcmpge                  
000031b9  __aeabi_fcmpgt                  
000031cb  memset                          
0000322d  DL_I2C_fillControllerTXFIFO     
0000328d  frexp                           
0000328d  frexpl                          
000032e9  __TI_ltoa                       
00003399  __aeabi_idiv                    
00003399  __aeabi_idivmod                 
000033f1  DL_UART_drainRXFIFO             
00003445  SYSCFG_DL_I2C_MPU6050_init      
00003499  SYSCFG_DL_I2C_OLED_init         
00003541  Encoder_Init                    
00003591  SYSCFG_DL_SYSCTL_init           
000035e1  DL_DMA_initChannel              
0000362d  __aeabi_d2iz                    
0000362d  __fixdfsi                       
00003679  DL_UART_init                    
000036c1  SYSCFG_DL_init                  
00003701  UART0_IRQHandler                
00003741  __aeabi_uidiv                   
00003741  __aeabi_uidivmod                
00003781  atoi                            
000037c1  vsnprintf                       
00003801  __aeabi_i2f                     
00003801  __floatsisf                     
0000383d  __gesf2                         
0000383d  __gtsf2                         
00003879  __TI_auto_init_nobinit_nopinit  
000038b5  __cmpsf2                        
000038b5  __eqsf2                         
000038b5  __lesf2                         
000038b5  __ltsf2                         
000038b5  __nesf2                         
000038f1  __muldsi3                       
0000392d  SYSCFG_DL_TIMER_0_init          
00003965  SysTick_Init                    
0000399d  __aeabi_f2iz                    
0000399d  __fixsfsi                       
000039d5  mspm0_delay_ms                  
00003a09  __aeabi_f2uiz                   
00003a09  __fixunssfsi                    
00003a3d  WIT_Init                        
00003acd  __aeabi_i2d                     
00003acd  __floatsidf                     
00003af9  PID_init                        
00003b21  __aeabi_ui2f                    
00003b21  __floatunsisf                   
00003b49  _c_int00_noargs                 
00003b71  DL_I2C_setClockConfig           
00003b99  __aeabi_lmul                    
00003b99  __muldi3                        
00003bbd  memccpy                         
00003be1  __aeabi_llsl                    
00003be1  __ashldi3                       
00003c01  DL_Timer_setCaptCompUpdateMethod
00003c1d  DL_Timer_setClockConfig         
00003c39  DL_Timer_setCaptureCompareOutCtl
00003c51  Interrupt_Init                  
00003c69  SYSCFG_DL_DMA_WIT_init          
00003c81  Serial_Init                     
00003cb1  mspm0_get_clock_ms              
00003cc9  __TI_zero_init_nomemset         
00003ce1  __aeabi_uldivmod                
00003d09  DL_UART_setClockConfig          
00003d1b  __TI_decompress_none            
00003d2d  DL_Timer_setCaptureCompareValue 
00003d3d  SysTick_Handler                 
00003d4d  wcslen                          
00003d5d  __aeabi_memset                  
00003d5d  __aeabi_memset4                 
00003d5d  __aeabi_memset8                 
00003d79  Encoder_Clear_L                 
00003d85  Encoder_Clear_R                 
00003d91  Encoder_Read_L                  
00003d9d  Encoder_Read_R                  
00003da9  __aeabi_memclr                  
00003da9  __aeabi_memclr4                 
00003da9  __aeabi_memclr8                 
00003db5  DL_Common_delayCycles           
00003de3  SYSCFG_DL_DMA_init              
00003ded  __aeabi_errno_addr              
00003df5  __aeabi_memcpy                  
00003df5  __aeabi_memcpy4                 
00003df5  __aeabi_memcpy8                 
00003dfd  abort                           
00003e03  Reset_Handler                   
00003e07  _system_pre_init                
00003e10  asc2_1608                       
00004400  asc2_0806                       
00004630  __aeabi_ctype_table_            
00004630  __aeabi_ctype_table_C           
000047cc  __TI_Handler_Table_Base         
000047d8  __TI_Handler_Table_Limit        
000047e0  __TI_CINIT_Base                 
000047f0  __TI_CINIT_Limit                
000047f0  __TI_CINIT_Warm                 
20200000  __start___llvm_prf_bits         
20200000  __start___llvm_prf_cnts         
20200000  __stop___llvm_prf_bits          
20200000  __stop___llvm_prf_cnts          
20200000  gPWM_0Backup                    
202000bc  gTIMER_0Backup                  
202001f8  pid_L                           
20200240  pid_R                           
20200288  pid_stand                       
202002d0  wit_dmaBuffer                   
202002f2  speed_out_L                     
202002f4  wit_data                        
20200314  angle                           
20200318  balance_out                     
2020031c  speed_L                         
20200320  speed_R                         
20200324  start_time                      
20200328  tick_ms                         
2020032c  speed_out_R                     
20200330  Encoder_L_Count                 
20200334  Encoder_R_Count                 
20200338  __aeabi_errno                   
2020034c  wit_angle_count                 
20200350  wit_rx_count                    
2020035c  enable_group1_irq               
20207e00  __stack                         
20208000  __STACK_END                     
ffffffff  __TI_pprof_out_hndl             
ffffffff  __TI_prof_data_size             
ffffffff  __TI_prof_data_start            
ffffffff  __binit__                       
ffffffff  binit                           
UNDEFED   __mpu_init                      
UNDEFED   _system_post_cinit              

[233 symbols]
