******************************************************************************
            TI ARM Clang Linker PC v4.0.4                      
******************************************************************************
>> Linked Sat Sep  5 21:00:38 2026

OUTPUT FILE NAME:   <empty_LP_MSPM0G3507_nortos_ticlang.out>
ENTRY POINT SYMBOL: "_c_int00_noargs"  address: 000010f9


MEMORY CONFIGURATION

         name            origin    length      used     unused   attr    fill
----------------------  --------  ---------  --------  --------  ----  --------
  FLASH                 00000000   00020000  000012e8  0001ed18  R  X
  SRAM                  20200000   00008000  000003b1  00007c4f  RW X
  BCR_CONFIG            41c00000   000000ff  00000000  000000ff  R   
  BSL_CONFIG            41c00100   00000080  00000000  00000080  R   


SEGMENT ALLOCATION MAP

run origin  load origin   length   init length attrs members
----------  ----------- ---------- ----------- ----- -------
00000000    00000000    000012e8   000012e8    r-x
  00000000    00000000    000000c0   000000c0    r-- .intvecs
  000000c0    000000c0    000011b0   000011b0    r-x .text
  00001270    00001270    00000048   00000048    r-- .rodata
  000012b8    000012b8    00000030   00000030    r-- .cinit
20200000    20200000    000001b1   00000000    rw-
  20200000    20200000    00000188   00000000    rw- .bss
  20200188    20200188    00000029   00000000    rw- .data
20207e00    20207e00    00000200   00000000    rw-
  20207e00    20207e00    00000200   00000000    rw- .stack


SECTION ALLOCATION MAP

 output                                  attributes/
section   page    origin      length       input sections
--------  ----  ----------  ----------   ----------------
.intvecs   0    00000000    000000c0     
                  00000000    000000c0     startup_mspm0g350x_ticlang.o (.intvecs)

.text      0    000000c0    000011b0     
                  000000c0    0000025c     interrupt.o (.text.UART2_IRQHandler)
                  0000031c    0000010c     libclang_rt.builtins.a : divdf3.S.obj (.text.__divdf3)
                  00000428    00000104     driverlib.a : dl_timer.o (.text.DL_Timer_initFourCCPWMMode)
                  0000052c    000000e8     ti_msp_dl_config.o (.text.SYSCFG_DL_GPIO_init)
                  00000614    000000e4     libclang_rt.builtins.a : muldf3.S.obj (.text.__muldf3)
                  000006f8    0000009a     libc.a : memcpy16.S.obj (.text:memcpy)
                  00000792    00000002     startup_mspm0g350x_ticlang.o (.text.Default_Handler)
                  00000794    00000094     ti_msp_dl_config.o (.text.SYSCFG_DL_UART_WIT_init)
                  00000828    0000008c     ti_msp_dl_config.o (.text.SYSCFG_DL_PWM_0_init)
                  000008b4    00000088     Encoder.o (.text.Encoder_L_Update)
                  0000093c    00000080     Encoder.o (.text.Encoder_R_Update)
                  000009bc    0000007c     libc.a : copy_decompress_lzss.c.obj (.text:decompress:lzss)
                  00000a38    00000008     ti_msp_dl_config.o (.text.SYSCFG_DL_DMA_init)
                  00000a40    00000074     libclang_rt.builtins.a : truncdfsf2.S.obj (.text.__truncdfsf2)
                  00000ab4    00000070     interrupt.o (.text.GROUP1_IRQHandler)
                  00000b24    00000070     ti_msp_dl_config.o (.text.SYSCFG_DL_UART_0_init)
                  00000b94    00000068     main.o (.text.main)
                  00000bfc    00000060     ti_msp_dl_config.o (.text.SYSCFG_DL_initPower)
                  00000c5c    00000054     driverlib.a : dl_uart.o (.text.DL_UART_drainRXFIFO)
                  00000cb0    00000054     ti_msp_dl_config.o (.text.SYSCFG_DL_I2C_MPU6050_init)
                  00000d04    00000054     ti_msp_dl_config.o (.text.SYSCFG_DL_I2C_OLED_init)
                  00000d58    00000054     ti_msp_dl_config.o (.text.SYSCFG_DL_SYSCTL_init)
                  00000dac    00000050     Encoder.o (.text.Encoder_Init)
                  00000dfc    0000004c     driverlib.a : dl_dma.o (.text.DL_DMA_initChannel)
                  00000e48    0000004a     libclang_rt.builtins.a : fixdfsi.S.obj (.text.__fixdfsi)
                  00000e92    00000002     --HOLE-- [fill = 0]
                  00000e94    00000048     driverlib.a : dl_uart.o (.text.DL_UART_init)
                  00000edc    00000040     Serial.o (.text.UART0_IRQHandler)
                  00000f1c    0000003c     libc.a : autoinit.c.obj (.text:__TI_auto_init_nobinit_nopinit)
                  00000f58    0000003a     libclang_rt.builtins.a : muldsi3.S.obj (.text.__muldsi3)
                  00000f92    00000002     --HOLE-- [fill = 0]
                  00000f94    00000038     Serial.o (.text.Serial_SendInt16)
                  00000fcc    00000038     clock.o (.text.SysTick_Init)
                  00001004    00000034     ti_msp_dl_config.o (.text.SYSCFG_DL_init)
                  00001038    00000034     clock.o (.text.mspm0_delay_ms)
                  0000106c    00000030     Serial.o (.text.Serial_SendString)
                  0000109c    00000030     wit.o (.text.WIT_Init)
                  000010cc    0000002c     libclang_rt.builtins.a : floatsidf.S.obj (.text.__floatsidf)
                  000010f8    00000028     libc.a : boot_cortex_m.c.obj (.text:_c_int00_noargs)
                  00001120    00000026     driverlib.a : dl_i2c.o (.text.DL_I2C_setClockConfig)
                  00001146    00000002     --HOLE-- [fill = 0]
                  00001148    0000001c                 : dl_timer.o (.text.DL_Timer_setCaptCompUpdateMethod)
                  00001164    0000001c                 : dl_timer.o (.text.DL_Timer_setClockConfig)
                  00001180    00000018                 : dl_timer.o (.text.DL_Timer_setCaptureCompareOutCtl)
                  00001198    00000018     interrupt.o (.text.Interrupt_Init)
                  000011b0    00000018     ti_msp_dl_config.o (.text.SYSCFG_DL_DMA_WIT_init)
                  000011c8    00000018     Serial.o (.text.Serial_Init)
                  000011e0    00000016     libc.a : copy_zero_init.c.obj (.text:decompress:ZI:__TI_zero_init_nomemset)
                  000011f6    00000012     driverlib.a : dl_uart.o (.text.DL_UART_setClockConfig)
                  00001208    00000012     libc.a : copy_decompress_none.c.obj (.text:decompress:none)
                  0000121a    00000002     --HOLE-- [fill = 0]
                  0000121c    00000010     driverlib.a : dl_timer.o (.text.DL_Timer_setCaptureCompareValue)
                  0000122c    00000010     interrupt.o (.text.SysTick_Handler)
                  0000123c    0000000a     driverlib.a : dl_common.o (.text.DL_Common_delayCycles)
                  00001246    00000002     --HOLE-- [fill = 0]
                  00001248    00000008     libclang_rt.builtins.a : aeabi_memcpy.S.obj (.text.__aeabi_memcpy)
                  00001250    00000008     oled_hardware_i2c.o (.text.delay_ms)
                  00001258    00000006     libc.a : exit.c.obj (.text:abort)
                  0000125e    00000004     libsysbm.a : hostexit.c.obj (.text.HOSTexit)
                  00001262    00000004     startup_mspm0g350x_ticlang.o (.text.Reset_Handler)
                  00001266    00000004     libc.a : pre_init.c.obj (.text._system_pre_init)
                  0000126a    00000006     --HOLE-- [fill = 0]

.cinit     0    000012b8    00000030     
                  000012b8    0000000c     (.cinit..data.load) [load image, compression = lzss]
                  000012c4    0000000c     (__TI_handler_table)
                  000012d0    00000008     (.cinit..bss.load) [load image, compression = zero_init]
                  000012d8    00000010     (__TI_cinit_table)

.rodata    0    00001270    00000048     
                  00001270    00000018     ti_msp_dl_config.o (.rodata.gDMA_WITConfig)
                  00001288    0000000a     ti_msp_dl_config.o (.rodata.gUART_0Config)
                  00001292    0000000a     ti_msp_dl_config.o (.rodata.gUART_WITConfig)
                  0000129c    00000008     ti_msp_dl_config.o (.rodata.gPWM_0Config)
                  000012a4    00000004     main.o (.rodata.str1.18227636981041470289.1)
                  000012a8    00000003     ti_msp_dl_config.o (.rodata.gPWM_0ClockConfig)
                  000012ab    00000003     main.o (.rodata.str1.2846389346932560359.1)
                  000012ae    00000002     ti_msp_dl_config.o (.rodata.gI2C_MPU6050ClockConfig)
                  000012b0    00000002     ti_msp_dl_config.o (.rodata.gI2C_OLEDClockConfig)
                  000012b2    00000002     ti_msp_dl_config.o (.rodata.gUART_0ClockConfig)
                  000012b4    00000002     ti_msp_dl_config.o (.rodata.gUART_WITClockConfig)
                  000012b6    00000002     --HOLE-- [fill = 0]

.init_array 
*          0    00000000    00000000     UNINITIALIZED

.binit     0    00000000    00000000     

.bss       0    20200000    00000188     UNINITIALIZED
                  20200000    000000bc     (.common:gPWM_0Backup)
                  202000bc    00000080     Serial.o (.bss.serial_rx_buf)
                  2020013c    00000021     (.common:wit_dmaBuffer)
                  2020015d    00000003     --HOLE--
                  20200160    00000020     (.common:wit_data)
                  20200180    00000004     (.common:start_time)
                  20200184    00000004     (.common:tick_ms)

.data      0    20200188    00000029     UNINITIALIZED
                  20200188    00000004     Encoder.o (.data.Encoder_L_Count)
                  2020018c    00000004     Encoder.o (.data.Encoder_R_Count)
                  20200190    00000004     Encoder.o (.data.g_L_lastTimeUs)
                  20200194    00000004     Encoder.o (.data.g_L_periodUs)
                  20200198    00000004     Encoder.o (.data.g_R_lastTimeUs)
                  2020019c    00000004     Encoder.o (.data.g_R_periodUs)
                  202001a0    00000004     wit.o (.data.wit_angle_count)
                  202001a4    00000004     wit.o (.data.wit_rx_count)
                  202001a8    00000002     Serial.o (.data.serial_rx_head)
                  202001aa    00000002     Serial.o (.data.serial_rx_tail)
                  202001ac    00000001     Encoder.o (.data.direction_L)
                  202001ad    00000001     Encoder.o (.data.direction_R)
                  202001ae    00000001     interrupt.o (.data.enable_group1_irq)
                  202001af    00000001     Encoder.o (.data.g_L_valid)
                  202001b0    00000001     Encoder.o (.data.g_R_valid)

.stack     0    20207e00    00000200     UNINITIALIZED
                  20207e00    00000004     libc.a : boot_cortex_m.c.obj (.stack)
                  20207e04    000001fc     --HOLE--

__llvm_prf_cnts 
*          0    20200000    00000000     UNINITIALIZED

__llvm_prf_bits 
*          0    20200000    00000000     UNINITIALIZED

MODULE SUMMARY

       Module                         code   ro data   rw data
       ------                         ----   -------   -------
    .\
       ti_msp_dl_config.o             1064   63        188    
       startup_mspm0g350x_ticlang.o   6      192       0      
       main.o                         104    7         0      
    +--+------------------------------+------+---------+---------+
       Total:                         1174   262       188    
                                                              
    .\Drivers\MSPM0\
       interrupt.o                    756    0         1      
       clock.o                        108    0         8      
    +--+------------------------------+------+---------+---------+
       Total:                         864    0         9      
                                                              
    .\Drivers\OLED_Hardware_I2C\
       oled_hardware_i2c.o            8      0         0      
    +--+------------------------------+------+---------+---------+
       Total:                         8      0         0      
                                                              
    .\Drivers\WIT\
       wit.o                          48     0         73     
    +--+------------------------------+------+---------+---------+
       Total:                         48     0         73     
                                                              
    .\USER\
       Encoder.o                      344    0         28     
       Serial.o                       192    0         132    
    +--+------------------------------+------+---------+---------+
       Total:                         536    0         160    
                                                              
    C:/ti/mspm0_sdk_2_05_01_00/source/ti/driverlib/lib/ticlang/m0p/mspm0g1x0x_g3x0x/driverlib.a
       dl_timer.o                     356    0         0      
       dl_uart.o                      174    0         0      
       dl_dma.o                       76     0         0      
       dl_i2c.o                       38     0         0      
       dl_common.o                    10     0         0      
    +--+------------------------------+------+---------+---------+
       Total:                         654    0         0      
                                                              
    C:\ti\ccs2020\ccs\tools\compiler\ti-cgt-armllvm_4.0.4.LTS\lib\armv6m-ti-none-eabi/c/libc.a
       memcpy16.S.obj                 154    0         0      
       copy_decompress_lzss.c.obj     124    0         0      
       autoinit.c.obj                 60     0         0      
       boot_cortex_m.c.obj            40     0         0      
       copy_zero_init.c.obj           22     0         0      
       copy_decompress_none.c.obj     18     0         0      
       exit.c.obj                     6      0         0      
       pre_init.c.obj                 4      0         0      
    +--+------------------------------+------+---------+---------+
       Total:                         428    0         0      
                                                              
    C:\ti\ccs2020\ccs\tools\compiler\ti-cgt-armllvm_4.0.4.LTS\lib\armv6m-ti-none-eabi/c/libsysbm.a
       hostexit.c.obj                 4      0         0      
    +--+------------------------------+------+---------+---------+
       Total:                         4      0         0      
                                                              
    C:\ti\ccs2020\ccs\tools\compiler\ti-cgt-armllvm_4.0.4.LTS\lib\armv6m-ti-none-eabi/libclang_rt.builtins.a
       divdf3.S.obj                   268    0         0      
       muldf3.S.obj                   228    0         0      
       truncdfsf2.S.obj               116    0         0      
       fixdfsi.S.obj                  74     0         0      
       muldsi3.S.obj                  58     0         0      
       floatsidf.S.obj                44     0         0      
       aeabi_memcpy.S.obj             8      0         0      
    +--+------------------------------+------+---------+---------+
       Total:                         796    0         0      
                                                              
       Stack:                         0      0         512    
       Linker Generated:              0      48        0      
    +--+------------------------------+------+---------+---------+
       Grand Total:                   4512   310       942    


LINKER GENERATED COPY TABLES

__TI_cinit_table @ 000012d8 records: 2, size/record: 8, table size: 16
	.data: load addr=000012b8, load size=0000000c bytes, run addr=20200188, run size=00000029 bytes, compression=lzss
	.bss: load addr=000012d0, load size=00000008 bytes, run addr=20200000, run size=00000188 bytes, compression=zero_init


LINKER GENERATED HANDLER TABLE

__TI_handler_table @ 000012c4 records: 3, size/record: 4, table size: 12
	index: 0, handler: __TI_decompress_lzss
	index: 1, handler: __TI_decompress_none
	index: 2, handler: __TI_zero_init


GLOBAL SYMBOLS: SORTED ALPHABETICALLY BY Name 

address   name                            
-------   ----                            
00000793  ADC0_IRQHandler                 
00000793  ADC1_IRQHandler                 
00000793  AES_IRQHandler                  
0000125e  C$$EXIT                         
00000793  CANFD0_IRQHandler               
00000793  DAC0_IRQHandler                 
0000123d  DL_Common_delayCycles           
00000dfd  DL_DMA_initChannel              
00001121  DL_I2C_setClockConfig           
00000429  DL_Timer_initFourCCPWMMode      
00001149  DL_Timer_setCaptCompUpdateMethod
00001181  DL_Timer_setCaptureCompareOutCtl
0000121d  DL_Timer_setCaptureCompareValue 
00001165  DL_Timer_setClockConfig         
00000c5d  DL_UART_drainRXFIFO             
00000e95  DL_UART_init                    
000011f7  DL_UART_setClockConfig          
00000793  DMA_IRQHandler                  
00000793  Default_Handler                 
00000dad  Encoder_Init                    
20200188  Encoder_L_Count                 
000008b5  Encoder_L_Update                
2020018c  Encoder_R_Count                 
0000093d  Encoder_R_Update                
00000793  GROUP0_IRQHandler               
00000ab5  GROUP1_IRQHandler               
0000125f  HOSTexit                        
00000793  HardFault_Handler               
00000793  I2C0_IRQHandler                 
00000793  I2C1_IRQHandler                 
00001199  Interrupt_Init                  
00000793  NMI_Handler                     
00000793  PendSV_Handler                  
00000793  RTC_IRQHandler                  
00001263  Reset_Handler                   
00000793  SPI0_IRQHandler                 
00000793  SPI1_IRQHandler                 
00000793  SVC_Handler                     
000011b1  SYSCFG_DL_DMA_WIT_init          
00000a39  SYSCFG_DL_DMA_init              
0000052d  SYSCFG_DL_GPIO_init             
00000cb1  SYSCFG_DL_I2C_MPU6050_init      
00000d05  SYSCFG_DL_I2C_OLED_init         
00000829  SYSCFG_DL_PWM_0_init            
00000d59  SYSCFG_DL_SYSCTL_init           
00000b25  SYSCFG_DL_UART_0_init           
00000795  SYSCFG_DL_UART_WIT_init         
00001005  SYSCFG_DL_init                  
00000bfd  SYSCFG_DL_initPower             
000011c9  Serial_Init                     
00000f95  Serial_SendInt16                
0000106d  Serial_SendString               
0000122d  SysTick_Handler                 
00000fcd  SysTick_Init                    
00000793  TIMA0_IRQHandler                
00000793  TIMA1_IRQHandler                
00000793  TIMG0_IRQHandler                
00000793  TIMG12_IRQHandler               
00000793  TIMG6_IRQHandler                
00000793  TIMG7_IRQHandler                
00000793  TIMG8_IRQHandler                
00000edd  UART0_IRQHandler                
00000793  UART1_IRQHandler                
000000c1  UART2_IRQHandler                
00000793  UART3_IRQHandler                
0000109d  WIT_Init                        
20208000  __STACK_END                     
00000200  __STACK_SIZE                    
00000000  __TI_ATRegion0_region_sz        
00000000  __TI_ATRegion0_src_addr         
00000000  __TI_ATRegion0_trg_addr         
00000000  __TI_ATRegion1_region_sz        
00000000  __TI_ATRegion1_src_addr         
00000000  __TI_ATRegion1_trg_addr         
00000000  __TI_ATRegion2_region_sz        
00000000  __TI_ATRegion2_src_addr         
00000000  __TI_ATRegion2_trg_addr         
000012d8  __TI_CINIT_Base                 
000012e8  __TI_CINIT_Limit                
000012e8  __TI_CINIT_Warm                 
000012c4  __TI_Handler_Table_Base         
000012d0  __TI_Handler_Table_Limit        
00000f1d  __TI_auto_init_nobinit_nopinit  
000009bd  __TI_decompress_lzss            
00001209  __TI_decompress_none            
ffffffff  __TI_pprof_out_hndl             
ffffffff  __TI_prof_data_size             
ffffffff  __TI_prof_data_start            
00000000  __TI_static_base__              
000011e1  __TI_zero_init_nomemset         
00000a41  __aeabi_d2f                     
00000e49  __aeabi_d2iz                    
0000031d  __aeabi_ddiv                    
00000615  __aeabi_dmul                    
000010cd  __aeabi_i2d                     
00001249  __aeabi_memcpy                  
00001249  __aeabi_memcpy4                 
00001249  __aeabi_memcpy8                 
ffffffff  __binit__                       
0000031d  __divdf3                        
00000e49  __fixdfsi                       
000010cd  __floatsidf                     
UNDEFED   __mpu_init                      
00000615  __muldf3                        
00000f59  __muldsi3                       
20207e00  __stack                         
20200000  __start___llvm_prf_bits         
20200000  __start___llvm_prf_cnts         
20200000  __stop___llvm_prf_bits          
20200000  __stop___llvm_prf_cnts          
00000a41  __truncdfsf2                    
000010f9  _c_int00_noargs                 
UNDEFED   _system_post_cinit              
00001267  _system_pre_init                
00001259  abort                           
ffffffff  binit                           
00001251  delay_ms                        
202001ae  enable_group1_irq               
20200000  gPWM_0Backup                    
00000000  interruptVectors                
00000b95  main                            
000006f9  memcpy                          
00001039  mspm0_delay_ms                  
20200180  start_time                      
20200184  tick_ms                         
202001a0  wit_angle_count                 
20200160  wit_data                        
2020013c  wit_dmaBuffer                   
202001a4  wit_rx_count                    


GLOBAL SYMBOLS: SORTED BY Symbol Address 

address   name                            
-------   ----                            
00000000  __TI_ATRegion0_region_sz        
00000000  __TI_ATRegion0_src_addr         
00000000  __TI_ATRegion0_trg_addr         
00000000  __TI_ATRegion1_region_sz        
00000000  __TI_ATRegion1_src_addr         
00000000  __TI_ATRegion1_trg_addr         
00000000  __TI_ATRegion2_region_sz        
00000000  __TI_ATRegion2_src_addr         
00000000  __TI_ATRegion2_trg_addr         
00000000  __TI_static_base__              
00000000  interruptVectors                
000000c1  UART2_IRQHandler                
00000200  __STACK_SIZE                    
0000031d  __aeabi_ddiv                    
0000031d  __divdf3                        
00000429  DL_Timer_initFourCCPWMMode      
0000052d  SYSCFG_DL_GPIO_init             
00000615  __aeabi_dmul                    
00000615  __muldf3                        
000006f9  memcpy                          
00000793  ADC0_IRQHandler                 
00000793  ADC1_IRQHandler                 
00000793  AES_IRQHandler                  
00000793  CANFD0_IRQHandler               
00000793  DAC0_IRQHandler                 
00000793  DMA_IRQHandler                  
00000793  Default_Handler                 
00000793  GROUP0_IRQHandler               
00000793  HardFault_Handler               
00000793  I2C0_IRQHandler                 
00000793  I2C1_IRQHandler                 
00000793  NMI_Handler                     
00000793  PendSV_Handler                  
00000793  RTC_IRQHandler                  
00000793  SPI0_IRQHandler                 
00000793  SPI1_IRQHandler                 
00000793  SVC_Handler                     
00000793  TIMA0_IRQHandler                
00000793  TIMA1_IRQHandler                
00000793  TIMG0_IRQHandler                
00000793  TIMG12_IRQHandler               
00000793  TIMG6_IRQHandler                
00000793  TIMG7_IRQHandler                
00000793  TIMG8_IRQHandler                
00000793  UART1_IRQHandler                
00000793  UART3_IRQHandler                
00000795  SYSCFG_DL_UART_WIT_init         
00000829  SYSCFG_DL_PWM_0_init            
000008b5  Encoder_L_Update                
0000093d  Encoder_R_Update                
000009bd  __TI_decompress_lzss            
00000a39  SYSCFG_DL_DMA_init              
00000a41  __aeabi_d2f                     
00000a41  __truncdfsf2                    
00000ab5  GROUP1_IRQHandler               
00000b25  SYSCFG_DL_UART_0_init           
00000b95  main                            
00000bfd  SYSCFG_DL_initPower             
00000c5d  DL_UART_drainRXFIFO             
00000cb1  SYSCFG_DL_I2C_MPU6050_init      
00000d05  SYSCFG_DL_I2C_OLED_init         
00000d59  SYSCFG_DL_SYSCTL_init           
00000dad  Encoder_Init                    
00000dfd  DL_DMA_initChannel              
00000e49  __aeabi_d2iz                    
00000e49  __fixdfsi                       
00000e95  DL_UART_init                    
00000edd  UART0_IRQHandler                
00000f1d  __TI_auto_init_nobinit_nopinit  
00000f59  __muldsi3                       
00000f95  Serial_SendInt16                
00000fcd  SysTick_Init                    
00001005  SYSCFG_DL_init                  
00001039  mspm0_delay_ms                  
0000106d  Serial_SendString               
0000109d  WIT_Init                        
000010cd  __aeabi_i2d                     
000010cd  __floatsidf                     
000010f9  _c_int00_noargs                 
00001121  DL_I2C_setClockConfig           
00001149  DL_Timer_setCaptCompUpdateMethod
00001165  DL_Timer_setClockConfig         
00001181  DL_Timer_setCaptureCompareOutCtl
00001199  Interrupt_Init                  
000011b1  SYSCFG_DL_DMA_WIT_init          
000011c9  Serial_Init                     
000011e1  __TI_zero_init_nomemset         
000011f7  DL_UART_setClockConfig          
00001209  __TI_decompress_none            
0000121d  DL_Timer_setCaptureCompareValue 
0000122d  SysTick_Handler                 
0000123d  DL_Common_delayCycles           
00001249  __aeabi_memcpy                  
00001249  __aeabi_memcpy4                 
00001249  __aeabi_memcpy8                 
00001251  delay_ms                        
00001259  abort                           
0000125e  C$$EXIT                         
0000125f  HOSTexit                        
00001263  Reset_Handler                   
00001267  _system_pre_init                
000012c4  __TI_Handler_Table_Base         
000012d0  __TI_Handler_Table_Limit        
000012d8  __TI_CINIT_Base                 
000012e8  __TI_CINIT_Limit                
000012e8  __TI_CINIT_Warm                 
20200000  __start___llvm_prf_bits         
20200000  __start___llvm_prf_cnts         
20200000  __stop___llvm_prf_bits          
20200000  __stop___llvm_prf_cnts          
20200000  gPWM_0Backup                    
2020013c  wit_dmaBuffer                   
20200160  wit_data                        
20200180  start_time                      
20200184  tick_ms                         
20200188  Encoder_L_Count                 
2020018c  Encoder_R_Count                 
202001a0  wit_angle_count                 
202001a4  wit_rx_count                    
202001ae  enable_group1_irq               
20207e00  __stack                         
20208000  __STACK_END                     
ffffffff  __TI_pprof_out_hndl             
ffffffff  __TI_prof_data_size             
ffffffff  __TI_prof_data_start            
ffffffff  __binit__                       
ffffffff  binit                           
UNDEFED   __mpu_init                      
UNDEFED   _system_post_cinit              

[129 symbols]
