******************************************************************************
            TI ARM Clang Linker PC v4.0.4                      
******************************************************************************
>> Linked Tue Aug 11 23:17:59 2026

OUTPUT FILE NAME:   <empty_LP_MSPM0G3507_nortos_ticlang.out>
ENTRY POINT SYMBOL: "_c_int00_noargs"  address: 00003b65


MEMORY CONFIGURATION

         name            origin    length      used     unused   attr    fill
----------------------  --------  ---------  --------  --------  ----  --------
  FLASH                 00000000   00020000  00005400  0001ac00  R  X
  SRAM                  20200000   00008000  00000282  00007d7e  RW X
  BCR_CONFIG            41c00000   000000ff  00000000  000000ff  R   
  BSL_CONFIG            41c00100   00000080  00000000  00000080  R   


SEGMENT ALLOCATION MAP

run origin  load origin   length   init length attrs members
----------  ----------- ---------- ----------- ----- -------
00000000    00000000    00003de8   00003de8    r-x
  00000000    00000000    000000c0   000000c0    r-- .intvecs
  000000c0    000000c0    00003d28   00003d28    r-x .text
00003df0    00003df0    00001618   00001618    r--
  00003df0    00003df0    000015e0   000015e0    r-- .rodata
  000053d0    000053d0    00000038   00000038    r-- .cinit
20200000    20200000    00000082   00000000    rw-
  20200000    20200000    00000040   00000000    rw- .bss
  20200040    20200040    00000042   00000000    rw- .data
20207e00    20207e00    00000200   00000000    rw-
  20207e00    20207e00    00000200   00000000    rw- .stack


SECTION ALLOCATION MAP

 output                                  attributes/
section   page    origin      length       input sections
--------  ----  ----------  ----------   ----------------
.intvecs   0    00000000    000000c0     
                  00000000    000000c0     startup_mspm0g350x_ticlang.o (.intvecs)

.text      0    000000c0    00003d28     
                  000000c0    000009d0     libc.a : _printfi.c.obj (.text:__TI_printfi)
                  00000a90    000002c0     oled_hardware_i2c.o (.text.OLED_Init)
                  00000d50    000002b0     inv_mpu_dmp_motion_driver.o (.text.dmp_enable_feature)
                  00001000    00000220     libc.a : _printfi.c.obj (.text._pconv_a)
                  00001220    000001e4     inv_mpu.o (.text.mpu_lp_accel_mode)
                  00001404    000001dc     libc.a : _printfi.c.obj (.text._pconv_g)
                  000015e0    000001b0     main.o (.text.main)
                  00001790    00000192     libclang_rt.builtins.a : adddf3.S.obj (.text.adddf3_subdf3)
                  00001922    00000002     startup_mspm0g350x_ticlang.o (.text.Default_Handler)
                  00001924    00000154     mspm0_i2c.o (.text.mspm0_i2c_read)
                  00001a78    00000150     inv_mpu.o (.text.mpu_reset_fifo)
                  00001bc8    00000148     inv_mpu.o (.text.mpu_load_firmware)
                  00001d10    0000013c     libc.a : _printfi.c.obj (.text.fcvt)
                  00001e4c    00000134     oled_hardware_i2c.o (.text.OLED_WR_Byte)
                  00001f80    00000134     inv_mpu_dmp_motion_driver.o (.text.dmp_set_tap_thresh)
                  000020b4    00000130     mspm0_i2c.o (.text.mspm0_i2c_write)
                  000021e4    00000120     libc.a : _printfi.c.obj (.text._pconv_e)
                  00002304    0000010c     libclang_rt.builtins.a : divdf3.S.obj (.text.__divdf3)
                  00002410    000000f8     inv_mpu.o (.text.mpu_set_bypass)
                  00002508    000000f4     inv_mpu.o (.text.mpu_init)
                  000025fc    000000ec     inv_mpu_dmp_motion_driver.o (.text.dmp_set_orientation)
                  000026e8    000000e4     libclang_rt.builtins.a : muldf3.S.obj (.text.__muldf3)
                  000027cc    000000e4     inv_mpu.o (.text.mpu_set_sample_rate)
                  000028b0    000000dc     oled_hardware_i2c.o (.text.OLED_ShowChar)
                  0000298c    000000dc     inv_mpu.o (.text.mpu_set_sensors)
                  00002a68    000000d8     libc.a : s_scalbn.c.obj (.text.scalbn)
                  00002b40    000000d0     inv_mpu.o (.text.mpu_set_dmp_state)
                  00002c10    000000ac     inv_mpu.o (.text.mpu_configure_fifo)
                  00002cbc    000000a4     mpu6050.o (.text.MPU6050_Init)
                  00002d60    000000a2     libclang_rt.builtins.a : udivmoddi4.S.obj (.text)
                  00002e02    0000009a     libc.a : memcpy16.S.obj (.text:memcpy)
                  00002e9c    0000008c     libclang_rt.builtins.a : mulsf3.S.obj (.text.__mulsf3)
                  00002f28    0000008c     mspm0_i2c.o (.text.mpu6050_i2c_sda_unlock)
                  00002fb4    00000082     libclang_rt.builtins.a : divsf3.S.obj (.text.__divsf3)
                  00003036    00000002                            : aeabi_div0.c.obj (.text.__aeabi_idiv0)
                  00003038    0000007c     libc.a : copy_decompress_lzss.c.obj (.text:decompress:lzss)
                  000030b4    0000007a     oled_hardware_i2c.o (.text.OLED_ShowString)
                  0000312e    00000002     libclang_rt.builtins.a : aeabi_div0.c.obj (.text.__aeabi_ldiv0)
                  00003130    00000074                            : comparedf2.c.obj (.text.__gedf2)
                  000031a4    00000074     inv_mpu.o (.text.mpu_set_lpf)
                  00003218    0000006c     inv_mpu.o (.text.mpu_write_mem)
                  00003284    00000068     libclang_rt.builtins.a : comparedf2.c.obj (.text.__ledf2)
                  000032ec    00000068     inv_mpu_dmp_motion_driver.o (.text.dmp_set_fifo_rate)
                  00003354    00000066     libc.a : _printfi.c.obj (.text._mcpy)
                  000033ba    00000002     mpu6050.o (.text.android_orient_cb)
                  000033bc    00000062     libclang_rt.builtins.a : aeabi_dcmp.S.obj (.text.__aeabi_dcmp)
                  0000341e    00000062     libc.a : memset16.S.obj (.text:memset)
                  00003480    0000005e     driverlib.a : dl_i2c.o (.text.DL_I2C_fillControllerTXFIFO)
                  000034de    00000002     mpu6050.o (.text.tap_cb)
                  000034e0    0000005c     libc.a : s_frexp.c.obj (.text.frexp)
                  0000353c    00000058            : _ltoa.c.obj (.text.__TI_ltoa)
                  00003594    00000058            : _printfi.c.obj (.text._pconv_f)
                  000035ec    00000056     libclang_rt.builtins.a : aeabi_idivmod.S.obj (.text.__aeabi_idivmod)
                  00003642    00000002     --HOLE-- [fill = 0]
                  00003644    00000054     ti_msp_dl_config.o (.text.SYSCFG_DL_I2C_MPU6050_init)
                  00003698    00000054     ti_msp_dl_config.o (.text.SYSCFG_DL_I2C_OLED_init)
                  000036ec    00000052     libc.a : _printfi.c.obj (.text._ecpy)
                  0000373e    00000002     --HOLE-- [fill = 0]
                  00003740    00000050     ti_msp_dl_config.o (.text.SYSCFG_DL_GPIO_init)
                  00003790    0000004a     libclang_rt.builtins.a : fixdfsi.S.obj (.text.__fixdfsi)
                  000037da    00000002     --HOLE-- [fill = 0]
                  000037dc    00000040     ti_msp_dl_config.o (.text.SYSCFG_DL_SYSCTL_init)
                  0000381c    00000040     ti_msp_dl_config.o (.text.SYSCFG_DL_initPower)
                  0000385c    00000040     libclang_rt.builtins.a : aeabi_uidivmod.S.obj (.text.__aeabi_uidivmod)
                  0000389c    00000040                            : extendsfdf2.S.obj (.text.__extendsfdf2)
                  000038dc    00000040     libc.a : atoi.c.obj (.text.atoi)
                  0000391c    0000003c     driverlib.a : dl_i2c.o (.text.DL_I2C_flushControllerTXFIFO)
                  00003958    0000003c     libc.a : autoinit.c.obj (.text:__TI_auto_init_nobinit_nopinit)
                  00003994    0000003a     libclang_rt.builtins.a : muldsi3.S.obj (.text.__muldsi3)
                  000039ce    00000002     --HOLE-- [fill = 0]
                  000039d0    00000038     clock.o (.text.SysTick_Init)
                  00003a08    00000038     libclang_rt.builtins.a : fixsfsi.S.obj (.text.__fixsfsi)
                  00003a40    00000038     libc.a : sprintf.c.obj (.text.sprintf)
                  00003a78    00000034     inv_mpu.o (.text.mpu_get_accel_fsr)
                  00003aac    00000034     clock.o (.text.mspm0_delay_ms)
                  00003ae0    00000030     libc.a : _printfi.c.obj (.text._fcpy)
                  00003b10    0000002c     libclang_rt.builtins.a : floatsidf.S.obj (.text.__floatsidf)
                  00003b3c    00000028                            : floatunsisf.S.obj (.text.__floatunsisf)
                  00003b64    00000028     libc.a : boot_cortex_m.c.obj (.text:_c_int00_noargs)
                  00003b8c    00000026     driverlib.a : dl_i2c.o (.text.DL_I2C_setClockConfig)
                  00003bb2    00000002     --HOLE-- [fill = 0]
                  00003bb4    00000024     libclang_rt.builtins.a : muldi3.S.obj (.text.__muldi3)
                  00003bd8    00000022     libc.a : memccpy.c.obj (.text.memccpy)
                  00003bfa    00000002     --HOLE-- [fill = 0]
                  00003bfc    00000020     inv_mpu.o (.text.mpu_get_gyro_fsr)
                  00003c1c    0000001e     libclang_rt.builtins.a : ashldi3.S.obj (.text.__ashldi3)
                  00003c3a    00000002     --HOLE-- [fill = 0]
                  00003c3c    0000001c     inv_mpu_dmp_motion_driver.o (.text.dmp_load_motion_driver_firmware)
                  00003c58    0000001c     inv_mpu.o (.text.mpu_get_sample_rate)
                  00003c74    00000018     interrupt.o (.text.Interrupt_Init)
                  00003c8c    00000018     ti_msp_dl_config.o (.text.SYSCFG_DL_init)
                  00003ca4    00000018     libc.a : sprintf.c.obj (.text._outs)
                  00003cbc    00000018     clock.o (.text.mspm0_get_clock_ms)
                  00003cd4    00000016     libc.a : copy_zero_init.c.obj (.text:decompress:ZI:__TI_zero_init_nomemset)
                  00003cea    00000002     --HOLE-- [fill = 0]
                  00003cec    00000014     libclang_rt.builtins.a : aeabi_uldivmod.S.obj (.text.__aeabi_uldivmod)
                  00003d00    00000014     libc.a : _printfi.c.obj (.text.strchr)
                  00003d14    00000012            : copy_decompress_none.c.obj (.text:decompress:none)
                  00003d26    00000002     --HOLE-- [fill = 0]
                  00003d28    00000010     interrupt.o (.text.SysTick_Handler)
                  00003d38    00000010     libc.a : wcslen.c.obj (.text.wcslen)
                  00003d48    0000000e     libclang_rt.builtins.a : aeabi_memset.S.obj (.text.__aeabi_memset)
                  00003d56    0000000e     libc.a : _printfi.c.obj (.text.strlen)
                  00003d64    0000000c     interrupt.o (.text.GROUP1_IRQHandler)
                  00003d70    0000000c     inv_mpu_dmp_motion_driver.o (.text.dmp_register_android_orient_cb)
                  00003d7c    0000000c     inv_mpu_dmp_motion_driver.o (.text.dmp_register_tap_cb)
                  00003d88    0000000a     driverlib.a : dl_common.o (.text.DL_Common_delayCycles)
                  00003d92    0000000a     libc.a : _printfi.c.obj (.text.OUTLINED_FUNCTION_0)
                  00003d9c    00000010     libclang_rt.builtins.a : adddf3.S.obj (.tramp.__aeabi_dsub.1)
                  00003dac    0000000a     libc.a : _printfi.c.obj (.text.OUTLINED_FUNCTION_1)
                  00003db6    0000000a            : sprintf.c.obj (.text._outc)
                  00003dc0    00000008            : aeabi_portable.c.obj (.text.__aeabi_errno_addr)
                  00003dc8    00000008     libclang_rt.builtins.a : aeabi_memcpy.S.obj (.text.__aeabi_memcpy)
                  00003dd0    00000006     libc.a : exit.c.obj (.text:abort)
                  00003dd6    00000004     libsysbm.a : hostexit.c.obj (.text.HOSTexit)
                  00003dda    00000004     startup_mspm0g350x_ticlang.o (.text.Reset_Handler)
                  00003dde    00000004     libc.a : pre_init.c.obj (.text._system_pre_init)
                  00003de2    00000006     --HOLE-- [fill = 0]

.cinit     0    000053d0    00000038     
                  000053d0    00000013     (.cinit..data.load) [load image, compression = lzss]
                  000053e3    00000001     --HOLE-- [fill = 0]
                  000053e4    0000000c     (__TI_handler_table)
                  000053f0    00000008     (.cinit..bss.load) [load image, compression = zero_init]
                  000053f8    00000010     (__TI_cinit_table)

.rodata    0    00003df0    000015e0     
                  00003df0    00000bf6     inv_mpu_dmp_motion_driver.o (.rodata.dmp_memory)
                  000049e6    000005f0     oled_hardware_i2c.o (.rodata.asc2_1608)
                  00004fd6    00000228     oled_hardware_i2c.o (.rodata.asc2_0806)
                  000051fe    00000002     ti_msp_dl_config.o (.rodata.gI2C_MPU6050ClockConfig)
                  00005200    00000101     libc.a : aeabi_ctype.S.obj (.rodata:__aeabi_ctype_table_)
                  00005301    00000003     inv_mpu_dmp_motion_driver.o (.rodata..L__const.dmp_set_orientation.accel_axes)
                  00005304    00000028     inv_mpu.o (.rodata.test)
                  0000532c    0000001e     inv_mpu.o (.rodata.reg)
                  0000534a    00000018     inv_mpu.o (.rodata.cst8)
                  00005362    00000011     libc.a : _printfi.c.obj (.rodata.str1.10348868589481759720.1)
                  00005373    00000011            : _printfi.c.obj (.rodata.str1.15363888844622738466.1)
                  00005384    0000000d     main.o (.rodata.str1.15159059442110792349.1)
                  00005391    00000001     --HOLE-- [fill = 0]
                  00005392    0000000c     inv_mpu.o (.rodata.hw)
                  0000539e    00000007     main.o (.rodata.str1.288608917962107522.1)
                  000053a5    00000006     main.o (.rodata.str1.17100691992556644108.1)
                  000053ab    00000006     main.o (.rodata.str1.18227636981041470289.1)
                  000053b1    00000006     main.o (.rodata.str1.2846389346932560359.1)
                  000053b7    00000006     main.o (.rodata.str1.8154729771448623357.1)
                  000053bd    00000005     main.o (.rodata.str1.12180500075719773345.1)
                  000053c2    00000004     main.o (.rodata.str1.14112174005742061988.1)
                  000053c6    00000003     inv_mpu_dmp_motion_driver.o (.rodata..L__const.dmp_set_orientation.gyro_axes)
                  000053c9    00000002     ti_msp_dl_config.o (.rodata.gI2C_OLEDClockConfig)
                  000053cb    00000005     --HOLE-- [fill = 0]

.init_array 
*          0    00000000    00000000     UNINITIALIZED

.binit     0    00000000    00000000     

.bss       0    20200000    00000040     UNINITIALIZED
                  20200000    00000020     (.common:oled_buffer)
                  20200020    00000006     (.common:accel)
                  20200026    00000006     (.common:gyro)
                  2020002c    00000004     (.common:pitch)
                  20200030    00000004     (.common:roll)
                  20200034    00000004     (.common:start_time)
                  20200038    00000004     (.common:tick_ms)
                  2020003c    00000004     (.common:yaw)

.data      0    20200040    00000042     UNINITIALIZED
                  20200040    0000002c     inv_mpu.o (.data.st)
                  2020006c    00000004     libc.a : aeabi_portable.c.obj (.data.__aeabi_errno)
                  20200070    00000004     inv_mpu_dmp_motion_driver.o (.data.dmp.0)
                  20200074    00000004     inv_mpu_dmp_motion_driver.o (.data.dmp.1)
                  20200078    00000002     inv_mpu_dmp_motion_driver.o (.data.dmp.2)
                  2020007a    00000001     inv_mpu_dmp_motion_driver.o (.data.dmp.5)
                  2020007b    00000001     interrupt.o (.data.enable_group1_irq)
                  2020007c    00000002     inv_mpu_dmp_motion_driver.o (.data.dmp.3)
                  2020007e    00000002     --HOLE--
                  20200080    00000002     inv_mpu_dmp_motion_driver.o (.data.dmp.4)

.stack     0    20207e00    00000200     UNINITIALIZED
                  20207e00    00000004     libc.a : boot_cortex_m.c.obj (.stack)
                  20207e04    000001fc     --HOLE--

__llvm_prf_cnts 
*          0    20200000    00000000     UNINITIALIZED

__llvm_prf_bits 
*          0    20200000    00000000     UNINITIALIZED

MODULE SUMMARY

       Module                         code    ro data   rw data
       ------                         ----    -------   -------
    .\
       main.o                         432     53        32     
       ti_msp_dl_config.o             400     4         0      
       startup_mspm0g350x_ticlang.o   6       192       0      
    +--+------------------------------+-------+---------+---------+
       Total:                         838     249       32     
                                                               
    .\Drivers\MPU6050\
       inv_mpu_dmp_motion_driver.o    1388    3068      15     
       inv_mpu.o                      2804    106       44     
       mspm0_i2c.o                    784     0         0      
       mpu6050.o                      168     0         24     
    +--+------------------------------+-------+---------+---------+
       Total:                         5144    3174      83     
                                                               
    .\Drivers\MSPM0\
       clock.o                        132     0         8      
       interrupt.o                    52      0         1      
    +--+------------------------------+-------+---------+---------+
       Total:                         184     0         9      
                                                               
    .\Drivers\OLED_Hardware_I2C\
       oled_hardware_i2c.o            1354    2072      0      
    +--+------------------------------+-------+---------+---------+
       Total:                         1354    2072      0      
                                                               
    C:/ti/mspm0_sdk_2_05_01_00/source/ti/driverlib/lib/ticlang/m0p/mspm0g1x0x_g3x0x/driverlib.a
       dl_i2c.o                       192     0         0      
       dl_common.o                    10      0         0      
    +--+------------------------------+-------+---------+---------+
       Total:                         202     0         0      
                                                               
    C:\ti\ccs2020\ccs\tools\compiler\ti-cgt-armllvm_4.0.4.LTS\lib\armv6m-ti-none-eabi/c/libc.a
       _printfi.c.obj                 4510    34        0      
       aeabi_ctype.S.obj              0       257       0      
       s_scalbn.c.obj                 216     0         0      
       memcpy16.S.obj                 154     0         0      
       copy_decompress_lzss.c.obj     124     0         0      
       memset16.S.obj                 98      0         0      
       s_frexp.c.obj                  92      0         0      
       sprintf.c.obj                  90      0         0      
       _ltoa.c.obj                    88      0         0      
       atoi.c.obj                     64      0         0      
       autoinit.c.obj                 60      0         0      
       boot_cortex_m.c.obj            40      0         0      
       memccpy.c.obj                  34      0         0      
       copy_zero_init.c.obj           22      0         0      
       copy_decompress_none.c.obj     18      0         0      
       wcslen.c.obj                   16      0         0      
       aeabi_portable.c.obj           8       0         4      
       exit.c.obj                     6       0         0      
       pre_init.c.obj                 4       0         0      
    +--+------------------------------+-------+---------+---------+
       Total:                         5644    291       4      
                                                               
    C:\ti\ccs2020\ccs\tools\compiler\ti-cgt-armllvm_4.0.4.LTS\lib\armv6m-ti-none-eabi/c/libsysbm.a
       hostexit.c.obj                 4       0         0      
    +--+------------------------------+-------+---------+---------+
       Total:                         4       0         0      
                                                               
    C:\ti\ccs2020\ccs\tools\compiler\ti-cgt-armllvm_4.0.4.LTS\lib\armv6m-ti-none-eabi/libclang_rt.builtins.a
       adddf3.S.obj                   418     0         0      
       divdf3.S.obj                   268     0         0      
       muldf3.S.obj                   228     0         0      
       comparedf2.c.obj               220     0         0      
       udivmoddi4.S.obj               162     0         0      
       mulsf3.S.obj                   140     0         0      
       divsf3.S.obj                   130     0         0      
       aeabi_dcmp.S.obj               98      0         0      
       aeabi_idivmod.S.obj            86      0         0      
       fixdfsi.S.obj                  74      0         0      
       aeabi_uidivmod.S.obj           64      0         0      
       extendsfdf2.S.obj              64      0         0      
       muldsi3.S.obj                  58      0         0      
       fixsfsi.S.obj                  56      0         0      
       floatsidf.S.obj                44      0         0      
       floatunsisf.S.obj              40      0         0      
       muldi3.S.obj                   36      0         0      
       ashldi3.S.obj                  30      0         0      
       aeabi_uldivmod.S.obj           20      0         0      
       aeabi_memset.S.obj             14      0         0      
       aeabi_memcpy.S.obj             8       0         0      
       aeabi_div0.c.obj               4       0         0      
    +--+------------------------------+-------+---------+---------+
       Total:                         2262    0         0      
                                                               
       Stack:                         0       0         512    
       Linker Generated:              0       55        0      
    +--+------------------------------+-------+---------+---------+
       Grand Total:                   15632   5841      640    


LINKER GENERATED COPY TABLES

__TI_cinit_table @ 000053f8 records: 2, size/record: 8, table size: 16
	.data: load addr=000053d0, load size=00000013 bytes, run addr=20200040, run size=00000042 bytes, compression=lzss
	.bss: load addr=000053f0, load size=00000008 bytes, run addr=20200000, run size=00000040 bytes, compression=zero_init


LINKER GENERATED HANDLER TABLE

__TI_handler_table @ 000053e4 records: 3, size/record: 4, table size: 12
	index: 0, handler: __TI_decompress_lzss
	index: 1, handler: __TI_decompress_none
	index: 2, handler: __TI_zero_init


FAR CALL TRAMPOLINES

callee name               trampoline name
   callee addr  tramp addr   call addr  call info
--------------  -----------  ---------  ----------------
__aeabi_dsub              $Tramp$TT$L$PI$$__aeabi_dsub
   00001791     00003d9c     00003d9a   libc.a : _printfi.c.obj (.text.OUTLINED_FUNCTION_0)

[1 trampolines]
[1 trampoline calls]


GLOBAL SYMBOLS: SORTED ALPHABETICALLY BY Name 

address   name                           
-------   ----                           
00001923  ADC0_IRQHandler                
00001923  ADC1_IRQHandler                
00001923  AES_IRQHandler                 
00003dd6  C$$EXIT                        
00001923  CANFD0_IRQHandler              
00001923  DAC0_IRQHandler                
00003d89  DL_Common_delayCycles          
00003481  DL_I2C_fillControllerTXFIFO    
0000391d  DL_I2C_flushControllerTXFIFO   
00003b8d  DL_I2C_setClockConfig          
00001923  DMA_IRQHandler                 
00001923  Default_Handler                
00001923  GROUP0_IRQHandler              
00003d65  GROUP1_IRQHandler              
00003dd7  HOSTexit                       
00001923  HardFault_Handler              
00001923  I2C0_IRQHandler                
00001923  I2C1_IRQHandler                
00003c75  Interrupt_Init                 
00002cbd  MPU6050_Init                   
00001923  NMI_Handler                    
00000a91  OLED_Init                      
000028b1  OLED_ShowChar                  
000030b5  OLED_ShowString                
00001e4d  OLED_WR_Byte                   
00001923  PendSV_Handler                 
00001923  RTC_IRQHandler                 
00003ddb  Reset_Handler                  
00001923  SPI0_IRQHandler                
00001923  SPI1_IRQHandler                
00001923  SVC_Handler                    
00003741  SYSCFG_DL_GPIO_init            
00003645  SYSCFG_DL_I2C_MPU6050_init     
00003699  SYSCFG_DL_I2C_OLED_init        
000037dd  SYSCFG_DL_SYSCTL_init          
00003c8d  SYSCFG_DL_init                 
0000381d  SYSCFG_DL_initPower            
00003d29  SysTick_Handler                
000039d1  SysTick_Init                   
00001923  TIMA0_IRQHandler               
00001923  TIMA1_IRQHandler               
00001923  TIMG0_IRQHandler               
00001923  TIMG12_IRQHandler              
00001923  TIMG6_IRQHandler               
00001923  TIMG7_IRQHandler               
00001923  TIMG8_IRQHandler               
00001923  UART0_IRQHandler               
00001923  UART1_IRQHandler               
00001923  UART2_IRQHandler               
00001923  UART3_IRQHandler               
20208000  __STACK_END                    
00000200  __STACK_SIZE                   
00000000  __TI_ATRegion0_region_sz       
00000000  __TI_ATRegion0_src_addr        
00000000  __TI_ATRegion0_trg_addr        
00000000  __TI_ATRegion1_region_sz       
00000000  __TI_ATRegion1_src_addr        
00000000  __TI_ATRegion1_trg_addr        
00000000  __TI_ATRegion2_region_sz       
00000000  __TI_ATRegion2_src_addr        
00000000  __TI_ATRegion2_trg_addr        
000053f8  __TI_CINIT_Base                
00005408  __TI_CINIT_Limit               
00005408  __TI_CINIT_Warm                
000053e4  __TI_Handler_Table_Base        
000053f0  __TI_Handler_Table_Limit       
00003959  __TI_auto_init_nobinit_nopinit 
00003039  __TI_decompress_lzss           
00003d15  __TI_decompress_none           
0000353d  __TI_ltoa                      
ffffffff  __TI_pprof_out_hndl            
000000c1  __TI_printfi                   
ffffffff  __TI_prof_data_size            
ffffffff  __TI_prof_data_start           
00000000  __TI_static_base__             
00003cd5  __TI_zero_init_nomemset        
0000179b  __adddf3                       
00005200  __aeabi_ctype_table_           
00005200  __aeabi_ctype_table_C          
00003791  __aeabi_d2iz                   
0000179b  __aeabi_dadd                   
000033bd  __aeabi_dcmpeq                 
000033f9  __aeabi_dcmpge                 
0000340d  __aeabi_dcmpgt                 
000033e5  __aeabi_dcmple                 
000033d1  __aeabi_dcmplt                 
00002305  __aeabi_ddiv                   
000026e9  __aeabi_dmul                   
00001791  __aeabi_dsub                   
2020006c  __aeabi_errno                  
00003dc1  __aeabi_errno_addr             
0000389d  __aeabi_f2d                    
00003a09  __aeabi_f2iz                   
00002fb5  __aeabi_fdiv                   
00002e9d  __aeabi_fmul                   
00003b11  __aeabi_i2d                    
000035ed  __aeabi_idiv                   
00003037  __aeabi_idiv0                  
000035ed  __aeabi_idivmod                
0000312f  __aeabi_ldiv0                  
00003c1d  __aeabi_llsl                   
00003bb5  __aeabi_lmul                   
00003dc9  __aeabi_memcpy                 
00003dc9  __aeabi_memcpy4                
00003dc9  __aeabi_memcpy8                
00003d49  __aeabi_memset                 
00003d49  __aeabi_memset4                
00003d49  __aeabi_memset8                
00003b3d  __aeabi_ui2f                   
0000385d  __aeabi_uidiv                  
0000385d  __aeabi_uidivmod               
00003ced  __aeabi_uldivmod               
00003c1d  __ashldi3                      
ffffffff  __binit__                      
00003285  __cmpdf2                       
00002305  __divdf3                       
00002fb5  __divsf3                       
00003285  __eqdf2                        
0000389d  __extendsfdf2                  
00003791  __fixdfsi                      
00003a09  __fixsfsi                      
00003b11  __floatsidf                    
00003b3d  __floatunsisf                  
00003131  __gedf2                        
00003131  __gtdf2                        
00003285  __ledf2                        
00003285  __ltdf2                        
UNDEFED   __mpu_init                     
000026e9  __muldf3                       
00003bb5  __muldi3                       
00003995  __muldsi3                      
00002e9d  __mulsf3                       
00003285  __nedf2                        
20207e00  __stack                        
20200000  __start___llvm_prf_bits        
20200000  __start___llvm_prf_cnts        
20200000  __stop___llvm_prf_bits         
20200000  __stop___llvm_prf_cnts         
00001791  __subdf3                       
00002d61  __udivmoddi4                   
00003b65  _c_int00_noargs                
UNDEFED   _system_post_cinit             
00003ddf  _system_pre_init               
00003dd1  abort                          
20200020  accel                          
00004fd6  asc2_0806                      
000049e6  asc2_1608                      
000038dd  atoi                           
ffffffff  binit                          
00000d51  dmp_enable_feature             
00003c3d  dmp_load_motion_driver_firmware
00003d71  dmp_register_android_orient_cb 
00003d7d  dmp_register_tap_cb            
000032ed  dmp_set_fifo_rate              
000025fd  dmp_set_orientation            
00001f81  dmp_set_tap_thresh             
2020007b  enable_group1_irq              
000034e1  frexp                          
000034e1  frexpl                         
20200026  gyro                           
00005392  hw                             
00000000  interruptVectors               
00002a69  ldexp                          
00002a69  ldexpl                         
000015e1  main                           
00003bd9  memccpy                        
00002e03  memcpy                         
0000341f  memset                         
00002f29  mpu6050_i2c_sda_unlock         
00002c11  mpu_configure_fifo             
00003a79  mpu_get_accel_fsr              
00003bfd  mpu_get_gyro_fsr               
00003c59  mpu_get_sample_rate            
00002509  mpu_init                       
00001bc9  mpu_load_firmware              
00001221  mpu_lp_accel_mode              
00001a79  mpu_reset_fifo                 
00002411  mpu_set_bypass                 
00002b41  mpu_set_dmp_state              
000031a5  mpu_set_lpf                    
000027cd  mpu_set_sample_rate            
0000298d  mpu_set_sensors                
00003219  mpu_write_mem                  
00003aad  mspm0_delay_ms                 
00003cbd  mspm0_get_clock_ms             
00001925  mspm0_i2c_read                 
000020b5  mspm0_i2c_write                
20200000  oled_buffer                    
2020002c  pitch                          
0000532c  reg                            
20200030  roll                           
00002a69  scalbn                         
00002a69  scalbnl                        
00003a41  sprintf                        
20200034  start_time                     
00005304  test                           
20200038  tick_ms                        
00003d39  wcslen                         
2020003c  yaw                            


GLOBAL SYMBOLS: SORTED BY Symbol Address 

address   name                           
-------   ----                           
00000000  __TI_ATRegion0_region_sz       
00000000  __TI_ATRegion0_src_addr        
00000000  __TI_ATRegion0_trg_addr        
00000000  __TI_ATRegion1_region_sz       
00000000  __TI_ATRegion1_src_addr        
00000000  __TI_ATRegion1_trg_addr        
00000000  __TI_ATRegion2_region_sz       
00000000  __TI_ATRegion2_src_addr        
00000000  __TI_ATRegion2_trg_addr        
00000000  __TI_static_base__             
00000000  interruptVectors               
000000c1  __TI_printfi                   
00000200  __STACK_SIZE                   
00000a91  OLED_Init                      
00000d51  dmp_enable_feature             
00001221  mpu_lp_accel_mode              
000015e1  main                           
00001791  __aeabi_dsub                   
00001791  __subdf3                       
0000179b  __adddf3                       
0000179b  __aeabi_dadd                   
00001923  ADC0_IRQHandler                
00001923  ADC1_IRQHandler                
00001923  AES_IRQHandler                 
00001923  CANFD0_IRQHandler              
00001923  DAC0_IRQHandler                
00001923  DMA_IRQHandler                 
00001923  Default_Handler                
00001923  GROUP0_IRQHandler              
00001923  HardFault_Handler              
00001923  I2C0_IRQHandler                
00001923  I2C1_IRQHandler                
00001923  NMI_Handler                    
00001923  PendSV_Handler                 
00001923  RTC_IRQHandler                 
00001923  SPI0_IRQHandler                
00001923  SPI1_IRQHandler                
00001923  SVC_Handler                    
00001923  TIMA0_IRQHandler               
00001923  TIMA1_IRQHandler               
00001923  TIMG0_IRQHandler               
00001923  TIMG12_IRQHandler              
00001923  TIMG6_IRQHandler               
00001923  TIMG7_IRQHandler               
00001923  TIMG8_IRQHandler               
00001923  UART0_IRQHandler               
00001923  UART1_IRQHandler               
00001923  UART2_IRQHandler               
00001923  UART3_IRQHandler               
00001925  mspm0_i2c_read                 
00001a79  mpu_reset_fifo                 
00001bc9  mpu_load_firmware              
00001e4d  OLED_WR_Byte                   
00001f81  dmp_set_tap_thresh             
000020b5  mspm0_i2c_write                
00002305  __aeabi_ddiv                   
00002305  __divdf3                       
00002411  mpu_set_bypass                 
00002509  mpu_init                       
000025fd  dmp_set_orientation            
000026e9  __aeabi_dmul                   
000026e9  __muldf3                       
000027cd  mpu_set_sample_rate            
000028b1  OLED_ShowChar                  
0000298d  mpu_set_sensors                
00002a69  ldexp                          
00002a69  ldexpl                         
00002a69  scalbn                         
00002a69  scalbnl                        
00002b41  mpu_set_dmp_state              
00002c11  mpu_configure_fifo             
00002cbd  MPU6050_Init                   
00002d61  __udivmoddi4                   
00002e03  memcpy                         
00002e9d  __aeabi_fmul                   
00002e9d  __mulsf3                       
00002f29  mpu6050_i2c_sda_unlock         
00002fb5  __aeabi_fdiv                   
00002fb5  __divsf3                       
00003037  __aeabi_idiv0                  
00003039  __TI_decompress_lzss           
000030b5  OLED_ShowString                
0000312f  __aeabi_ldiv0                  
00003131  __gedf2                        
00003131  __gtdf2                        
000031a5  mpu_set_lpf                    
00003219  mpu_write_mem                  
00003285  __cmpdf2                       
00003285  __eqdf2                        
00003285  __ledf2                        
00003285  __ltdf2                        
00003285  __nedf2                        
000032ed  dmp_set_fifo_rate              
000033bd  __aeabi_dcmpeq                 
000033d1  __aeabi_dcmplt                 
000033e5  __aeabi_dcmple                 
000033f9  __aeabi_dcmpge                 
0000340d  __aeabi_dcmpgt                 
0000341f  memset                         
00003481  DL_I2C_fillControllerTXFIFO    
000034e1  frexp                          
000034e1  frexpl                         
0000353d  __TI_ltoa                      
000035ed  __aeabi_idiv                   
000035ed  __aeabi_idivmod                
00003645  SYSCFG_DL_I2C_MPU6050_init     
00003699  SYSCFG_DL_I2C_OLED_init        
00003741  SYSCFG_DL_GPIO_init            
00003791  __aeabi_d2iz                   
00003791  __fixdfsi                      
000037dd  SYSCFG_DL_SYSCTL_init          
0000381d  SYSCFG_DL_initPower            
0000385d  __aeabi_uidiv                  
0000385d  __aeabi_uidivmod               
0000389d  __aeabi_f2d                    
0000389d  __extendsfdf2                  
000038dd  atoi                           
0000391d  DL_I2C_flushControllerTXFIFO   
00003959  __TI_auto_init_nobinit_nopinit 
00003995  __muldsi3                      
000039d1  SysTick_Init                   
00003a09  __aeabi_f2iz                   
00003a09  __fixsfsi                      
00003a41  sprintf                        
00003a79  mpu_get_accel_fsr              
00003aad  mspm0_delay_ms                 
00003b11  __aeabi_i2d                    
00003b11  __floatsidf                    
00003b3d  __aeabi_ui2f                   
00003b3d  __floatunsisf                  
00003b65  _c_int00_noargs                
00003b8d  DL_I2C_setClockConfig          
00003bb5  __aeabi_lmul                   
00003bb5  __muldi3                       
00003bd9  memccpy                        
00003bfd  mpu_get_gyro_fsr               
00003c1d  __aeabi_llsl                   
00003c1d  __ashldi3                      
00003c3d  dmp_load_motion_driver_firmware
00003c59  mpu_get_sample_rate            
00003c75  Interrupt_Init                 
00003c8d  SYSCFG_DL_init                 
00003cbd  mspm0_get_clock_ms             
00003cd5  __TI_zero_init_nomemset        
00003ced  __aeabi_uldivmod               
00003d15  __TI_decompress_none           
00003d29  SysTick_Handler                
00003d39  wcslen                         
00003d49  __aeabi_memset                 
00003d49  __aeabi_memset4                
00003d49  __aeabi_memset8                
00003d65  GROUP1_IRQHandler              
00003d71  dmp_register_android_orient_cb 
00003d7d  dmp_register_tap_cb            
00003d89  DL_Common_delayCycles          
00003dc1  __aeabi_errno_addr             
00003dc9  __aeabi_memcpy                 
00003dc9  __aeabi_memcpy4                
00003dc9  __aeabi_memcpy8                
00003dd1  abort                          
00003dd6  C$$EXIT                        
00003dd7  HOSTexit                       
00003ddb  Reset_Handler                  
00003ddf  _system_pre_init               
000049e6  asc2_1608                      
00004fd6  asc2_0806                      
00005200  __aeabi_ctype_table_           
00005200  __aeabi_ctype_table_C          
00005304  test                           
0000532c  reg                            
00005392  hw                             
000053e4  __TI_Handler_Table_Base        
000053f0  __TI_Handler_Table_Limit       
000053f8  __TI_CINIT_Base                
00005408  __TI_CINIT_Limit               
00005408  __TI_CINIT_Warm                
20200000  __start___llvm_prf_bits        
20200000  __start___llvm_prf_cnts        
20200000  __stop___llvm_prf_bits         
20200000  __stop___llvm_prf_cnts         
20200000  oled_buffer                    
20200020  accel                          
20200026  gyro                           
2020002c  pitch                          
20200030  roll                           
20200034  start_time                     
20200038  tick_ms                        
2020003c  yaw                            
2020006c  __aeabi_errno                  
2020007b  enable_group1_irq              
20207e00  __stack                        
20208000  __STACK_END                    
ffffffff  __TI_pprof_out_hndl            
ffffffff  __TI_prof_data_size            
ffffffff  __TI_prof_data_start           
ffffffff  __binit__                      
ffffffff  binit                          
UNDEFED   __mpu_init                     
UNDEFED   _system_post_cinit             

[199 symbols]
